
 Start         Length     Name                   Class
 0001:00000000 0007826CH .text                   CODE
 0002:00000000 000013CCH .data                   DATA
 0002:000013CC 00000C35H .bss                    BSS


Detailed map of segments

 0001:00000000 0000558F C=CODE     S=.text    G=(none)   M=System   ACBP=A9
 0001:00005590 00000140 C=CODE     S=.text    G=(none)   M=SysInit  ACBP=A9
 0001:000056D0 00000090 C=CODE     S=.text    G=(none)   M=Types    ACBP=A9
 0001:00005760 00000D34 C=CODE     S=.text    G=(none)   M=Windows  ACBP=A9
 0001:00006494 00000038 C=CODE     S=.text    G=(none)   M=Messages ACBP=A9
 0001:000064CC 00000310 C=CODE     S=.text    G=(none)   M=SysConst ACBP=A9
 0001:000067DC 000066B8 C=CODE     S=.text    G=(none)   M=SysUtils ACBP=A9
 0001:0000CE94 000007FB C=CODE     S=.text    G=(none)   M=VarUtils ACBP=A9
 0001:0000D690 00002A42 C=CODE     S=.text    G=(none)   M=Variants ACBP=A9
 0001:000100D4 00000150 C=CODE     S=.text    G=(none)   M=RTLConsts ACBP=A9
 0001:00010224 000007E8 C=CODE     S=.text    G=(none)   M=TypInfo  ACBP=A9
 0001:00010A0C 00000038 C=CODE     S=.text    G=(none)   M=ActiveX  ACBP=A9
 0001:00010A44 0000984E C=CODE     S=.text    G=(none)   M=Classes  ACBP=A9
 0001:0001A294 00000310 C=CODE     S=.text    G=(none)   M=Consts   ACBP=A9
 0001:0001A5A4 0000915F C=CODE     S=.text    G=(none)   M=Graphics ACBP=A9
 0001:00023704 00000098 C=CODE     S=.text    G=(none)   M=Math     ACBP=A9
 0001:0002379C 000002B8 C=CODE     S=.text    G=(none)   M=Contnrs  ACBP=A9
 0001:00023A54 00000198 C=CODE     S=.text    G=(none)   M=CommCtrl ACBP=A9
 0001:00023BEC 00000787 C=CODE     S=.text    G=(none)   M=MultiMon ACBP=A9
 0001:00024374 00000038 C=CODE     S=.text    G=(none)   M=Imm      ACBP=A9
 0001:000243AC 00000FF8 C=CODE     S=.text    G=(none)   M=HelpIntfs ACBP=A9
 0001:000253A4 00000038 C=CODE     S=.text    G=(none)   M=WinSpool ACBP=A9
 0001:000253DC 00000044 C=CODE     S=.text    G=(none)   M=Printers ACBP=A9
 0001:00025420 0000031F C=CODE     S=.text    G=(none)   M=FlatSB   ACBP=A9
 0001:00025740 000001A4 C=CODE     S=.text    G=(none)   M=SyncObjs ACBP=A9
 0001:000258E4 000009BB C=CODE     S=.text    G=(none)   M=UxTheme  ACBP=A9
 0001:000262A0 00000038 C=CODE     S=.text    G=(none)   M=RichEdit ACBP=A9
 0001:000262D8 00000038 C=CODE     S=.text    G=(none)   M=ToolWin  ACBP=A9
 0001:00026310 00000038 C=CODE     S=.text    G=(none)   M=ShellAPI ACBP=A9
 0001:00026348 00000038 C=CODE     S=.text    G=(none)   M=RegStr   ACBP=A9
 0001:00026380 00000038 C=CODE     S=.text    G=(none)   M=WinInet  ACBP=A9
 0001:000263B8 00000038 C=CODE     S=.text    G=(none)   M=UrlMon   ACBP=A9
 0001:000263F0 0000006C C=CODE     S=.text    G=(none)   M=ShlObj   ACBP=A9
 0001:0002645C 00000040 C=CODE     S=.text    G=(none)   M=CommDlg  ACBP=A9
 0001:0002649C 00000038 C=CODE     S=.text    G=(none)   M=Dlgs     ACBP=A9
 0001:000264D4 000016A9 C=CODE     S=.text    G=(none)   M=Dialogs  ACBP=A9
 0001:00027B80 0000187E C=CODE     S=.text    G=(none)   M=ExtCtrls ACBP=A9
 0001:00029400 00000078 C=CODE     S=.text    G=(none)   M=ComStrs  ACBP=A9
 0001:00029478 0000069C C=CODE     S=.text    G=(none)   M=Clipbrd  ACBP=A9
 0001:00029B14 00000038 C=CODE     S=.text    G=(none)   M=StrUtils ACBP=A9
 0001:00029B4C 00003821 C=CODE     S=.text    G=(none)   M=Buttons  ACBP=A9
 0001:0002D370 00000038 C=CODE     S=.text    G=(none)   M=ExtDlgs  ACBP=A9
 0001:0002D3A8 00000068 C=CODE     S=.text    G=(none)   M=IniFiles ACBP=A9
 0001:0002D410 00000068 C=CODE     S=.text    G=(none)   M=Registry ACBP=A9
 0001:0002D478 0000006C C=CODE     S=.text    G=(none)   M=Mapi     ACBP=A9
 0001:0002D4E4 00000058 C=CODE     S=.text    G=(none)   M=ExtActns ACBP=A9
 0001:0002D53C 00000038 C=CODE     S=.text    G=(none)   M=ListActns ACBP=A9
 0001:0002D574 0000453C C=CODE     S=.text    G=(none)   M=ComCtrls ACBP=A9
 0001:00031AB0 00000CDC C=CODE     S=.text    G=(none)   M=Themes   ACBP=A9
 0001:0003278C 000047D8 C=CODE     S=.text    G=(none)   M=StdCtrls ACBP=A9
 0001:00036F64 00000168 C=CODE     S=.text    G=(none)   M=StdActns ACBP=A9
 0001:000370CC 00000D1F C=CODE     S=.text    G=(none)   M=WinHelpViewer ACBP=A9
 0001:00037DEC 00010F0B C=CODE     S=.text    G=(none)   M=Controls ACBP=A9
 0001:00048CF8 00001292 C=CODE     S=.text    G=(none)   M=ActnList ACBP=A9
 0001:00049F8C 00001B9C C=CODE     S=.text    G=(none)   M=ImgList  ACBP=A9
 0001:0004BB28 00006639 C=CODE     S=.text    G=(none)   M=Menus    ACBP=A9
 0001:00052164 0000C498 C=CODE     S=.text    G=(none)   M=Forms    ACBP=A9
 0001:0005E5FC 00000920 C=CODE     S=.text    G=(none)   M=BoardViewerUnit ACBP=A9
 0001:0005EF1C 0000041C C=CODE     S=.text    G=(none)   M=BasicImpulse ACBP=A9
 0001:0005F338 00001FD8 C=CODE     S=.text    G=(none)   M=ImpulseSquareAndPiece ACBP=A9
 0001:00061310 00000A18 C=CODE     S=.text    G=(none)   M=MaskUtils ACBP=A9
 0001:00061D28 00002108 C=CODE     S=.text    G=(none)   M=Mask     ACBP=A9
 0001:00063E30 0000924C C=CODE     S=.text    G=(none)   M=Grids    ACBP=A9
 0001:0006D07C 00001BFC C=CODE     S=.text    G=(none)   M=Spin     ACBP=A9
 0001:0006EC78 00001D68 C=CODE     S=.text    G=(none)   M=MainUnit ACBP=A9
 0001:000709E0 00000D18 C=CODE     S=.text    G=(none)   M=ImpulseConsiderations ACBP=A9
 0001:000716F8 00000980 C=CODE     S=.text    G=(none)   M=SlipnetUnit ACBP=A9
 0001:00072078 00000884 C=CODE     S=.text    G=(none)   M=SpecialFunctions ACBP=A9
 0001:000728FC 00000038 C=CODE     S=.text    G=(none)   M=Insert_Delete_Move_Impulses ACBP=A9
 0001:00072934 00000658 C=CODE     S=.text    G=(none)   M=WorkingMemoryUnit ACBP=A9
 0001:00072F8C 00003A90 C=CODE     S=.text    G=(none)   M=ExternalMemoryUnit ACBP=A9
 0001:00076A1C 00001524 C=CODE     S=.text    G=(none)   M=AbstractImpulses ACBP=A9
 0001:00077F40 00000038 C=CODE     S=.text    G=(none)   M=AssociationUnit ACBP=A9
 0001:00077F78 000002F4 C=CODE     S=.text    G=(none)   M=Fluid_Chess_Project ACBP=A9
 0002:00000000 000000D0 C=DATA     S=.data    G=DGROUP   M=System   ACBP=A9
 0002:000000D0 00000020 C=DATA     S=.data    G=DGROUP   M=SysInit  ACBP=A9
 0002:000000F0 00000254 C=DATA     S=.data    G=DGROUP   M=SysUtils ACBP=A9
 0002:00000344 00000008 C=DATA     S=.data    G=DGROUP   M=VarUtils ACBP=A9
 0002:0000034C 0000008E C=DATA     S=.data    G=DGROUP   M=Variants ACBP=A9
 0002:000003DC 0000000C C=DATA     S=.data    G=DGROUP   M=TypInfo  ACBP=A9
 0002:000003E8 00000064 C=DATA     S=.data    G=DGROUP   M=Classes  ACBP=A9
 0002:0000044C 00000308 C=DATA     S=.data    G=DGROUP   M=Graphics ACBP=A9
 0002:00000754 00000004 C=DATA     S=.data    G=DGROUP   M=Printers ACBP=A9
 0002:00000758 000000D4 C=DATA     S=.data    G=DGROUP   M=Dialogs  ACBP=A9
 0002:0000082C 00000178 C=DATA     S=.data    G=DGROUP   M=ExtCtrls ACBP=A9
 0002:000009A4 0000009E C=DATA     S=.data    G=DGROUP   M=Buttons  ACBP=A9
 0002:00000A44 00000008 C=DATA     S=.data    G=DGROUP   M=IniFiles ACBP=A9
 0002:00000A4C 00000008 C=DATA     S=.data    G=DGROUP   M=Registry ACBP=A9
 0002:00000A54 00000008 C=DATA     S=.data    G=DGROUP   M=Mapi     ACBP=A9
 0002:00000A5C 00000064 C=DATA     S=.data    G=DGROUP   M=ComCtrls ACBP=A9
 0002:00000AC0 00000068 C=DATA     S=.data    G=DGROUP   M=Themes   ACBP=A9
 0002:00000B28 00000090 C=DATA     S=.data    G=DGROUP   M=StdCtrls ACBP=A9
 0002:00000BB8 0000013C C=DATA     S=.data    G=DGROUP   M=Controls ACBP=A9
 0002:00000CF4 00000020 C=DATA     S=.data    G=DGROUP   M=ImgList  ACBP=A9
 0002:00000D14 000000EC C=DATA     S=.data    G=DGROUP   M=Menus    ACBP=A9
 0002:00000E00 0000011C C=DATA     S=.data    G=DGROUP   M=Forms    ACBP=A9
 0002:00000F1C 00000009 C=DATA     S=.data    G=DGROUP   M=MaskUtils ACBP=A9
 0002:00000F28 00000004 C=DATA     S=.data    G=DGROUP   M=Mask     ACBP=A9
 0002:00000F2C 00000006 C=DATA     S=.data    G=DGROUP   M=Grids    ACBP=A9
 0002:00002000 00000660 C=BSS      S=.bss     G=DGROUP   M=System   ACBP=A9
 0002:00002660 00000010 C=BSS      S=.bss     G=DGROUP   M=SysInit  ACBP=A9
 0002:00002670 00000004 C=BSS      S=.bss     G=DGROUP   M=Types    ACBP=A9
 0002:00002674 00000004 C=BSS      S=.bss     G=DGROUP   M=Windows  ACBP=A9
 0002:00002678 00000004 C=BSS      S=.bss     G=DGROUP   M=Messages ACBP=A9
 0002:0000267C 00000004 C=BSS      S=.bss     G=DGROUP   M=SysConst ACBP=A9
 0002:00002680 00000120 C=BSS      S=.bss     G=DGROUP   M=SysUtils ACBP=A9
 0002:000027A0 0000005C C=BSS      S=.bss     G=DGROUP   M=VarUtils ACBP=A9
 0002:000027FC 00000040 C=BSS      S=.bss     G=DGROUP   M=Variants ACBP=A9
 0002:0000283C 00000004 C=BSS      S=.bss     G=DGROUP   M=RTLConsts ACBP=A9
 0002:00002840 00000004 C=BSS      S=.bss     G=DGROUP   M=TypInfo  ACBP=A9
 0002:00002844 00000004 C=BSS      S=.bss     G=DGROUP   M=ActiveX  ACBP=A9
 0002:00002848 00000040 C=BSS      S=.bss     G=DGROUP   M=Classes  ACBP=A9
 0002:00002888 00000004 C=BSS      S=.bss     G=DGROUP   M=Consts   ACBP=A9
 0002:0000288C 00000060 C=BSS      S=.bss     G=DGROUP   M=Graphics ACBP=A9
 0002:000028EC 00000004 C=BSS      S=.bss     G=DGROUP   M=Math     ACBP=A9
 0002:000028F0 00000004 C=BSS      S=.bss     G=DGROUP   M=Contnrs  ACBP=A9
 0002:000028F4 0000000C C=BSS      S=.bss     G=DGROUP   M=CommCtrl ACBP=A9
 0002:00002900 00000031 C=BSS      S=.bss     G=DGROUP   M=MultiMon ACBP=A9
 0002:00002934 00000004 C=BSS      S=.bss     G=DGROUP   M=Imm      ACBP=A9
 0002:00002938 00000008 C=BSS      S=.bss     G=DGROUP   M=HelpIntfs ACBP=A9
 0002:00002940 00000004 C=BSS      S=.bss     G=DGROUP   M=WinSpool ACBP=A9
 0002:00002944 00000004 C=BSS      S=.bss     G=DGROUP   M=Printers ACBP=A9
 0002:00002948 00000034 C=BSS      S=.bss     G=DGROUP   M=FlatSB   ACBP=A9
 0002:0000297C 00000004 C=BSS      S=.bss     G=DGROUP   M=SyncObjs ACBP=A9
 0002:00002980 000000CC C=BSS      S=.bss     G=DGROUP   M=UxTheme  ACBP=A9
 0002:00002A4C 00000004 C=BSS      S=.bss     G=DGROUP   M=RichEdit ACBP=A9
 0002:00002A50 00000004 C=BSS      S=.bss     G=DGROUP   M=ToolWin  ACBP=A9
 0002:00002A54 00000004 C=BSS      S=.bss     G=DGROUP   M=ShellAPI ACBP=A9
 0002:00002A58 00000004 C=BSS      S=.bss     G=DGROUP   M=RegStr   ACBP=A9
 0002:00002A5C 00000004 C=BSS      S=.bss     G=DGROUP   M=WinInet  ACBP=A9
 0002:00002A60 00000004 C=BSS      S=.bss     G=DGROUP   M=UrlMon   ACBP=A9
 0002:00002A64 00000004 C=BSS      S=.bss     G=DGROUP   M=ShlObj   ACBP=A9
 0002:00002A68 00000004 C=BSS      S=.bss     G=DGROUP   M=CommDlg  ACBP=A9
 0002:00002A6C 00000004 C=BSS      S=.bss     G=DGROUP   M=Dlgs     ACBP=A9
 0002:00002A70 0000000C C=BSS      S=.bss     G=DGROUP   M=Dialogs  ACBP=A9
 0002:00002A7C 00000004 C=BSS      S=.bss     G=DGROUP   M=ExtCtrls ACBP=A9
 0002:00002A80 00000004 C=BSS      S=.bss     G=DGROUP   M=ComStrs  ACBP=A9
 0002:00002A84 0000000C C=BSS      S=.bss     G=DGROUP   M=Clipbrd  ACBP=A9
 0002:00002A90 00000004 C=BSS      S=.bss     G=DGROUP   M=StrUtils ACBP=A9
 0002:00002A94 00000030 C=BSS      S=.bss     G=DGROUP   M=Buttons  ACBP=A9
 0002:00002AC4 00000004 C=BSS      S=.bss     G=DGROUP   M=ExtDlgs  ACBP=A9
 0002:00002AC8 00000004 C=BSS      S=.bss     G=DGROUP   M=IniFiles ACBP=A9
 0002:00002ACC 00000004 C=BSS      S=.bss     G=DGROUP   M=Registry ACBP=A9
 0002:00002AD0 00000004 C=BSS      S=.bss     G=DGROUP   M=Mapi     ACBP=A9
 0002:00002AD4 00000009 C=BSS      S=.bss     G=DGROUP   M=ExtActns ACBP=A9
 0002:00002AE0 00000004 C=BSS      S=.bss     G=DGROUP   M=ListActns ACBP=A9
 0002:00002AE4 00000010 C=BSS      S=.bss     G=DGROUP   M=ComCtrls ACBP=A9
 0002:00002AF4 00000008 C=BSS      S=.bss     G=DGROUP   M=Themes   ACBP=A9
 0002:00002AFC 00000004 C=BSS      S=.bss     G=DGROUP   M=StdCtrls ACBP=A9
 0002:00002B00 00000004 C=BSS      S=.bss     G=DGROUP   M=StdActns ACBP=A9
 0002:00002B04 00000014 C=BSS      S=.bss     G=DGROUP   M=WinHelpViewer ACBP=A9
 0002:00002B18 00000080 C=BSS      S=.bss     G=DGROUP   M=Controls ACBP=A9
 0002:00002B98 00000004 C=BSS      S=.bss     G=DGROUP   M=ActnList ACBP=A9
 0002:00002B9C 0000000C C=BSS      S=.bss     G=DGROUP   M=ImgList  ACBP=A9
 0002:00002BA8 00000010 C=BSS      S=.bss     G=DGROUP   M=Menus    ACBP=A9
 0002:00002BB8 00000020 C=BSS      S=.bss     G=DGROUP   M=Forms    ACBP=A9
 0002:00002BD8 00000008 C=BSS      S=.bss     G=DGROUP   M=BoardViewerUnit ACBP=A9
 0002:00002BE0 00000008 C=BSS      S=.bss     G=DGROUP   M=BasicImpulse ACBP=A9
 0002:00002BE8 00000004 C=BSS      S=.bss     G=DGROUP   M=ImpulseSquareAndPiece ACBP=A9
 0002:00002BEC 00000004 C=BSS      S=.bss     G=DGROUP   M=MaskUtils ACBP=A9
 0002:00002BF0 00000004 C=BSS      S=.bss     G=DGROUP   M=Mask     ACBP=A9
 0002:00002BF4 00000004 C=BSS      S=.bss     G=DGROUP   M=Grids    ACBP=A9
 0002:00002BF8 00000004 C=BSS      S=.bss     G=DGROUP   M=Spin     ACBP=A9
 0002:00002BFC 00000010 C=BSS      S=.bss     G=DGROUP   M=MainUnit ACBP=A9
 0002:00002C0C 00000004 C=BSS      S=.bss     G=DGROUP   M=ImpulseConsiderations ACBP=A9
 0002:00002C10 00000004 C=BSS      S=.bss     G=DGROUP   M=SlipnetUnit ACBP=A9
 0002:00002C14 00000004 C=BSS      S=.bss     G=DGROUP   M=SpecialFunctions ACBP=A9
 0002:00002C18 00000004 C=BSS      S=.bss     G=DGROUP   M=Insert_Delete_Move_Impulses ACBP=A9
 0002:00002C1C 00000008 C=BSS      S=.bss     G=DGROUP   M=WorkingMemoryUnit ACBP=A9
 0002:00002C24 00000008 C=BSS      S=.bss     G=DGROUP   M=ExternalMemoryUnit ACBP=A9
 0002:00002C2C 00000004 C=BSS      S=.bss     G=DGROUP   M=AbstractImpulses ACBP=A9
 0002:00002C30 00000004 C=BSS      S=.bss     G=DGROUP   M=AssociationUnit ACBP=A9


  Address         Publics by Name

 0002:00002C18       .1
 0002:00002968       .1
 0002:00002B0C       .1
 0002:00002A90       .1
 0002:00002A80       .1
 0002:00002678       .1
 0002:00002A6C       .1
 0002:00002A68       .1
 0002:00002A64       .1
 0002:0000283C       .1
 0002:00002A60       .1
 0002:00002A5C       .1
 0002:00002C30       .1
 0002:00002888       .1
 0002:00002A58       .1
 0002:000028F4       .1
 0002:00002A54       .1
 0002:00002920       .1
 0002:00002AD0       .1
 0002:00002A4C       .1
 0002:00002934       .1
 0002:00002668       .1
 0002:00002A3C       .1
 0002:00002C14       .1
 0002:00002670       .1
 0002:0000267C       .1
 0002:00002C28       .11
 0002:00002A70       .11
 0002:00002BF4       .11
 0002:00002890       .12
 0002:00002A7C       .12
 0002:00002AF4       .2
 0002:00002A88       .2
 0002:000028EC       .2
 0002:00002938       .2
 0002:00002BEC       .2
 0002:00002C20       .2
 0002:000028F0       .21
 0002:00002944       .3
 0002:00002C08       .3
 0002:00002B9C       .3
 0002:00002AC4       .3
 0002:00002844       .3
 0002:00002940       .3
 0002:00002674       .3
 0002:00002790       .35
 0002:00002AE4       .36
 0002:00002A94       .4
 0002:00002BDC       .4
 0002:00002A50       .4
 0002:00002BE8       .41
 0002:00002BC0       .41
 0002:00002AFC       .42
 0002:00002854       .45
 0002:00002BF0       .5
 0002:000027F8       .5
 0002:00002ACC       .5
 0002:000025B8       .5
 0002:00002BF8       .5
 0002:00002840       .6
 0002:0000297C       .6
 0002:00002C10       .7
 0002:00002BE4       .7
 0002:00002C0C       .7
 0002:00002AD4       .72
 0002:00002B20       .72
 0002:00002B00       .73
 0002:00002B98       .8
 0002:00002AC8       .8
 0002:00002C2C       .8
 0002:00002AE0       .8
 0002:0000281C       .81
 0002:00002BB0       .9
 0001:000019C4       @AbstractError
 0001:00002E98       @AfterConstruction
 0001:00002CCC       @AsClass
 0001:00001C9C       @Assign
 0001:00001E8C       @AStrCmp
 0001:00002EA8       @BeforeDestruction
 0001:00002A54       @BoundErr
 0001:00002D18       @CallDynaInst
 0001:00002E40       @ClassCreate
 0001:00002E90       @ClassDestroy
 0001:00001D58       @Close
 0001:000018AC       @Copy
 0001:00004520       @CopyArray
 0001:00004404       @CopyRecord
 0001:00001974       @COS
 0001:00004638       @DispCallByIDError
 0001:0000E130       @DispInvokeError
 0001:00004628       @Dispose
 0001:00003324       @DoneExcept
 0001:00004868       @DynArrayAsg
 0001:0000482C       @DynArrayClear
 0001:0000466C       @DynArrayHigh
 0001:00004664       @DynArrayLength
 0001:00004820       @DynArraySetLength
 0001:000023F0       @EmitDigits
 0001:0000340C       @ExceptionHandler
 0001:00002060       @FillChar
 0001:000043E0       @Finalize
 0001:000042F4       @FinalizeArray
 0001:000042A8       @FinalizeRecord
 0001:00002D30       @FindDynaInst
 0001:00002A48       @FpuInit
 0001:00002984       @FpuMaskInit
 0001:00001734       @FreeMem
 0001:00001EFC       @FSafeDivide
 0001:00001714       @GetMem
 0001:00005608       @GetTls
 0001:00003854       @Halt
 0001:0000377C       @Halt0
 0001:00002FBC       @HandleAnyException
 0001:00003270       @HandleFinally
 0001:000030E8       @HandleOnException
 0001:00005654       @InitExe
 0001:0000429C       @Initialize
 0001:00004208       @InitializeArray
 0001:000041D8       @InitializeRecord
 0001:00003640       @InitImports
 0001:00003618       @InitResStringImports
 0001:000035F4       @InitResStrings
 0001:00004F4C       @IntfAddRef
 0001:00004F1C       @IntfCast
 0001:00004ED8       @IntfClear
 0001:00004EF0       @IntfCopy
 0001:00002A5C       @IntOver
 0001:00002CA8       @IsClass
 0001:00002954       @isNECWindows
 0001:00003D1C       @LStrAddRef
 0001:00003890       @LStrArrayClr
 0001:000038C0       @LStrAsg
 0001:00003B34       @LStrCat
 0001:00003B78       @LStrCat3
 0001:00003BEC       @LStrCatN
 0001:0000386C       @LStrClr
 0001:00003C78       @LStrCmp
 0001:00003D8C       @LStrCopy
 0001:00003DCC       @LStrDelete
 0001:00003ADC       @LStrFromArray
 0001:00003A54       @LStrFromChar
 0001:00003A64       @LStrFromPChar
 0001:0000395C       @LStrFromPCharLen
 0001:00003A94       @LStrFromPWChar
 0001:000039C8       @LStrFromPWCharLen
 0001:00003AD0       @LStrFromString
 0001:00003AF4       @LStrFromWStr
 0001:00003E14       @LStrInsert
 0001:00003904       @LStrLAsg
 0001:00003B2C       @LStrLen
 0001:00003E70       @LStrPos
 0001:00003EB8       @LStrSetLength
 0001:00003D2C       @LStrToPChar
 0001:00003B08       @LStrToString
 0001:00004614       @New
 0001:00003930       @NewAnsiString
 0001:00003F24       @NewWideString
 0001:00002668       @Pow10
 0001:00001E08       @PStrCmp
 0001:00001DE0       @PStrCpy
 0001:00001DB0       @PStrNCat
 0001:00001DEC       @PStrNCpy
 0001:000032D0       @RaiseAgain
 0001:000032A8       @RaiseExcept
 0001:00002080       @RandInt
 0001:000020D8       @ReadChar
 0001:0000223C       @ReadLn
 0001:000021D0       @ReadLString
 0001:000021C4       @ReadString
 0001:00001754       @ReallocMem
 0001:00001A38       @ResetText
 0001:00001994       @ROUND
 0001:00003860       @RunError
 0001:00002460       @ScaleExt
 0001:000023DC       @SetEq
 0001:00001984       @SIN
 0001:000035B4       @StartExe
 0001:000022CC       @Str0Long
 0001:000024A4       @Str2Ext
 0001:000002F4       @strlen
 0001:0000226C       @StrLong
 0001:000019A0       @TRUNC
 0001:00003354       @TryFinallyExit
 0001:00003D84       @UniqueStringA
 0001:000022D8       @ValLong
 0001:0000F828       @VarAddRef
 0001:0000E41C       @VarClear
 0001:000042DC       @VarClr
 0001:0000E430       @VarClr
 0001:0000E744       @VarCopy
 0001:000043EC       @VarCopy
 0001:0000F760       @VarFromBool
 0001:0000F7B0       @VarFromCurr
 0001:0000F6F8       @VarFromInt
 0001:0000F734       @VarFromInt64
 0001:0000F7C4       @VarFromLStr
 0001:0000F788       @VarFromReal
 0001:0000F79C       @VarFromTDateTime
 0001:0000F7F0       @VarFromWStr
 0001:0000E184       @VarNull
 0001:0000EA70       @VarToLStr
 0001:0000F198       @VarToWStr
 0001:00003F64       @WStrArrayClr
 0001:00003F88       @WStrAsg
 0001:00003F4C       @WStrClr
 0001:000040C4       @WStrCmp
 0001:00004148       @WStrCopy
 0001:00004098       @WStrFromLStr
 0001:00003FAC       @WStrFromPCharLen
 0001:0000405C       @WStrFromPWChar
 0001:00004038       @WStrFromPWCharLen
 0001:000040B8       @WStrLen
 0001:00004194       @WStrSetLength
 0001:000040A8       @WStrToPWChar
 0001:000023B8       @_CLenToPasStr
 0001:000023AC       @_CToPasStr
 0001:0000187C       @_IOTest
 0001:00004640       @_llmul
 0001:0003AC78       AbsMin
 0001:0000B1F4       AbstractErrorHandler
 0002:00002028       AbstractErrorProc
 0001:00077F38       AbstractImpulses
 0002:00000174       AccessMode
 0001:000017E4       AcquireExceptionObject
 0001:00012DC8       ActivateClassGroup
 0001:00005C94       ActivateKeyboardLayout
 0002:00002B54       ActiveDrag
 0001:00010A3C       ActiveX
 0001:00049F60       ActnList
 0001:00000420       AddBlockAfter
 0002:000003E8       AddDataModule
 0001:00007414       AddExitProc
 0001:00015F24       AddFinished
 0001:0004D75C       AddIn
 0001:00004D6C       AddModuleUnloadProc
 0001:00004D7C       AddModuleUnloadProc
 0001:00015F5C       AddNotFinished
 0001:00016980       AddSubComponentsToLoaded
 0001:0001E1F0       AdjustColor
 0001:000076EC       AdjustLineBreaks
 0001:0005476C       Adjustment
 0001:00005C9C       AdjustWindowRectEx
 0002:00000BA8       Alignments
 0002:00000B70       Alignments
 0002:00000B30       Alignments
 0002:00000DD8       Alignments
 0002:00000DE8       Alignments
 0002:00000A8C       AlignStyles
 0001:0005B664       AlignWork
 0001:000402E4       AlignWork
 0001:0001A074       AllocateHWnd
 0001:00027290       AllocFilterStr
 0001:000073C8       AllocMem
 0002:000025B0       AllocMemCount
 0002:000025B4       AllocMemSize
 0001:000234FC       AllocPatternBitmap
 0001:000055B0       AllocTlsBuffer
 0002:00000BC4       AnchorAlign
 0002:00000BB8       AnimateWindowProc
 0002:00000CC0       AnimationStyle
 0001:000075F4       AnsiCompareStr
 0001:0000762C       AnsiCompareText
 0001:00007D84       AnsiLastChar
 0001:00005CA4       AnsiLower
 0001:000075C0       AnsiLowerCase
 0001:0000BBA4       AnsiLowerCaseFileName
 0001:0000BB6C       AnsiPos
 0001:00051F70       AnsiSameCaption
 0001:00007664       AnsiSameText
 0001:0000767C       AnsiStrLIComp
 0001:0000BC30       AnsiStrPos
 0001:0000BCD0       AnsiStrRScan
 0001:0000BCF8       AnsiStrScan
 0001:0000534C       AnsiToUtf8
 0001:0000758C       AnsiUpperCase
 0001:000091E8       AppendChars
 0001:000095AC       AppendFormat
 0001:0000924C       AppendNumber
 0001:0000922C       AppendString
 0002:00002BB8       Application
 0002:000003F8       ApplicationHandleException
 0002:00000400       ApplicationShowException
 0002:00000F14       AppVisible
 0001:00023704       ArcSin
 0001:00023744       ArcTan2
 0001:00072324       arrow
 0002:00000F28       ArrowKey
 0001:0000B1D8       AssertErrorHandler
 0002:00002020       AssertErrorProc
 0001:000104D4       AssignLongStr
 0001:00010878       AssignVariant
 0001:00077F70       AssociationUnit
 0002:00002608       avail
 0001:00007EC0       BackfillGetDiskFreeSpaceEx
 0001:0003D80C       BackgroundClipped
 0001:0000D124       BackupVarBoolFromStr
 0001:0000D284       BackupVarBStrFromBool
 0001:0000D1A4       BackupVarBStrFromCy
 0001:0000D214       BackupVarBStrFromDate
 0001:0000D0B8       BackupVarCyFromStr
 0001:0000D04C       BackupVarDateFromStr
 0001:0000CF08       BackupVarI4FromStr
 0001:0000CEB4       BackupVariantChangeTypeEx
 0001:0000CF74       BackupVarR4FromStr
 0001:0000CFE0       BackupVarR8FromStr
 0001:0005F330       BasicImpulse
 0001:00013120       BeginGlobalLoading
 0001:00005CAC       BeginPaint
 0001:0001E1FC       BetterSize
 0001:0004E5D0       BiDiDraw
 0001:00005A4C       BitBlt
 0002:000009D0       BitBtnCaptions
 0002:00002A98       BitBtnGlyphs
 0002:000009FC       BitBtnModalResults
 0002:000009A4       BitBtnResNames
 0002:00000708       BitmapCanvasList
 0002:000028A8       BitmapImageLock
 0001:0000CEF0       BiUnimplemented
 0001:0006C838       BlankStr
 0002:00000420       BlockCode
 0002:000025E0       blockDescBlockList
 0002:000025E4       blockDescFreeList
 0002:00002C04       boardloader
 0001:0005EF14       BoardViewerUnit
 0002:00002BD8       BoardViewerWindow
 0002:000003DC       BooleanIdents
 0002:00000358       BooleanToStringRule
 0001:00007C1C       BoolToStr
 0001:0000E7F8       BoolToWStrViaOS
 0002:00000B28       BorderStyles
 0001:000120E0       Bounds
 0001:0000570C       Bounds
 0002:00000D80       Breaks
 0002:000028E0       BrushManager
 0001:000655B8       Build
 0001:00050D84       BuildImage
 0002:00000800       ButtonCaptions
 0002:00000A2C       ButtonCount
 0002:000007D4       ButtonNames
 0002:00000DFC       Buttons
 0001:0002D348       Buttons
 0002:00000BA0       ButtonStyles
 0001:0001D9DC       BytesPerScanline
 0001:0001DD34       ByteSwapColors
 0001:0000B8A8       ByteToCharIndex
 0001:0000B880       ByteToCharLen
 0001:0000B844       ByteType
 0001:0000B7CC       ByteTypeTest
 0002:00002BA0       CachedComCtrlVer
 0001:000686AC       CalcAxis
 0001:00067984       CalcAxis
 0001:00067BC8       CalcAxisState
 0001:00067A10       CalcFixedAxis
 0001:00019FB0       CalcJmpOffset
 0001:00067B24       CalcMaxCell
 0001:00069AE0       CalcPageExtents
 0001:000693DC       CalcScroll
 0001:00068A44       CalcScrollBar
 0001:00069740       CalcSizeInfo
 0001:00047FE8       CalcSplitterPos
 0001:00005CB4       CallNextHookEx
 0001:0000C3C4       CallTerminateProcs
 0001:00005CBC       CallWindowProc
 0001:0003BCB0       CancelDrag
 0002:000028E4       CanvasList
 0002:00002B68       CanvasList
 0002:000007C0       Captions
 0002:00000C7C       CaptureControl
 0001:00065B8C       CaretPos
 0002:00000D20       cBooleanToItemAutoFlag
 0001:00026BA0       CenterWindow
 0002:00002A86       CF_COMPONENT
 0002:00002A84       CF_PICTURE
 0002:00002814       ChangeAnyProc
 0001:0003A1DC       ChangeBiDiModeAlignment
 0002:00000B50       CharCases
 0001:0000398C       CharFromWChar
 0001:0000BA7C       CharLength
 0001:00005CC4       CharLowerBuff
 0001:0000026C       CharNext
 0001:00005CCC       CharNext
 0001:0001C06C       CharsetToIdent
 0001:0000B990       CharToByteIndex
 0001:0000B9F4       CharToByteLen
 0001:00005CD4       CharToOemA
 0001:00005CDC       CharUpperBuff
 0001:0001E7C4       CheckBool
 0001:00002F38       CheckJmp
 0001:00005CE4       CheckMenuItem
 0002:00000D70       Checks
 0001:000169BC       CheckSubComponents
 0001:00018D88       CheckSynchronize
 0001:000541A8       CheckTaskWindow
 0001:0003B964       CheckUndock
 0001:0000B6C0       CheckWin32Version
 0002:0000035C       CInvalidCustomVariantType
 0002:00000D24       cItemAutoFlagToBoolean
 0002:00000D1C       cItemAutoFlagToMenu
 0001:0001A200       Classes
 0001:00012B8C       ClassNotFound
 0002:00002810       ClearAnyProc
 0001:0001B8FC       ClearColor
 0001:0006C5E0       ClearItem
 0001:0000FB64       ClearVariantTypeList
 0001:00005CEC       ClientToScreen
 0001:0004558C       ClientToWindow
 0001:000299D0       Clipboard
 0002:00000700       ClipboardFormats
 0001:00029ABC       Clipbrd
 0001:00005CF4       CloseClipboard
 0001:0000020C       CloseHandle
 0001:00005844       CloseHandle
 0002:00002984       CloseThemeData
 0002:0000203C       CmdLine
 0002:00002038       CmdShow
 0002:00000D18       cMenuAutoFlagToItem
 0001:0000CEFC       CmpUnimplemented
 0002:0000047C       Colors
 0001:0001BE64       ColorToIdent
 0002:0000082C       ColorToPretyName
 0001:0001BE54       ColorToRGB
 0002:000028F8       ComCtl32DLL
 0002:00002AF0       ComCtlVersion
 0001:00031AA8       ComCtrls
 0002:00002BB4       CommandPool
 0001:00023BE4       CommCtrl
 0001:00026494       CommDlg
 0001:00000700       Commit
 0002:00002624       committedRoot
 0001:00065924       CompareExtents
 0001:0004CD40       CompareFront
 0001:000074F4       CompareMem
 0001:000074C4       CompareStr
 0001:0000584C       CompareString
 0001:00007514       CompareText
 0001:00007B44       CompareWith
 0001:00016A9C       ComponentCreated
 0001:0001E594       ComputeAldusChecksum
 0001:00029470       ComStrs
 0001:0001A59C       Consts
 0001:00023A4C       Contnrs
 0002:00002B26       ControlAtom
 0002:00002B2C       ControlAtomString
 0001:00058F34       ControlHasHelp
 0001:00048C68       Controls
 0001:0000AC34       ConvertAddr
 0001:0000933C       ConvertEraString
 0001:000073A4       ConvertErrorFmt
 0001:00074364       convertsquare
 0001:000094A4       ConvertYearString
 0001:00004674       CopyArray
 0001:00020A8C       CopyBitmap
 0001:00021154       CopyBitmapAsMask
 0001:00005A54       CopyEnhMetaFile
 0001:0002D0F8       CopyImage
 0001:0002C6C0       CopyImage
 0001:000210F0       CopyPalette
 0002:00000AC4       Copyright
 0001:0004FE30       CopyToBest
 0001:0000B900       CountChars
 0002:000028C0       CounterLock
 0001:0006C3C0       CountItem
 0002:00000360       CRangeToType
 0001:0000B11C       CreateAssertException
 0001:0000B2A4       CreateAVObject
 0001:00005A5C       CreateBitmap
 0001:00005A64       CreateBrushIndirect
 0001:00005A6C       CreateCompatibleBitmap
 0001:00005A74       CreateCompatibleDC
 0001:00016B1C       CreateComponent
 0001:00005A84       CreateDIBitmap
 0001:00005A7C       CreateDIBSection
 0001:00005854       CreateEvent
 0001:0000585C       CreateFile
 0001:00000214       CreateFileA
 0001:00005A8C       CreateFontIndirect
 0001:00005A94       CreateHalftonePalette
 0001:00005CFC       CreateIcon
 0001:0000B048       CreateInOutError
 0001:00005D04       CreateMenu
 0001:00005A9C       CreatePalette
 0001:00005AA4       CreatePenIndirect
 0001:00005D0C       CreatePopupMenu
 0001:00005AAC       CreateSolidBrush
 0001:0001DD8C       CreateSystemPalette
 0001:00005864       CreateThread
 0001:0000630C       CreateWindow
 0001:000062B4       CreateWindowEx
 0002:0000075C       CreationControl
 0002:00000BBC       CreationControl
 0002:000003C8       CRelationshipToBoolean
 0002:00000344       CResult
 0002:0000016C       cSimpleBoolStrs
 0002:00000374       CText
 0002:00000CB8       Ctl3DStyles
 0001:00065B58       Ctrl
 0002:0000261C       curAlloc
 0002:00002688       CurrencyDecimals
 0002:00002684       CurrencyFormat
 0002:00002680       CurrencyString
 0001:000091D4       CurrentYear
 0001:00008D6C       CurrToStr
 0001:0000E788       CurrToWStrViaOS
 0002:00000E98       CursorMap
 0002:00000BCC       Cursors
 0001:0003A4FC       CursorToIdent
 0002:00000E88       cUseAlpha
 0002:00000E90       cUseColorKey
 0001:000078B8       CvtInt
 0001:00007924       CvtInt64
 0002:000001AC       CWNear
 0002:00002689       DateSeparator
 0001:00009DBC       DateTimeToStr
 0001:00009D60       DateTimeToString
 0001:00008E2C       DateTimeToTimeStamp
 0001:0000E7C0       DateToWStrViaOS
 0001:000091AC       DayOfWeek
 0002:000001A8       DCon10
 0002:00000478       DDBsOnly
 0001:0001A128       DeallocateHWnd
 0002:0000002C       DebugHook
 0002:00002687       DecimalSeparator
 0001:0000918C       DecodeDate
 0001:00009040       DecodeDateFully
 0001:00008EE0       DecodeTime
 0001:00000794       Decommit
 0001:00000DB0       DecommitFree
 0002:000025F8       decommittedRoot
 0001:00056BBC       Default
 0001:0005C28C       Default
 0002:00000024       Default8087CW
 0002:00000F1C       DefaultBlank
 0002:00000BC0       DefaultDockTreeClass
 0002:00000038       DefaultTextLineBreakStyle
 0002:000025BC       DefaultUserCodePage
 0002:000006CC       DefBrushData
 0002:0000044C       DefFontData
 0001:00005D14       DefFrameProc
 0002:00000238       DefLongDayNames
 0002:000001EC       DefLongMonthNames
 0001:00005D1C       DefMDIChildProc
 0002:000006AC       DefPenData
 0002:0000021C       DefShortDayNames
 0002:000001BC       DefShortMonthNames
 0001:00005D24       DefWindowProc
 0001:000048C0       DelayLoadResourceModule
 0001:00000450       DeleteBlock
 0001:0000586C       DeleteCriticalSection
 0001:000003C0       DeleteCriticalSection
 0001:00005AB4       DeleteDC
 0001:00005ABC       DeleteEnhMetaFile
 0001:00000BF8       DeleteFree
 0001:00005D2C       DeleteMenu
 0001:00005AC4       DeleteObject
 0001:00020648       DeselectBitmap
 0001:00005D34       DestroyCursor
 0001:00005D3C       DestroyIcon
 0001:0002D208       DestroyLocals
 0001:00005D44       DestroyMenu
 0001:00005D4C       DestroyWindow
 0001:0006BF7C       Detector
 0001:00037AA0       DialogEnumerationTester
 0001:00026C54       DialogHook
 0001:00027B40       Dialogs
 0002:0000070C       DIBPalSizes
 0002:000000C0       dig
 0001:00053FFC       DisableTaskWindows
 0001:00005D54       DispatchMessage
 0001:0005A214       DispatchShortCut
 0002:00002000       DispCallByIDProc
 0001:0006BB14       DisposeStrItem
 0001:00007388       DivMod
 0001:000264CC       Dlgs
 0001:0005B518       DoAlign
 0001:00040174       DoAlign
 0001:0006781C       DoCalc
 0001:0004426C       DoCalcConstraints
 0001:00067884       DoCalcRightToLeft
 0001:0006800C       DoChange
 0002:00002B5C       DockSiteList
 0001:00050A50       DoClick
 0001:000669F4       DoColWidths
 0001:000418B8       DoControlMsg
 0001:00053FAC       DoDisableWindow
 0001:0003B290       DoDragOver
 0001:000073E8       DoExitProc
 0001:000462BC       DoFindControlZone
 0001:000540E8       DoFindWindow
 0001:00046848       DoFindZone
 0001:00046340       DoForEach
 0001:00047C4C       DoGetNextLimit
 0001:00053F74       DoneApplication
 0001:000489AC       DoneControls
 0001:0000B5D0       DoneExceptions
 0001:00058590       DoNestedActivation
 0001:00018D48       DoneThreadSynchronization
 0001:0005B368       DoPosition
 0001:0003FD34       DoPosition
 0001:00047274       DoPrune
 0001:00066A38       DoRowHeights
 0001:0004774C       DoSaveZone
 0001:00047950       DoSetNewBounds
 0001:0006649C       DoSizeAdjust
 0002:000003E4       DotSep
 0001:000696AC       DoUpdate
 0002:00000A30       DownStyles
 0001:0001F764       DoWrite
 0001:0001EA1C       DoWrite
 0001:0004B3A0       DoWrite
 0001:00013FF0       DoWrite
 0001:00040EA0       DoWriteDesignSize
 0001:0003E90C       DoWriteIsControl
 0002:00002B40       DragCapture
 0002:00002B34       DragControl
 0001:0003B9D8       DragDone
 0001:0003B240       DragFindTarget
 0001:0003B214       DragFindWindow
 0002:00002B58       DragImageList
 0001:0003B630       DragInit
 0001:0003B7A0       DragInitControl
 0002:00002B3C       DragInternalObject
 0001:0003B15C       DragMessage
 0002:00002B38       DragObject
 0002:00002B64       DragSave
 0002:00002B4C       DragSaveCursor
 0002:00002B44       DragStartPos
 0002:00002B50       DragThreshold
 0001:0003B360       DragTo
 0001:0005C2C8       DrawAppIcon
 0001:00066D74       DrawAxisLines
 0001:00066FEC       DrawCells
 0001:00046DE0       DrawCloseButton
 0001:00005D5C       DrawEdge
 0001:00005D64       DrawFocusRect
 0001:00005D6C       DrawFrameControl
 0001:00046E38       DrawGrabberLine
 0001:00005D74       DrawIcon
 0001:00005D7C       DrawIconEx
 0002:00000CF4       DrawingStyles
 0001:00066F5C       DrawLines
 0001:00005D84       DrawMenuBar
 0001:00051D90       DrawMenuItem
 0001:0005E9D8       Drawshadow
 0001:0005E7CC       Drawsquare
 0001:0005EAB8       DrawSquareName
 0001:00005D8C       DrawText
 0002:00002988       DrawThemeBackground
 0002:000029AC       DrawThemeEdge
 0002:000029B0       DrawThemeIcon
 0002:00002A34       DrawThemeParentBackground
 0002:0000298C       DrawThemeText
 0001:00072078       Draw_Trajectory
 0001:0001D85C       DupBits
 0001:0000468C       DynArrayClear
 0001:00004694       DynArraySetLength
 0002:00000DE0       EdgeStyle
 0002:00000CA8       EdgeStyles
 0001:0000B01C       EHeapException.FreeInstance
 0001:00005ACC       Ellipse
 0002:00000B6C       Empty
 0001:00005D94       EmptyClipboard
 0002:000027FC       EmptyParam
 0002:000000F0       EmptyStr
 0002:000000F4       EmptyWideStr
 0001:00005D9C       EnableMenuItem
 0002:00000D78       Enables
 0001:00005DA4       EnableScrollBar
 0001:000540B0       EnableTaskWindows
 0002:00002A1C       EnableThemeDialogTexture
 0002:00002A38       EnableTheming
 0001:00005DAC       EnableWindow
 0001:000131A8       EndGlobalLoading
 0001:00005DB4       EndPaint
 0001:000003B0       EnterCriticalSection
 0001:00005874       EnterCriticalSection
 0001:0000587C       EnumCalendarInfoA
 0001:00005DBC       EnumClipboardFormats
 0002:0000291C       EnumDisplayMonitors
 0001:0000A8A8       EnumEraNames
 0001:0000A8E4       EnumEraYearOffsets
 0001:00057180       EnumMonitorsProc
 0001:00005DC4       EnumThreadWindows
 0001:000162CC       EnumValue
 0001:00005DCC       EnumWindows
 0001:00005DD4       EqualRect
 0002:00002750       EraNames
 0001:0000A034       EraToYear
 0002:0000276C       EraYearOffsets
 0002:00000098       errCaption
 0001:00015AB0       Error
 0001:0004CA90       Error
 0001:00012730       Error
 0001:00001870       Error
 0002:00000004       ErrorAddr
 0001:00001824       ErrorAt
 0001:0000B0C8       ErrorHandler
 0002:00000254       ErrorMap
 0002:00002008       ErrorProc
 0002:000023E4       ErrOutput
 0001:000017C4       ExceptAddr
 0002:0000200C       ExceptClsProc
 0001:0000B53C       ExceptHandler
 0001:0000AE90       Exception.Create
 0001:0000AECC       Exception.CreateFmt
 0001:0000AF4C       Exception.CreateRes
 0001:0000AF88       Exception.CreateResFmt
 0002:0000201C       ExceptionClass
 0001:0000AC40       ExceptionErrorMessage
 0002:0000028C       ExceptMap
 0001:000017A4       ExceptObject
 0002:00002010       ExceptObjProc
 0002:00002004       ExceptProc
 0001:00005AD4       ExcludeClipRect
 0002:00000000       ExitCode
 0001:000036C0       ExitDll
 0002:00002044       ExitProc
 0001:00000274       ExitProcess
 0002:00002024       ExitProcessProc
 0002:00000168       ExitProcList
 0001:0006BCE4       ExpandDir
 0001:00007E84       ExpandFileName
 0001:00026F2C       ExplorerHook
 0001:0002D534       ExtActns
 0001:00005ADC       ExtCreatePen
 0001:000293D0       ExtCtrls
 0001:0002D3A0       ExtDlgs
 0002:00002C24       ExternalMemory
 0001:00076A14       ExternalMemoryUnit
 0001:00005AE4       ExtFloodFill
 0001:00007E3C       ExtractFileExt
 0001:000275A4       ExtractFileName
 0001:00007E04       ExtractFileName
 0001:000275EC       ExtractFileNames
 0001:00005AEC       ExtTextOut
 0002:0000278C       FalseBoolStrs
 0002:00002A8C       FClipboard
 0002:0000019C       FCon1E18
 0001:00007D7C       FileClose
 0001:00007CE4       FileCreate
 0001:00007CC0       FileCreate
 0002:00000704       FileFormats
 0002:0000000C       FileMode
 0001:00001A80       FileNOPProc
 0001:00007C68       FileOpen
 0001:00007CEC       FileRead
 0002:00000410       FilerSignature
 0001:00007D44       FileSeek
 0001:00007D18       FileWrite
 0001:00000CE0       FillAfterGap
 0001:00000C8C       FillBeforeGap
 0001:00066D20       FillDWord
 0001:00000D78       FillerSizeAfterGap
 0001:00000D08       FillerSizeBeforeGap
 0001:00005DDC       FillRect
 0002:00000A38       FillStyles
 0002:000006DC       FillStyles
 0001:000769E4       Finalization
 0001:00072F54       Finalization
 0001:000728FC       Finalization
 0001:00029A80       Finalization
 0001:00029B14       Finalization
 0001:000728C4       Finalization
 0001:0002649C       Finalization
 0001:00072040       Finalization
 0001:00026464       Finalization
 0001:000716C0       Finalization
 0001:000709A8       Finalization
 0001:0006EC40       Finalization
 0001:0006D044       Finalization
 0001:00026424       Finalization
 0001:0002D310       Finalization
 0001:000263B8       Finalization
 0001:0002D370       Finalization
 0001:00026380       Finalization
 0001:00026348       Finalization
 0001:0002D3C0       Finalization
 0001:00026310       Finalization
 0001:0002D428       Finalization
 0001:000262D8       Finalization
 0001:000262A0       Finalization
 0001:00063DF8       Finalization
 0001:0000CC94       Finalization
 0001:00061CF0       Finalization
 0001:0002D48C       Finalization
 0001:00026230       Finalization
 0001:000612D8       Finalization
 0001:0005F300       Finalization
 0001:0002D4E4       Finalization
 0001:0005EEE4       Finalization
 0001:0005E55C       Finalization
 0001:000067A4       Finalization
 0001:0000D650       Finalization
 0001:00006494       Finalization
 0001:0000645C       Finalization
 0001:000258AC       Finalization
 0001:0002D53C       Finalization
 0001:00025700       Finalization
 0001:00031A30       Finalization
 0001:00032740       Finalization
 0001:00036F2C       Finalization
 0001:0005206C       Finalization
 0001:00077F08       Finalization
 0001:0000FFB0       Finalization
 0001:000101EC       Finalization
 0001:00005728       Finalization
 0001:00037094       Finalization
 0001:000109B4       Finalization
 0001:00010A0C       Finalization
 0001:0004BAF0       Finalization
 0001:00005698       Finalization
 0001:00049F30       Finalization
 0001:00048C00       Finalization
 0001:00037D18       Finalization
 0001:00077F40       Finalization
 0001:00029440       Finalization
 0001:0001A150       Finalization
 0001:0001A56C       Finalization
 0001:00077F78       Finalization
 0001:00029388       Finalization
 0001:00027AE4       Finalization
 0001:00023534       Finalization
 0001:00023764       Finalization
 0001:00023A1C       Finalization
 0001:00023BB4       Finalization
 0001:00024334       Finalization
 0001:00005468       Finalization
 0001:00024374       Finalization
 0001:0002535C       Finalization
 0001:000253A4       Finalization
 0001:000253DC       Finalization
 0001:00004684       FinalizeArray
 0001:000034F4       FinalizeUnits
 0001:00050810       Find
 0001:00004930       FindBS
 0001:00012C4C       FindClass
 0001:000048B8       FindClassHInstance
 0001:00000284       FindClose
 0001:00000C5C       FindCommitted
 0001:0003A2DC       FindControl
 0001:00046A74       FindControlAtPos
 0001:0000FEC0       FindCustomVariantType
 0001:0000FE08       FindCustomVariantType
 0001:0003BCFC       FindDragTarget
 0001:00016CCC       FindExistingComponent
 0001:0000028C       FindFirstFile
 0001:000541F4       FindGlobalComponent
 0001:00013038       FindGlobalComponent
 0002:00002860       FindGlobalComponentProcs
 0001:00004890       FindHInstance
 0001:00012EE0       FindIdentToInt
 0002:00002A78       FindMsg
 0001:00015E5C       FindNestedComponent
 0001:0004CA58       FindPopupControl
 0001:0000D318       FindProc
 0001:00005884       FindResource
 0001:00004908       FindResourceHInstance
 0001:0005DDB0       FindScanline
 0001:0005414C       FindTopMostWindow
 0001:00017BB0       FindUniqueName
 0001:0003BCC8       FindVCLWindow
 0001:00005DE4       FindWindow
 0001:00037AF8       FindWinHelp
 0001:00020A40       FixupBitFields
 0002:00000DF0       Flags
 0002:0000279C       FLanguages
 0001:00025730       FlatSB
 0002:00002948       FlatSB_EnableScrollBar
 0002:00002954       FlatSB_GetScrollInfo
 0002:00002958       FlatSB_GetScrollPos
 0002:00002950       FlatSB_GetScrollRange
 0002:00002960       FlatSB_SetScrollInfo
 0002:0000295C       FlatSB_SetScrollPos
 0001:00025420       FlatSB_SetScrollProp
 0002:00002964       FlatSB_SetScrollRange
 0002:0000294C       FlatSB_ShowScrollBar
 0001:000089FC       FloatToDecimal
 0001:00008D3C       FloatToStr
 0001:00008728       FloatToText
 0001:000781F8       Fluid_Chess_Project
 0001:00001D4C       Flush
 0002:000001B0       FMSecsPerDay
 0001:00008624       FmtStr
 0002:00000E0C       FocusCount
 0002:00000E08       FocusMessages
 0002:0000061C       FontCharsets
 0002:000028D8       FontManager
 0002:00000758       ForceCurrentDirectory
 0001:000541C8       ForegroundTask
 0002:00002BFC       Form1
 0001:00008610       Format
 0002:000001B8       Format
 0001:00008218       FormatBuf
 0001:0000820C       FormatClearStr
 0001:00008190       FormatError
 0002:00000194       FormatErrorStrs
 0001:0000588C       FormatMessage
 0001:000081E8       FormatVarToStr
 0001:0005E5B8       Forms
 0001:00065B3C       ForwardMovement
 0001:00002660       FPower10
 0002:00000754       FPrinter
 0001:00005DEC       FrameRect
 0001:0000C874       FreeAndNil
 0001:000009C8       FreeCommitted
 0001:00000EE8       FreeCurAlloc
 0001:0003BDBC       FreeDeviceContext
 0001:0003BE78       FreeDeviceContexts
 0001:00019F1C       FreeIntConstList
 0001:0006CAAC       FreeItem
 0001:00000294       FreeLibrary
 0001:00005894       FreeLibrary
 0001:0002059C       FreeMemoryContexts
 0001:0001A050       FreeObjectInstance
 0001:000058A4       FreeResource
 0001:00000648       FreeSpace
 0001:0000C3E0       FreeTerminateProcs
 0001:000258E4       FreeThemeLibrary
 0002:00002AEC       FRichEditModule
 0001:0001D84C       GDICheck
 0001:0001D7A4       GDIError
 0001:0000196C       Get8087CW
 0001:000058AC       GetACP
 0001:00005DF4       GetActiveWindow
 0001:0005B9F4       GetAnimation
 0001:0002A7D0       GetBitBtnGlyph
 0001:00005AF4       GetBitmapBits
 0001:000003C8       GetBlockDesc
 0001:00005AFC       GetBrushOrgEx
 0001:00005DFC       GetCapture
 0001:0003A5F8       GetCaptureControl
 0001:00005E04       GetCaretPos
 0001:00012BF8       GetClass
 0001:00005E0C       GetClassInfo
 0001:00005E14       GetClassName
 0001:00005E1C       GetClientRect
 0001:00005E24       GetClipboardData
 0001:0001F220       GetClipboardFormats
 0001:00005B04       GetClipBox
 0001:00000364       GetCmdShow
 0001:0004A188       GetColor
 0001:0002EE80       GetComCtlVersion
 0001:0000029C       GetCommandLine
 0001:00000814       GetCommitted
 0001:000008A4       GetCommittedAt
 0001:0004146C       GetControlAtPos
 0001:00009298       GetCount
 0001:000058B4       GetCPInfo
 0001:00005B0C       GetCurrentPositionEx
 0001:000058BC       GetCurrentProcessId
 0002:00002A2C       GetCurrentThemeName
 0001:00000354       GetCurrentThreadId
 0001:000058C4       GetCurrentThreadId
 0001:00006220       GetCurrentTime
 0001:00005E2C       GetCursor
 0001:0005DDC0       GetCursorHeightMargin
 0001:00005E34       GetCursorPos
 0001:000092C4       GetDate
 0001:000058CC       GetDateFormat
 0001:00009F4C       GetDateOrder
 0001:00005E3C       GetDC
 0001:00005E44       GetDCEx
 0001:00005B14       GetDCOrgEx
 0001:00023144       GetDefFontCharSet
 0001:00005E4C       GetDesktopWindow
 0001:00005B2C       GetDeviceCaps
 0001:0001E7AC       GetDIB
 0001:00005B1C       GetDIBColorTable
 0001:00005B24       GetDIBits
 0001:0001E6F4       GetDIBSizes
 0001:0001D9BC       GetDInColors
 0001:000058D4       GetDiskFreeSpaceA
 0002:00000164       GetDiskFreeSpaceEx
 0001:00005E54       GetDlgItem
 0001:00047D2C       GetDockAlign
 0001:0003AFA0       GetDockSiteAtPos
 0001:00005E5C       GetDoubleClickTime
 0001:0003B2CC       GetDropCtl
 0001:00002CE8       GetDynaMethod
 0001:00005B34       GetEnhMetaFileBits
 0001:00005B3C       GetEnhMetaFileHeader
 0001:00005B44       GetEnhMetaFilePaletteEntries
 0001:0001025C       GetEnumNameValue
 0001:000102A8       GetEnumValue
 0001:0000A95C       GetEraNamesAndYearOffsets
 0001:00009FE0       GetEraYearOffset
 0001:0000B28C       GetExceptionClass
 0001:0000B470       GetExceptionObject
 0001:00012B80       GetFieldClassTable
 0001:0001F200       GetFileFormats
 0001:00000224       GetFileSize
 0001:0000021C       GetFileType
 0001:0000B6E0       GetFileVersion
 0001:00005A34       GetFileVersionInfo
 0001:00005A3C       GetFileVersionInfoSize
 0001:00005E64       GetFocus
 0001:0001C08C       GetFontData
 0001:00005E6C       GetForegroundWindow
 0001:0000BF98       GetFormatSettings
 0001:000058DC       GetFullPathName
 0001:0001B5F8       GetHashCode
 0001:00058F6C       GetHelpInfo
 0001:000247F4       GetHelpSystem
 0001:0005B7D8       GetHint
 0001:0005B810       GetHintControl
 0001:00051F0C       GetHotkey
 0001:00005E74       GetIconInfo
 0001:00070F74       GetInterceptors
 0001:00005E8C       GetKeyboardLayout
 0001:00005E94       GetKeyboardLayoutList
 0001:00005E9C       GetKeyboardState
 0001:0000294C       GetKeyboardType
 0001:00005E7C       GetKeyNameText
 0001:00005E84       GetKeyState
 0001:00005EA4       GetLastActivePopup
 0001:00045FF4       GetLastChildZone
 0001:000058E4       GetLastError
 0001:000002A4       GetLastError
 0001:0000A720       GetLocaleChar
 0001:000058F4       GetLocaleInfo
 0001:000002AC       GetLocaleInfo
 0001:0000A6D4       GetLocaleStr
 0001:000058EC       GetLocalTime
 0001:0003A560       GetLongHint
 0001:00005EAC       GetMenu
 0001:00058EF4       GetMenuHelpContext
 0001:00005EB4       GetMenuItemCount
 0001:00005EBC       GetMenuItemID
 0001:00005EC4       GetMenuItemInfo
 0001:0004F05C       GetMenuSize
 0001:00005ECC       GetMenuState
 0001:00005ED4       GetMenuString
 0001:00005EDC       GetMessageTime
 0001:000058FC       GetModuleFileName
 0001:000002B4       GetModuleFileName
 0001:00005904       GetModuleHandle
 0001:000002BC       GetModuleHandle
 0001:00005590       GetModuleHandle
 0002:00002910       GetMonitorInfo
 0002:00002914       GetMonitorInfoA
 0002:00002918       GetMonitorInfoW
 0001:0000A784       GetMonthDayNames
 0001:00005EE4       GetNextWindow
 0001:00071948       GetNodeFactoryMethod
 0001:00005B4C       GetObject
 0001:0002645C       GetOpenFileName
 0001:0001037C       GetOrdProp
 0001:00005B54       GetPaletteEntries
 0001:00005EEC       GetParent
 0001:000543C0       GetParentForm
 0001:00005B5C       GetPixel
 0001:000002C4       GetProcAddress
 0001:0000590C       GetProcAddress
 0001:00005EF4       GetProp
 0001:0001030C       GetPropInfo
 0001:00054880       GetRealScrollPosition
 0001:0004A168       GetRGBColor
 0001:00005EFC       GetScrollInfo
 0001:00005F04       GetScrollPos
 0001:00005F0C       GetScrollRange
 0001:0003A51C       GetShortHint
 0001:00070C5C       GetSideName
 0001:0000056C       GetSpace
 0001:000005D0       GetSpaceAt
 0001:0004CAE8       GetSpecialName
 0001:000002CC       GetStartupInfo
 0001:00005914       GetStdHandle
 0001:0000022C       GetStdHandle
 0001:00005B64       GetStockObject
 0001:0000591C       GetStringTypeEx
 0001:00005F14       GetSubMenu
 0001:00005F1C       GetSysColor
 0001:00005F24       GetSysColorBrush
 0001:00005924       GetSystemInfo
 0001:00005F2C       GetSystemMenu
 0002:00002900       GetSystemMetrics
 0001:00005F34       GetSystemMetrics
 0001:00005B6C       GetSystemPaletteEntries
 0001:00005B74       GetTextExtentPoint32
 0001:00005B7C       GetTextMetrics
 0002:00002A24       GetThemeAppProperties
 0002:00002990       GetThemeBackgroundContentRect
 0002:00002994       GetThemeBackgroundExtent
 0002:000029A4       GetThemeBackgroundRegion
 0002:000029C8       GetThemeBool
 0002:000029BC       GetThemeColor
 0002:00002A30       GetThemeDocumentationProperty
 0002:000029D0       GetThemeEnumValue
 0002:000029F0       GetThemeFilename
 0002:000029D8       GetThemeFont
 0002:000029CC       GetThemeInt
 0002:000029E4       GetThemeIntList
 0002:000029E0       GetThemeMargins
 0002:000029C0       GetThemeMetric
 0002:00002998       GetThemePartSize
 0002:000029D4       GetThemePosition
 0002:000029E8       GetThemePropertyOrigin
 0002:000029DC       GetThemeRect
 0002:000029C4       GetThemeString
 0002:000029FC       GetThemeSysBool
 0002:000029F4       GetThemeSysColor
 0002:000029F8       GetThemeSysColorBrush
 0002:00002A04       GetThemeSysFont
 0002:00002A0C       GetThemeSysInt
 0002:00002A00       GetThemeSysSize
 0002:00002A08       GetThemeSysString
 0002:0000299C       GetThemeTextExtent
 0002:000029A0       GetThemeTextMetrics
 0001:0000592C       GetThreadLocale
 0001:000002D4       GetThreadLocale
 0001:00005934       GetTickCount
 0001:000092FC       GetTime
 0001:000055BC       GetTlsSize
 0001:0005BFA4       GetTopMostWindows
 0001:0003A700       GetTopParent
 0001:00005F3C       GetTopWindow
 0001:00010250       GetTypeData
 0001:0000593C       GetVersion
 0001:0000035C       GetVersion
 0001:00005944       GetVersionEx
 0001:00005F44       GetWindow
 0001:00005F4C       GetWindowDC
 0001:00005F54       GetWindowLong
 0001:00005B8C       GetWindowOrgEx
 0001:00005F5C       GetWindowPlacement
 0001:00005F64       GetWindowRect
 0001:00005F6C       GetWindowText
 0002:00002A18       GetWindowTheme
 0001:00005F74       GetWindowThreadProcessId
 0001:00005F7C       GetWindowThreadProcessId
 0001:00005B84       GetWinMetaFileBits
 0001:0000594C       GlobalAddAtom
 0001:00005954       GlobalAlloc
 0001:0000622C       GlobalAllocPtr
 0001:0000595C       GlobalDeleteAtom
 0001:00005964       GlobalFindAtom
 0002:00002864       GlobalFixupList
 0001:00015FA4       GlobalFixupReferences
 0001:0000596C       GlobalFree
 0001:00006258       GlobalFreePtr
 0001:0000597C       GlobalHandle
 0001:00005974       GlobalLock
 0002:00002848       GlobalNameSpace
 0001:00005984       GlobalReAlloc
 0001:0000623C       GlobalReAllocPtr
 0001:0000598C       GlobalUnlock
 0002:00000A28       GlyphCache
 0001:00023608       Graphics
 0001:000654CC       GridRect
 0001:0006D074       Grids
 0001:00012D74       GroupDescendentsWith
 0001:00059174       HandleEdge
 0001:00017408       HandleException
 0002:00000028       HeapAllocFlags
 0002:000025C4       heapErrorCode
 0002:000025C8       heapLock
 0001:0002539C       HelpIntfs
 0002:0000293C       HelpManager
 0002:00002A74       HelpMsg
 0002:00002B10       HelpViewer
 0002:00002B14       HelpViewerIntf
 0002:00000160       HexDisplayPrefix
 0002:00000B5C       HideSelections
 0001:00047DA8       HideZone
 0002:00002664       HInstance
 0002:00002BCC       HintDoneEvent
 0001:0005B8E0       HintGetMsgHook
 0002:00002BD0       HintHook
 0001:0005B884       HintMouseThread
 0002:00002BD4       HintThread
 0002:00002BC8       HintThreadID
 0001:0005B830       HintTimerProc
 0002:00000E00       HintWindowClass
 0002:000029A8       HitTestThemeBackground
 0001:0005B924       HookHintHooks
 0001:00006364       HwndMSWheel
 0002:00000D94       IBreaks
 0002:00000DA0       IChecks
 0002:00000DA8       IDefaults
 0001:0001C07C       IdentToCharset
 0001:0001BE74       IdentToColor
 0001:0003A50C       IdentToCursor
 0001:00012F5C       IdentToInt
 0002:00000DB0       IEnables
 0001:0004FE00       IfHotkeyAvailable
 0002:00002BA4       ImageListWriteExProc
 0001:00023B08       ImageList_Add
 0001:00023B28       ImageList_AddIcon
 0001:00023B54       ImageList_BeginDrag
 0001:00023AF0       ImageList_Create
 0001:00023AF8       ImageList_Destroy
 0001:00023B64       ImageList_DragEnter
 0001:00023B6C       ImageList_DragLeave
 0001:00023B74       ImageList_DragMove
 0001:00023B84       ImageList_DragShowNolock
 0001:00023B34       ImageList_Draw
 0001:00023B44       ImageList_DrawEx
 0001:00023B5C       ImageList_EndDrag
 0001:00023B20       ImageList_GetBkColor
 0001:00023B8C       ImageList_GetDragImage
 0001:00023BA4       ImageList_GetIconSize
 0001:00023B00       ImageList_GetImageCount
 0001:00023B94       ImageList_Read
 0001:00023B4C       ImageList_Remove
 0001:00023B3C       ImageList_Replace
 0001:00023B10       ImageList_ReplaceIcon
 0001:00023B18       ImageList_SetBkColor
 0001:00023B7C       ImageList_SetDragCursorImage
 0001:00023BAC       ImageList_SetIconSize
 0001:00023B9C       ImageList_Write
 0002:00000D04       Images
 0001:0004BB20       ImgList
 0001:000243A4       Imm
 0002:00000CE8       IMM32DLL
 0001:00048998       Imm32IsIME
 0001:000716F0       ImpulseConsiderations
 0001:00061308       ImpulseSquareAndPiece
 0002:000001B4       IMSecsPerDay
 0001:0000E198       InBounds
 0001:0000E438       InBounds
 0001:0006556C       Includes
 0001:0000E468       Increment
 0001:0000E1C8       Increment
 0001:00005F84       InflateRect
 0001:0002D408       IniFiles
 0001:00000A54       InitAllocator
 0001:00023BEC       InitAnApi
 0002:00002928       InitApis
 0001:00023A5C       InitComCtl
 0001:0002EE54       InitCommonControl
 0001:00023A54       InitCommonControls
 0001:00023ABC       InitCommonControlsEx
 0001:00013204       InitComponent
 0002:00002634       InitContext
 0001:00048A34       InitControls
 0001:00023188       InitDefFontData
 0001:0000C400       InitDriveSpacePtr
 0001:0000B54C       InitExceptions
 0001:0002547C       InitFlatSB
 0001:00027990       InitGlobals
 0001:0001E5AC       InitializeBitmapInfoHeader
 0001:000003A8       InitializeCriticalSection
 0001:00005994       InitializeCriticalSection
 0002:000025C0       initialized
 0001:00025454       InitializeFlatSB
 0001:00005648       InitializeModule
 0001:0000D344       InitializeVarUtils
 0001:00048638       InitIMM32
 0001:000132AC       InitInheritedComponent
 0001:0000BDAC       InitLeadBytes
 0001:000242C8       InitMultiMonStubs
 0001:0000B650       InitPlatformId
 0002:00002040       InitProc
 0001:0005E4D0       InitProcs
 0001:0002310C       InitScreenLogPixels
 0001:0000BE24       InitSysLocale
 0001:00025AA4       InitThemeLibrary
 0001:00018D14       InitThreadSynchronization
 0001:000055C4       InitThreadTLS
 0001:00003554       InitUnits
 0001:0003A1F0       InitWndProc
 0002:00000C88       InnerStyles
 0002:0000204C       Input
 0001:0005B308       InsertBefore
 0001:0003FCA8       InsertBefore
 0001:00000E60       InsertFree
 0001:0004FEB4       InsertHotkeyFarEastFormat
 0001:00005F8C       InsertMenu
 0001:00005F94       InsertMenuItem
 0001:0007292C       Insert_Delete_Move_Impulses
 0002:00002880       InstBlockList
 0002:00002884       InstFreeList
 0002:00002858       IntConstList
 0001:0000034C       InterlockedDecrement
 0001:0000C468       InterlockedDecrement
 0001:0000C474       InterlockedExchange
 0001:0000589C       InterlockedExchange
 0001:0000C47C       InterlockedExchangeAdd
 0001:00000344       InterlockedIncrement
 0001:0000C45C       InterlockedIncrement
 0001:00001AC0       InternalClose
 0001:0001B584       InternalDeletePalette
 0001:00001D04       InternalFlush
 0001:00000CBC       InternalFreeMem
 0001:0001E6FC       InternalGetDIB
 0001:0001E690       InternalGetDIBSizes
 0001:0001309C       InternalReadComponentRes
 0002:00002AF8       InternalServices
 0001:00003D38       InternalUniqueString
 0001:00005B94       IntersectClipRect
 0001:00005F9C       IntersectRect
 0001:00007A18       IntToHex
 0001:00012F9C       IntToIdent
 0001:00007904       IntToStr
 0001:000079F0       IntToStr
 0001:00005FA4       InvalidateRect
 0001:0001D72C       InvalidBitmap
 0001:0001D714       InvalidGraphic
 0001:0001D738       InvalidIcon
 0001:0001D744       InvalidMetafile
 0001:000654B4       InvalidOp
 0001:0001D6FC       InvalidOperation
 0001:00012108       InvalidPoint
 0002:00002798       InvalidPointer
 0001:00002BA0       InvokeImplGetter
 0001:000018F0       IOResult
 0002:00000DD0       IOwnerDraw
 0002:00000DB8       IRadios
 0002:00000DC8       IRTL
 0001:00054350       IsAccel
 0001:00051064       IsAccelChar
 0002:00002A14       IsAppThemed
 0001:0003AD58       IsBeforeTargetWindow
 0001:00005FAC       IsCharAlpha
 0001:00005FB4       IsCharAlphaNumeric
 0001:00005FBC       IsChild
 0002:00002048       IsConsole
 0001:0000BB28       IsDelimiter
 0001:0003B1B4       IsDelphiHandle
 0001:00005FC4       IsDialogMessage
 0002:00000DC0       ISeparators
 0001:00005FCC       IsIconic
 0001:000510C0       IsInitialChar
 0001:000635C4       IsKatakana
 0001:00008F3C       IsLeapYear
 0002:00002034       IsLibrary
 0001:00061958       IsLiteralChar
 0002:00002049       IsMultiThread
 0001:00045A58       IsOrientationSet
 0001:0000BAF4       IsPathDelimiter
 0001:00005FD4       IsRectEmpty
 0001:0003AF5C       IsSiteChildOfClient
 0002:00002A10       IsThemeActive
 0002:000029B8       IsThemeBackgroundPartiallyTransparent
 0002:00002A20       IsThemeDialogTextureEnabled
 0002:000029B4       IsThemePartDefined
 0001:00013078       IsUniqueGlobalComponentName
 0002:0000284C       IsUniqueGlobalComponentNameProc
 0001:00007854       IsValidIdent
 0001:0000BE0C       IsWesternGroup
 0001:00005FDC       IsWindow
 0001:00005FE4       IsWindowEnabled
 0001:00005FEC       IsWindowVisible
 0001:00005FF4       IsZoomed
 0001:0004CEB4       Iterate
 0001:0004CF14       IterateMenus
 0002:00000030       JITEnable
 0001:00054304       KeyboardStateToShiftState
 0001:000542C8       KeyDataToShiftState
 0001:00054274       KeysToShiftState
 0001:00005FFC       KillTimer
 0001:00007DB4       LastDelimiter
 0001:0000BD38       LCIDToCodePage
 0001:000053F4       LCIDToCodePage
 0002:00000140       LeadBytes
 0001:000003B8       LeaveCriticalSection
 0001:0000599C       LeaveCriticalSection
 0001:00065C20       LeftSide
 0002:0000003C       LibModuleList
 0001:00068650       LinePos
 0001:00005B9C       LineTo
 0001:0002D56C       ListActns
 0001:0003BD44       ListAdd
 0001:0003BD6C       ListRemove
 0002:0000274E       ListSeparator
 0001:00006004       LoadBitmap
 0001:0000600C       LoadCursor
 0001:00006014       LoadIcon
 0001:0000601C       LoadKeyboardLayout
 0001:000059A4       LoadLibrary
 0001:000002DC       LoadLibraryEx
 0001:000059AC       LoadResource
 0001:00004AFC       LoadResourceModule
 0001:0000539C       LoadResString
 0001:000002E4       LoadString
 0001:00006024       LoadString
 0001:00000388       LocalAlloc
 0001:00005598       LocalAlloc
 0001:00000390       LocalFree
 0001:0000A748       LocalGetLocaleStr
 0002:00002A48       Lock
 0001:000059B4       LockResource
 0002:00002690       LongDateFormat
 0002:00002724       LongDayNames
 0002:000026D8       LongMonthNames
 0001:00065958       LongMulDiv
 0002:000026A4       LongTimeFormat
 0001:00007488       LowerCase
 0001:00005A2C       lstrcpy
 0001:000002EC       lstrcpyn
 0002:00002820       LVarTypes
 0002:00002824       LVarTypeSync
 0002:0000202C       MainInstance
 0002:00002030       MainThreadID
 0001:000709D8       MainUnit
 0001:00000418       MakeEmpty
 0001:00003664       MakeErrorMessage
 0002:00000CD4       MakeLast
 0001:00006214       MakeLong
 0001:00019FB8       MakeObjectInstance
 0001:0000626C       MakeROP4
 0001:0006BD20       MakeSec
 0001:000062A4       MakeWParam
 0001:0000B20C       MapException
 0001:0002D4DC       Mapi
 0002:00000A54       MAPIDLL
 0002:00000A58       MAPIModule
 0001:0000336C       MapToRunError
 0001:0000602C       MapVirtualKey
 0001:00006034       MapWindowPoints
 0001:00063E28       Mask
 0002:00000D0C       Mask
 0001:00005BA4       MaskBlt
 0001:00061510       MaskDoFormatText
 0002:00000F20       MaskFieldSeparator
 0001:00061320       MaskGetCharType
 0001:00061474       MaskGetCurrentDirectives
 0001:000617B0       MaskGetMaskBlank
 0001:0006172C       MaskGetMaskSave
 0001:000614F0       MaskIntlLiteralToChar
 0002:00000F24       MaskNoSave
 0001:000618A8       MaskOffsetToOffset
 0001:0006181C       MaskOffsetToString
 0001:00061D20       MaskUtils
 0001:00023794       Math
 0001:0002375C       Max
 0001:00068974       Max
 0001:00056C08       MaximizedChildren
 0002:00000044       MemoryManager
 0002:00000D28       MenuKeyCaps
 0001:000520DC       Menus
 0001:00000468       MergeBlockAfter
 0001:00000F34       MergeCommit
 0001:0000603C       MessageBeep
 0001:0000027C       MessageBox
 0001:00006044       MessageBox
 0001:000064C4       Messages
 0001:00023754       Min
 0001:00013994       Min
 0001:0006894C       Min
 0002:00000090       MinInfStr
 0001:00067FA0       MinRedraw
 0001:0003F5F0       MinVar
 0002:00002930       MMAvailable
 0002:00000CEC       ModeMap
 0001:000657C0       ModifyExtents
 0001:00068B7C       ModifyPixelScrollBar
 0001:00058900       ModifySystemMenu
 0002:000000D8       Module
 0002:00002661       ModuleIsCpp
 0002:00002660       ModuleIsLib
 0001:00019F88       ModuleUnload
 0002:00000040       ModuleUnloadList
 0002:0000290C       MonitorFromPoint
 0002:00002908       MonitorFromRect
 0002:00002904       MonitorFromWindow
 0002:00000110       MonthDays
 0002:00002B18       Mouse
 0001:00001910       Move
 0001:0006CB4C       MoveColData
 0001:000658CC       MoveExtent
 0001:00005BAC       MoveToEx
 0001:0003BD8C       MoveWindowOrg
 0001:000059BC       MulDiv
 0001:000002FC       MultiByteToWideChar
 0001:0005DF74       MultiLineWidth
 0001:00024364       MultiMon
 0002:00000084       NanStr
 0002:00002685       NegCurrFormat
 0001:00000FC0       NewCommit
 0001:00000FEC       NewCommitAt
 0002:00000A40       NewState
 0001:0006BAE8       NewStrItem
 0002:00002B1C       NewStyleControls
 0001:0000BAB8       NextCharIndex
 0001:00045A3C       NextVisibleZone
 0002:00000414       NilMethod
 0002:00000034       NoErrMsg
 0001:0004DCC8       NormalDraw
 0001:00002F24       NotifyAnyExcept
 0001:00002EF8       NotifyExcept
 0001:00002F58       NotifyExceptFinally
 0001:00013178       NotifyGlobalLoading
 0001:00004DFC       NotifyModuleUnload
 0001:00002ED4       NotifyNonDelphiException
 0001:00002F10       NotifyOnExcept
 0001:00002EB8       NotifyReRaise
 0001:00002F80       NotifyTerminate
 0001:00002F9C       NotifyUnhandled
 0001:00050A40       NthParentOf
 0001:0000FFA8       Null
 0002:00000350       NullAsStringValue
 0002:0000034C       NullStrictConvert
 0002:00002C00       numImpulses
 0001:0003A2A8       ObjectFromHWnd
 0002:00000B64       OEMConverts
 0001:0000604C       OemToAnsi
 0001:00006054       OffsetRect
 0001:000056F4       OffsetRect
 0001:000618FC       OffsetToMaskOffset
 0001:0000605C       OpenClipboard
 0002:00000764       OpenOptions
 0002:000007BC       OpenOptionsEx
 0001:000019E0       OpenText
 0002:00002980       OpenThemeData
 0002:00000CCC       OrientArray
 0002:00000C98       OuterStyles
 0002:00002794       OutOfMemory
 0001:0001D750       OutOfResources
 0002:00002218       Output
 0002:00000354       PackVarCreation
 0001:00061B18       PadInputLiterals
 0001:00061980       PadSubField
 0001:000689F0       PageDown
 0001:00068990       PageUp
 0002:00000714       Pal16
 0001:0001B968       PaletteChanged
 0001:0001DF3C       PaletteFromDIBColorTable
 0001:0001DFE0       PaletteToDIBColorTable
 0002:00000710       PalSize
 0001:00065AF4       ParentEvent
 0001:00045E20       ParentNotLast
 0002:00000B40       Passwords
 0001:00005BB4       PatBlt
 0002:000028E8       PatternManager
 0001:00006064       PeekMessage
 0002:000028DC       PenManager
 0002:000006E0       PenModes
 0002:000006BC       PenStyles
 0001:0003A5A4       PerformEraseBackground
 0001:00005BBC       PlayEnhMetaFile
 0002:00000088       PlusInfStr
 0001:000056EC       Point
 0001:00012090       Point
 0001:000124C8       PointerInModule
 0001:00065534       PointInGridRect
 0001:00040E8C       PointsEqual
 0001:0000628C       PointToSmallPoint
 0001:00005BCC       Polygon
 0001:00005BC4       PolyPolyline
 0002:00002BA8       PopupList
 0001:0000606C       PostMessage
 0001:00006074       PostQuitMessage
 0001:00025418       Printers
 0001:0005A014       ProcessExecute
 0001:00054580       ProcessHorz
 0001:0005A114       ProcessUpdate
 0001:000545EC       ProcessVert
 0001:00031574       ProgressLimitError
 0001:000162A0       PropertyNotFound
 0001:00017508       PropPathError
 0002:00000E30       Props
 0001:00016294       PropValueError
 0001:00065550       PtInRect
 0001:0000607C       PtInRect
 0002:000000D4       PtrToNil
 0001:000086E4       PutExponent
 0002:00002B60       QualifyingSites
 0001:0000B1C8       RaiseAssertException
 0001:000152B4       RaiseException
 0001:00000234       RaiseException
 0002:00002014       RaiseExceptionProc
 0001:0000C318       RaiseLastOSError
 0002:00000008       RandSeed
 0001:00046B90       ReadControlName
 0001:00018748       ReadCustomVariant
 0001:0001627C       ReadError
 0001:0000023C       ReadFile
 0001:000059C4       ReadFile
 0001:0001E28C       ReadIcon
 0001:00002144       ReadLine
 0002:00000B48       ReadOnlys
 0001:00005BD4       RealizePalette
 0001:00016ABC       Recover
 0001:000056D0       Rect
 0001:000120B8       Rect
 0001:00005BE4       Rectangle
 0001:00005BDC       RectVisible
 0001:00006084       RedrawWindow
 0002:00002818       RefAnyProc
 0002:00002A44       ReferenceCount
 0001:0000582C       RegCloseKey
 0001:00000304       RegCloseKey
 0002:0000285C       RegGroups
 0001:00012C6C       RegisterClass
 0001:0000608C       RegisterClass
 0001:00006094       RegisterClipboardFormat
 0001:0003B0FC       RegisterDockSite
 0001:00012FE0       RegisterFindGlobalComponentProc
 0001:00012EB4       RegisterIntegerConsts
 0001:00004E58       RegisterModule
 0001:00024770       RegisterViewer
 0001:0000609C       RegisterWindowMessage
 0001:0002D470       Registry
 0001:0000030C       RegOpenKeyEx
 0001:00005834       RegOpenKeyEx
 0001:00000314       RegQueryValueEx
 0001:0000583C       RegQueryValueEx
 0001:00026378       RegStr
 0001:000060A4       ReleaseCapture
 0001:000060AC       ReleaseDC
 0002:00000050       reMap
 0002:00002618       remBytes
 0001:000004D8       RemoveBlock
 0002:000003F0       RemoveDataModule
 0001:0001614C       RemoveFixupReferences
 0001:000161F8       RemoveFixups
 0001:000164F0       RemoveGlobalFixup
 0001:000060B4       RemoveMenu
 0001:00004D74       RemoveModuleUnloadProc
 0001:00004D9C       RemoveModuleUnloadProc
 0001:000060BC       RemoveProp
 0001:000059CC       ResetEvent
 0001:00018D60       ResetSyncEvent
 0001:00001474       ResizeInPlace
 0001:0006A568       ResizeLine
 0001:00005BEC       RestoreDC
 0001:00053F20       RestoreFocusState
 0001:00069B4C       Restrict
 0001:00014150       ReturnAddr
 0001:0001343C       ReturnAddr
 0001:0004CA88       ReturnAddr
 0001:0001DCBC       RGBQuadToTriple
 0001:0001DC84       RGBTripleToQuad
 0001:000262D0       RichEdit
 0001:00065BC8       RightSide
 0002:00002B30       RM_GetObjectInstance
 0002:00002BC4       RM_TaskbarCreated
 0002:00002614       rover
 0002:00000AB8       RRStyles
 0002:00000A5C       RTFConversionFormat
 0002:00000A7C       RTL
 0002:00000A84       RTL
 0002:00000A74       RTL
 0001:0001021C       RTLConsts
 0001:00000244       RtlUnwind
 0002:00002018       RTLUnwindProc
 0002:000000A0       runErrMsg
 0001:00001818       RunErrorAt
 0001:0000D2F8       SafeArrayCreate
 0001:0000D300       SafeArrayGetLBound
 0001:0000D308       SafeArrayGetUBound
 0001:0000D310       SafeArrayPtrOfIndex
 0001:0000C940       SafeLoadLibrary
 0001:00007568       SameText
 0001:00005BF4       SaveDC
 0001:00053F18       SaveFocusState
 0001:00009DD0       ScanBlanks
 0001:00009F14       ScanChar
 0001:0000A090       ScanDate
 0001:00009DF4       ScanNumber
 0001:00009E88       ScanString
 0001:0000A3D4       ScanTime
 0001:00009F98       ScanToNumber
 0002:00002BBC       Screen
 0002:00002894       ScreenLogPixels
 0001:000060C4       ScreenToClient
 0002:00000B88       ScrollBar
 0001:000696D0       ScrollBarVisible
 0001:00054738       ScrollBarVisible
 0001:000060CC       ScrollWindow
 0001:000060D4       ScrollWindowEx
 0001:00001020       SearchSmallBlocks
 0001:00065B68       Selection
 0001:00005BFC       SelectObject
 0001:00005C04       SelectPalette
 0001:0003A338       SendAppMessage
 0001:00054188       SendFocusMessage
 0001:000060DC       SendMessage
 0001:00065AC0       SendToParent
 0002:00000D8C       Separators
 0001:0000195C       Set8087CW
 0001:000060E4       SetActiveWindow
 0001:0005BA24       SetAnimation
 0001:000697B8       SetAxisRange
 0001:00005C0C       SetBkColor
 0001:00005C14       SetBkMode
 0001:00005C1C       SetBrushOrgEx
 0001:000060EC       SetCapture
 0001:0003A620       SetCaptureControl
 0001:000060F4       SetClassLong
 0001:0000FB34       SetClearVarToEmptyParam
 0001:000060FC       SetClipboardData
 0001:0002EEB8       SetComCtlStyle
 0001:00016C2C       SetCompName
 0001:00006104       SetCursor
 0001:00005C24       SetDIBColorTable
 0001:0000024C       SetEndOfFile
 0001:000059D4       SetEndOfFile
 0001:00005C2C       SetEnhMetaFileBits
 0001:000059DC       SetErrorMode
 0001:000059E4       SetEvent
 0001:000034AC       SetExceptionHandler
 0001:00000254       SetFilePointer
 0001:000059EC       SetFilePointer
 0001:00010680       SetFloatProp
 0001:0000610C       SetFocus
 0001:00006114       SetForegroundWindow
 0001:00069834       SetHorzRange
 0001:000488BC       SetImeMode
 0001:0000189C       SetInOutRes
 0001:00010904       SetInt64Prop
 0001:00010940       SetInterfaceProp
 0001:000177E8       SetInterfaceReference
 0001:00017704       SetIntIdent
 0001:0000611C       SetKeyboardState
 0002:00000E04       SetLayeredWindowAttributes
 0001:000104E8       SetLongStrProp
 0001:00005C34       SetMapMode
 0001:00006124       SetMenu
 0001:0000612C       SetMenuItemInfo
 0001:000108CC       SetMethodProp
 0001:0001774C       SetObjectIdent
 0001:000103F0       SetOrdProp
 0001:00006134       SetParent
 0001:00005C3C       SetPixel
 0001:0000613C       SetProp
 0001:00006144       SetRect
 0001:00005C44       SetROP2
 0001:000694E0       SetScroll
 0001:0000614C       SetScrollInfo
 0001:00006154       SetScrollPos
 0001:0000615C       SetScrollRange
 0001:0001044C       SetShortStrProp
 0001:000104A0       SetShortStrPropAsLongStr
 0001:00005C4C       SetStretchBltMode
 0001:00010580       SetStrProp
 0001:00016A34       SetSubComponentState
 0001:00005C54       SetTextColor
 0002:00002A28       SetThemeAppProperties
 0001:000059F4       SetThreadLocale
 0001:00006164       SetTimer
 0001:0000FB1C       SetVarAsError
 0001:0001088C       SetVariantProp
 0001:0001778C       SetVariantReference
 0001:000698C8       SetVertRange
 0001:00005C5C       SetViewportExtEx
 0001:00005C64       SetViewportOrgEx
 0001:0005DA84       SetVisible
 0001:000105AC       SetWideStrProp
 0001:00010528       SetWideStrPropAsLongStr
 0001:00005C74       SetWindowExtEx
 0001:0000616C       SetWindowLong
 0001:00005C7C       SetWindowOrgEx
 0001:00006174       SetWindowPlacement
 0001:0000617C       SetWindowPos
 0001:0000618C       SetWindowsHookEx
 0001:00006184       SetWindowText
 0002:000029EC       SetWindowTheme
 0001:00005C6C       SetWinMetaFileBits
 0002:00000180       ShareMode
 0001:00026340       ShellAPI
 0002:00002AE8       ShellModule
 0001:00026454       ShlObj
 0001:0004CAB0       ShortCut
 0002:00002BAC       ShortCutItems
 0001:0004CB3C       ShortCutToText
 0002:0000268C       ShortDateFormat
 0002:00002708       ShortDayNames
 0002:000026A8       ShortMonthNames
 0002:000026A0       ShortTimeFormat
 0002:00000E7C       ShowCommands
 0002:00000E64       ShowCommands
 0002:00000E70       ShowCommands
 0001:00006194       ShowCursor
 0001:0000ADC8       ShowException
 0002:00000F18       ShowFlags
 0002:00000C80       ShowFlags
 0001:00053F28       ShowMDIClientEdge
 0001:0000619C       ShowOwnedPopups
 0001:000061A4       ShowScrollBar
 0001:000061AC       ShowWindow
 0001:0005BA4C       ShowWinNoAnimate
 0001:00047E28       ShowZone
 0002:00000CE0       SizeCursors
 0001:000059FC       SizeofResource
 0001:0001827C       SkipBinary
 0001:000182AC       SkipCollection
 0001:00018254       SkipList
 0001:0000C310       Sleep
 0001:00005A04       Sleep
 0001:00072070       SlipnetUnit
 0001:000120A8       SmallPoint
 0001:00006278       SmallPointToPoint
 0002:00002620       smallTab
 0002:000025E8       spaceRoot
 0002:00000F2C       SPAIndexMask
 0002:00000F30       SPASecShift
 0001:000728F4       SpecialFunctions
 0001:0006EC70       Spin
 0001:0007433C       squarename
 0001:00066D2C       StackAlloc
 0001:00066D5C       StackFree
 0001:00012D28       StartClassGroup
 0001:000370C4       StdActns
 0001:00036F5C       StdCtrls
 0001:00019F90       StdWndProc
 0002:0000289C       StockBrush
 0002:000028A0       StockFont
 0002:000028A4       StockIcon
 0002:00002898       StockPen
 0001:0006C3D0       StoreItem
 0001:00008134       StrAlloc
 0001:00008148       StrBufSize
 0001:0000B868       StrByteType
 0001:0000BA54       StrCharLength
 0001:00008010       StrComp
 0001:00007F70       StrCopy
 0001:00008180       StrDispose
 0001:0004B26C       StreamsEqual
 0001:00007F4C       StrEnd
 0001:00005C84       StretchBlt
 0001:00008590       StrFmt
 0001:00008034       StrIComp
 0001:00015150       StringListCompareStrings
 0001:00076CAC       StringTrajectory
 0001:00051E78       StripHotkey
 0001:00007F98       StrLCopy
 0001:00007F34       StrLen
 0001:000085D0       StrLFmt
 0001:00008074       StrLIComp
 0001:00007F60       StrMove
 0001:00008154       StrNew
 0001:0000BA74       StrNextChar
 0001:00008120       StrPas
 0001:00007FCC       StrPCopy
 0001:00007FF0       StrPLCopy
 0001:000080CC       StrPos
 0001:000080B8       StrScan
 0001:00007A40       StrToInt
 0001:00007A7C       StrToIntDef
 0001:00029B44       StrUtils
 0002:00000E58       Styles
 0001:0000C8A8       Supports
 0001:0000C884       Supports
 0002:00002850       SyncEvent
 0002:0000041C       SyncList
 0001:000258DC       SyncObjs
 0001:0000032C       SysAllocStringLen
 0001:000067D4       SysConst
 0002:00000E28       SysConsts
 0002:00000E20       SysConsts
 0001:0000A688       SysErrorMessage
 0001:000012D0       SysFreeMem
 0001:0000033C       SysFreeString
 0001:00001140       SysGetMem
 0001:000056C8       SysInit
 0002:00002740       SysLocale
 0001:00001650       SysReallocMem
 0001:00000334       SysReAllocStringLen
 0001:000054BC       System
 0002:0000288C       SystemPalette16
 0001:0001DEA4       SystemPaletteOverride
 0001:000061B4       SystemParametersInfo
 0001:0000CE14       SysUtils
 0001:0002F000       TabControlError
 0002:00000AAC       TabStyles
 0001:00049750       TActionLink.IsCaptionLinked
 0001:00049764       TActionLink.IsCheckedLinked
 0001:00049778       TActionLink.IsEnabledLinked
 0001:0004978C       TActionLink.IsGroupIndexLinked
 0001:000497A0       TActionLink.IsHelpContextLinked
 0001:000497B4       TActionLink.IsHelpLinked
 0001:000497C8       TActionLink.IsHintLinked
 0001:000497DC       TActionLink.IsImageIndexLinked
 0001:000497F0       TActionLink.IsShortCutLinked
 0001:00049804       TActionLink.IsVisibleLinked
 0001:00049818       TActionLink.SetAutoCheck
 0001:0004981C       TActionLink.SetCaption
 0001:00049820       TActionLink.SetChecked
 0001:00049824       TActionLink.SetEnabled
 0001:00049828       TActionLink.SetGroupIndex
 0001:0004982C       TActionLink.SetHelpContext
 0001:00049830       TActionLink.SetHelpKeyword
 0001:00049834       TActionLink.SetHelpType
 0001:00049838       TActionLink.SetHint
 0001:0004983C       TActionLink.SetImageIndex
 0001:00049840       TActionLink.SetShortCut
 0001:00049844       TActionLink.SetVisible
 0001:0005E020       TApplication.ActivateHint
 0001:0005CBE4       TApplication.BringToFront
 0001:0005DD88       TApplication.CancelHint
 0001:0005C1C8       TApplication.CheckIniChange
 0001:0005BF44       TApplication.ControlDestroyed
 0001:0005BA8C       TApplication.Create
 0001:0005D074       TApplication.CreateForm
 0001:0005BD94       TApplication.CreateHandle
 0001:0005BC78       TApplication.Destroy
 0001:0005E3F0       TApplication.DispatchAction
 0001:0005D754       TApplication.DoActionIdle
 0001:0005D7B8       TApplication.DoMouseIdle
 0001:0005C014       TApplication.DoNormalizeTopMosts
 0001:0005E480       TApplication.ExecuteAction
 0001:0005E3B4       TApplication.GetCurrentHelpFile
 0001:0005CA18       TApplication.GetIconHandle
 0001:0005CC20       TApplication.GetTitle
 0001:0005D1F4       TApplication.HandleException
 0001:0005CF60       TApplication.HandleMessage
 0001:0005D6FC       TApplication.HelpCommand
 0001:0005D694       TApplication.HelpContext
 0001:0005D62C       TApplication.HelpKeyword
 0001:0005DD44       TApplication.HideHint
 0001:0005DBFC       TApplication.HintMouseMessage
 0001:0005DD0C       TApplication.HintTimerExpired
 0001:0005CF84       TApplication.HookMainWindow
 0001:0005E52C       TApplication.HookSynchronizeWakeup
 0001:0005D98C       TApplication.IconChanged
 0001:0005D830       TApplication.Idle
 0001:0005D05C       TApplication.Initialize
 0001:0005D4C4       TApplication.InvokeHelp
 0001:0005CCFC       TApplication.IsDlgMsg
 0001:0005CE28       TApplication.IsHintMsg
 0001:0005CD70       TApplication.IsKeyMsg
 0001:0005CD20       TApplication.IsMDIMsg
 0001:0005CE5C       TApplication.IsShortCut
 0001:0005D284       TApplication.MessageBox
 0001:0005CA34       TApplication.Minimize
 0001:0005C0F0       TApplication.ModalFinished
 0001:0005C0C4       TApplication.ModalStarted
 0001:0005C124       TApplication.NormalizeAllTopMosts
[...]
   139 0001:00072759   140 0001:0007278F   141 0001:000727C5   142 0001:000727D3
   143 0001:000727E1   147 0001:000727EF   149 0001:000727F9   150 0001:00072806
   151 0001:0007283C   152 0001:00072872   153 0001:00072880   154 0001:0007288E
   157 0001:0007289C   159 0001:000728F4   159 0001:000728FB

Line numbers for Insert_Delete_Move_Impulses(Insert_Delete_Move_Impulses.pas) segment .text

    10 0001:0007292C    10 0001:00072933

Line numbers for WorkingMemoryUnit(WorkingMemoryUnit.pas) segment .text

    41 0001:00072990    42 0001:0007299C    43 0001:000729AB    45 0001:000729D0
    46 0001:000729E4    47 0001:000729EF    48 0001:000729FA    43 0001:000729FD
    49 0001:00072A05    55 0001:00072A0C    56 0001:00072A1B    59 0001:00072A29
    61 0001:00072A48    62 0001:00072A56    63 0001:00072A67    65 0001:00072A86
    66 0001:00072A94    67 0001:00072AA2    63 0001:00072AA5    68 0001:00072AAA
    59 0001:00072AAD    69 0001:00072AB2    73 0001:00072AB8    74 0001:00072AC4
    75 0001:00072AD4    77 0001:00072AF3    78 0001:00072B01    79 0001:00072B09
    75 0001:00072B0C    80 0001:00072B11    84 0001:00072B18    85 0001:00072B24
    86 0001:00072B33    87 0001:00072B41    89 0001:00072B60    90 0001:00072B76
    91 0001:00072B82    92 0001:00072B8D    87 0001:00072B90    93 0001:00072B95
    94 0001:00072B9E    98 0001:00072BA4    99 0001:00072BB0   100 0001:00072BBF
   102 0001:00072BE6   103 0001:00072BFC   104 0001:00072C08   105 0001:00072C13
   100 0001:00072C16   106 0001:00072C1B   107 0001:00072C24   128 0001:00072C28
   129 0001:00072C3A   130 0001:00072C48   131 0001:00072C4F   134 0001:00072C56
   135 0001:00072C6A   136 0001:00072C8C   132 0001:00072C97   138 0001:00072CA8
   140 0001:00072CAE   141 0001:00072CC2   144 0001:00072CCA   145 0001:00072CD2
   149 0001:00072CD8   150 0001:00072CF0   151 0001:00072D05   153 0001:00072D10
   154 0001:00072D17   156 0001:00072D1E   157 0001:00072D57   158 0001:00072D90
   159 0001:00072DBC   160 0001:00072DE8   154 0001:00072DEB   160 0001:00072DF5
   153 0001:00072DF8   161 0001:00072E1D   165 0001:00072E24   166 0001:00072E30
   167 0001:00072E41   169 0001:00072E4E   171 0001:00072E57   173 0001:00072E7A
   174 0001:00072E88   175 0001:00072EC6   171 0001:00072EC9   178 0001:00072ED0
   180 0001:00072EEF   181 0001:00072EFD   182 0001:00072F3B   178 0001:00072F3E
   184 0001:00072F43   185 0001:00072F50   186 0001:00072F84   186 0001:00072F8B

Line numbers for ExternalMemoryUnit(ExternalMemoryUnit.pas) segment .text

   150 0001:0007330C   151 0001:0007331E   152 0001:0007332D   154 0001:00073352
   156 0001:00073366   157 0001:00073387   158 0001:000733A2   159 0001:000733AD
   152 0001:000733B0   160 0001:000733B5   161 0001:000733BE   165 0001:000733C4
   166 0001:000733D9   168 0001:00073422   169 0001:00073430   170 0001:0007343D
   171 0001:0007344A   172 0001:0007345B   173 0001:00073466   174 0001:00073471
   175 0001:00073482   176 0001:0007348D   177 0001:00073498   179 0001:000734B0
   184 0001:000734B8   185 0001:000734C7   187 0001:00073516   188 0001:00073527
   189 0001:00073534   190 0001:00073541   191 0001:00073552   192 0001:0007355D
   193 0001:00073568   194 0001:00073573   195 0001:00073587   196 0001:00073592
   197 0001:0007359D   198 0001:000735AB   200 0001:000735C5   210 0001:000735DD
   211 0001:000735EE   213 0001:000735F7   214 0001:00073604   221 0001:0007360E
   225 0001:00073614   226 0001:0007361D   227 0001:00073628   229 0001:00073647
   230 0001:00073655   231 0001:00073669   227 0001:0007366C   232 0001:00073671
   236 0001:00073678   237 0001:0007368D   238 0001:0007369A   239 0001:000736CB
   240 0001:000736EC   241 0001:0007370A   242 0001:00073728   243 0001:00073746
   244 0001:00073764   246 0001:00073780   247 0001:0007378B   251 0001:00073794
   251 0001:0007379B   255 0001:000737A0   256 0001:000737A9   257 0001:000737B8
   259 0001:000737DD   260 0001:000737F1   261 0001:000737FA   262 0001:00073808
   257 0001:0007380B   263 0001:00073810   264 0001:00073819   268 0001:00073820
   269 0001:00073829   270 0001:00073838   272 0001:0007385D   273 0001:00073871
   274 0001:0007387A   275 0001:00073888   270 0001:0007388B   276 0001:00073890
   277 0001:00073899   281 0001:000738A0   282 0001:000738A9   283 0001:000738B8
   285 0001:000738DD   286 0001:000738F1   287 0001:000738FA   288 0001:00073905
   283 0001:00073908   289 0001:0007390D   290 0001:00073916   295 0001:0007391C
   296 0001:00073925   297 0001:00073930   298 0001:00073939   299 0001:0007393F
   300 0001:00073946   304 0001:0007394C   305 0001:00073955   306 0001:00073960
   307 0001:00073969   308 0001:0007396F   309 0001:00073976   313 0001:0007397C
   314 0001:0007398E   315 0001:00073999   316 0001:000739DC   320 0001:000739E4
   321 0001:00073A06   322 0001:00073A15   323 0001:00073A31   324 0001:00073A59
   328 0001:00073A60   329 0001:00073A72   330 0001:00073A8C   329 0001:00073A9A
   331 0001:00073A9F   389 0001:00073AA8   391 0001:00073ABB   392 0001:00073ACA
   393 0001:00073AD0   394 0001:00073AD6   395 0001:00073B18   397 0001:00073B25
   398 0001:00073B3A   399 0001:00073B47   400 0001:00073B58   401 0001:00073B65
   402 0001:00073B70   404 0001:00073B7A   405 0001:00073B87   406 0001:00073BD5
   407 0001:00073C17   408 0001:00073C59   409 0001:00073C65   410 0001:00073C72
   402 0001:00073C7D   412 0001:00073C87   413 0001:00073C94   414 0001:00073CE2
   417 0001:00073CEF   418 0001:00073CF8   422 0001:00073D00   423 0001:00073D12
   424 0001:00073D16   426 0001:00073D5F   427 0001:00073D63   428 0001:00073D71
   430 0001:00073D94   431 0001:00073DA2   432 0001:00073DE9   433 0001:00073DFE
   434 0001:00073E02   428 0001:00073E05   436 0001:00073E0D   443 0001:00073E14
   452 0001:00073E1D   453 0001:00073E34   455 0001:00073E43   457 0001:00073E48
   459 0001:00073E4C   460 0001:00073E5B   463 0001:00073E6E   466 0001:00073E78
   467 0001:00073E86   468 0001:00073E97   470 0001:00073ED9   473 0001:00073F48
   474 0001:00073F53   476 0001:00073F63   478 0001:00073FB5   479 0001:0007403C
   480 0001:00074047   482 0001:00074057   484 0001:000740AE   485 0001:00074135
   486 0001:00074140   488 0001:0007414B   464 0001:00074156   490 0001:00074165
   491 0001:00074169   492 0001:00074174   495 0001:0007417E   496 0001:0007418C
   497 0001:00074194   498 0001:000741A4   501 0001:000741AE   502 0001:000741BC
   503 0001:000741CD   505 0001:00074216   508 0001:00074221   509 0001:00074265
   511 0001:000742AA   499 0001:000742B5   513 0001:000742C4   493 0001:000742CF
   516 0001:000742DE   517 0001:000742E6   520 0001:000742ED   521 0001:00074302
   518 0001:0007430D   523 0001:00074318   524 0001:00074320   461 0001:00074328
   526 0001:00074335   531 0001:0007433C   532 0001:0007434E   533 0001:0007435C
   537 0001:00074364   538 0001:00074390   539 0001:000743C7   540 0001:000743D6
   541 0001:000743E5   542 0001:000743F4   543 0001:00074403   544 0001:00074412
   545 0001:00074421   546 0001:00074430   548 0001:0007443D   550 0001:0007444F
   553 0001:0007445E   554 0001:00074470   555 0001:0007448C   557 0001:0007449A
   558 0001:000744C7   562 0001:0007453C   563 0001:0007454E   564 0001:0007455C
   565 0001:00074562   566 0001:00074573   570 0001:0007457C   571 0001:00074588
   572 0001:00074590   573 0001:0007459F   574 0001:000745A6   575 0001:000745AD
   577 0001:000745CD   578 0001:000745DA   579 0001:000745EB   580 0001:0007463D
   581 0001:00074645   582 0001:00074650   574 0001:00074653   582 0001:0007465D
   573 0001:00074660   583 0001:0007466A   584 0001:00074673   601 0001:00074678
   602 0001:000746A1   603 0001:000746B1   604 0001:000746C7   605 0001:000746D3
   606 0001:000746E4   607 0001:00074752   612 0001:0007478C   613 0001:0007479E
   614 0001:000747A5   615 0001:000747B2   616 0001:000747C3   618 0001:000747E8
   619 0001:000747FE   620 0001:00074809   621 0001:00074824   623 0001:0007483F
   625 0001:00074845   616 0001:00074848   626 0001:00074850   629 0001:00074858
   630 0001:0007486A   631 0001:0007487E   635 0001:00074884   636 0001:0007488D
   637 0001:00074892   638 0001:00074899   640 0001:000748A0   642 0001:0007492D
   644 0001:00074938   638 0001:0007493B   644 0001:00074945   637 0001:00074948
   645 0001:00074952   646 0001:0007495E   651 0001:00074964   652 0001:00074986
   653 0001:0007498F   654 0001:000749AB   655 0001:000749E0   656 0001:000749F0
   657 0001:00074A1D   664 0001:00074A54   665 0001:00074A66   666 0001:00074A75
   669 0001:00074A81   670 0001:00074A8F   673 0001:00074A9B   674 0001:00074AA8
   675 0001:00074AC4   676 0001:00074AE1   677 0001:00074AEC   678 0001:00074B43
   671 0001:00074B4E   681 0001:00074B91   682 0001:00074B9F   685 0001:00074BAB
   686 0001:00074BB8   687 0001:00074BD4   688 0001:00074BF1   689 0001:00074BFC
   690 0001:00074C53   683 0001:00074C5E   693 0001:00074CA0   694 0001:00074CAE
   697 0001:00074CBA   698 0001:00074CC7   699 0001:00074CE3   700 0001:00074D00
   701 0001:00074D0B   702 0001:00074D62   695 0001:00074D6D   705 0001:00074DAF
   706 0001:00074DBD   709 0001:00074DC9   710 0001:00074DD6   711 0001:00074DF2
   712 0001:00074E0F   713 0001:00074E1A   714 0001:00074E71   707 0001:00074E7C
   717 0001:00074EBD   718 0001:00074EC9   721 0001:00074ED5   722 0001:00074EE2
   723 0001:00074EFE   724 0001:00074F1B   725 0001:00074F26   726 0001:00074F7D
   719 0001:00074F88   729 0001:00074FA8   730 0001:00074FB4   733 0001:00074FC0
   734 0001:00074FCD   735 0001:00074FE9   736 0001:00075006   737 0001:00075011
   738 0001:00075068   731 0001:00075073   741 0001:00075092   742 0001:0007509E
   745 0001:000750AA   746 0001:000750B7   747 0001:000750D3   748 0001:000750F0
   749 0001:000750FB   750 0001:00075152   743 0001:0007515D   753 0001:0007517C
   754 0001:00075188   757 0001:00075194   758 0001:000751A1   759 0001:000751BD
   760 0001:000751DA   761 0001:000751E5   762 0001:0007523C   755 0001:00075247
   764 0001:00075267   765 0001:00075270   768 0001:00075278   769 0001:0007528A
   770 0001:0007529B   775 0001:000752A4   776 0001:000752B6   777 0001:000752C7
   781 0001:000752D0   782 0001:000752E2   784 0001:000752F1   785 0001:000752F8
   786 0001:000752FF   788 0001:00075334   789 0001:00075344   790 0001:00075354
   792 0001:00075378   793 0001:00075385   794 0001:0007538D   795 0001:00075396
   797 0001:000753A1   785 0001:000753A4   797 0001:000753AE   784 0001:000753B1
   798 0001:000753BB   799 0001:000753C4   805 0001:000753CC   806 0001:000753DE
   807 0001:000753ED   809 0001:000753FA   811 0001:00075404   812 0001:0007540A
   814 0001:0007541A   816 0001:00075448   817 0001:00075455   818 0001:0007545D
   819 0001:00075466   821 0001:00075471   824 0001:00075486   826 0001:0007549C
   828 0001:000754FE   829 0001:0007550B   830 0001:00075513   831 0001:0007551C
   834 0001:00075527   822 0001:00075532   840 0001:0007554D   842 0001:00075557
   843 0001:0007555D   845 0001:0007556D   847 0001:0007559B   848 0001:000755A8
   849 0001:000755B0   850 0001:000755B9   853 0001:000755C4   856 0001:000755D9
   858 0001:000755EF   860 0001:00075651   861 0001:0007565E   862 0001:00075666
   863 0001:0007566F   866 0001:0007567A   854 0001:00075685   870 0001:0007569B
   871 0001:000756A4   878 0001:000756AC   879 0001:000756BE   880 0001:000756CD
   883 0001:000756D9   884 0001:000756E7   887 0001:000756F3   888 0001:00075700
   889 0001:0007571C   890 0001:00075739   891 0001:00075744   892 0001:0007579B
   885 0001:000757A6   895 0001:000757E9   896 0001:000757F7   899 0001:00075803
   900 0001:00075810   901 0001:0007582C   902 0001:00075849   903 0001:00075854
   904 0001:000758AB   897 0001:000758B6   907 0001:000758F8   908 0001:00075906
   911 0001:00075912   912 0001:0007591F   913 0001:0007593B   914 0001:00075958
   915 0001:00075963   916 0001:000759BA   909 0001:000759C5   919 0001:00075A07
   920 0001:00075A15   923 0001:00075A21   924 0001:00075A2E   925 0001:00075A4A
   926 0001:00075A67   927 0001:00075A72   928 0001:00075AC9   921 0001:00075AD4
   930 0001:00075B15   931 0001:00075B1E   934 0001:00075B24   935 0001:00075B36
   936 0001:00075B47   943 0001:00075B50   944 0001:00075B62   945 0001:00075B71
   948 0001:00075B7D   949 0001:00075B89   952 0001:00075B95   953 0001:00075BA2
   954 0001:00075BBE   955 0001:00075BDB   956 0001:00075BE6   957 0001:00075C3D
   950 0001:00075C48   960 0001:00075C68   961 0001:00075C74   964 0001:00075C80
   965 0001:00075C8D   966 0001:00075CA9   967 0001:00075CC6   968 0001:00075CD1
   969 0001:00075D28   962 0001:00075D33   972 0001:00075D52   973 0001:00075D5E
   976 0001:00075D6A   977 0001:00075D77   978 0001:00075D93   979 0001:00075DB0
   980 0001:00075DBB   981 0001:00075E12   974 0001:00075E1D   984 0001:00075E3C
   985 0001:00075E48   988 0001:00075E54   989 0001:00075E61   990 0001:00075E7D
   991 0001:00075E9A   992 0001:00075EA5   993 0001:00075EFC   986 0001:00075F07
   995 0001:00075F27   996 0001:00075F30  1000 0001:00075F38  1001 0001:00075F4A
  1002 0001:00075F5B  1010 0001:00075F64  1011 0001:00075F76  1012 0001:00075F85
  1013 0001:00075F8C  1014 0001:00075F93  1016 0001:00075FA5  1017 0001:00075FB5
  1018 0001:00075FC5  1020 0001:00075FE9  1021 0001:00075FF6  1022 0001:00075FFE
  1023 0001:00076007  1025 0001:00076012  1013 0001:00076015  1025 0001:0007601F
  1012 0001:00076022  1026 0001:0007602C  1027 0001:00076035  1031 0001:0007603C
  1032 0001:0007604E  1033 0001:0007605D  1035 0001:0007606A  1037 0001:00076074
  1039 0001:00076084  1042 0001:00076096  1044 0001:000760A8  1045 0001:000760B5
  1046 0001:000760BD  1047 0001:000760C6  1049 0001:000760D1  1040 0001:000760DC
  1055 0001:000760F3  1057 0001:000760F9  1059 0001:00076109  1062 0001:0007611B
  1064 0001:0007612D  1065 0001:0007613A  1066 0001:00076142  1067 0001:0007614B
  1069 0001:00076156  1060 0001:00076161  1073 0001:00076173  1074 0001:0007617C
  1077 0001:00076184  1078 0001:00076196  1079 0001:000761A7  1083 0001:000761B0
  1084 0001:000761C8  1085 0001:000761CF  1087 0001:000761D6  1088 0001:000761FF
  1089 0001:00076228  1090 0001:00076261  1085 0001:00076264  1090 0001:0007626E
  1084 0001:00076271  1091 0001:00076296  1100 0001:0007629C  1101 0001:000762BD
  1103 0001:000762D2  1104 0001:00076300  1105 0001:00076349  1113 0001:00076354
  1114 0001:0007635B  1115 0001:00076376  1116 0001:00076386  1117 0001:00076393
  1118 0001:000763A5  1121 0001:000763E8  1122 0001:000763EF  1123 0001:0007640A
  1124 0001:0007641A  1125 0001:00076427  1126 0001:00076439  1129 0001:0007647C
  1130 0001:00076483  1131 0001:0007649E  1132 0001:000764AE  1133 0001:000764C0
  1134 0001:000764CD  1137 0001:00076518  1138 0001:0007651F  1139 0001:0007653A
  1140 0001:0007654A  1141 0001:00076557  1142 0001:00076569  1145 0001:000765B4
  1146 0001:000765BB  1147 0001:000765D6  1148 0001:000765E6  1149 0001:000765F3
  1150 0001:00076605  1153 0001:00076648  1154 0001:0007664F  1155 0001:0007666A
  1156 0001:0007667A  1157 0001:00076687  1158 0001:00076699  1163 0001:000766DC
  1164 0001:000766FD  1165 0001:0007670C  1166 0001:0007671C  1167 0001:00076730
  1168 0001:00076739  1169 0001:00076742  1170 0001:00076754  1172 0001:0007675B
  1173 0001:00076762  1175 0001:00076769  1176 0001:000767AC  1177 0001:000767ED
  1178 0001:00076830  1179 0001:00076873  1173 0001:00076876  1179 0001:00076880
  1172 0001:00076883  1181 0001:0007688D  1182 0001:000768BD  1187 0001:000768C8
  1188 0001:000768D4  1190 0001:000768E1  1191 0001:00076908  1193 0001:0007692F
  1195 0001:00076944  1196 0001:00076976  1197 0001:00076984  1198 0001:000769AD
  1215 0001:000769B4  1216 0001:000769C5  1217 0001:000769DE  1220 0001:00076A14
  1220 0001:00076A1B

Line numbers for AbstractImpulses(AbstractImpulses.pas) segment .text

    90 0001:00076CAC    91 0001:00076CD1    92 0001:00076CD6    93 0001:00076CE4
    96 0001:00076D04    97 0001:00076D0F    98 0001:00076D1D    94 0001:00076D48
   100 0001:00076D5D   101 0001:00076D6A   102 0001:00076D97   130 0001:00076DB4
   131 0001:00076DBD   133 0001:00076DC6   135 0001:00076DCB   136 0001:00076DDD
   138 0001:00076DF6   141 0001:00076DFD   142 0001:00076E14   144 0001:00076E22
   145 0001:00076E3C   147 0001:00076E4E   139 0001:00076E59   151 0001:00076E6D
   152 0001:00076E76   157 0001:00076E7C   158 0001:00076E97   159 0001:00076EA0
   160 0001:00076EA9   161 0001:00076ED5   166 0001:00076EDC   167 0001:00076F13
   169 0001:00076F1C   170 0001:00076F23   175 0001:00076F33   176 0001:00076F4E
   178 0001:00076F61   179 0001:00076F7F   181 0001:00076F89   182 0001:00076FAF
   183 0001:00076FCE   184 0001:00077033   186 0001:0007705D   187 0001:0007706F
   190 0001:00077080   192 0001:0007708B   195 0001:0007709B   196 0001:000770A8
   197 0001:000770B5   198 0001:000770C6   199 0001:000770D4   200 0001:000770E2
   201 0001:000770F0   202 0001:000770FE   203 0001:0007711A   204 0001:00077128
   205 0001:00077133   208 0001:00077178   212 0001:00077218   213 0001:00077233
   214 0001:0007723C   215 0001:00077245   216 0001:00077271   244 0001:00077278
   245 0001:000772B2   247 0001:000772BB   248 0001:000772C2   253 0001:000772D2
   254 0001:000772EB   256 0001:0007730A   257 0001:0007731B   262 0001:0007732F
   265 0001:0007735C   267 0001:00077377   268 0001:0007737E   269 0001:00077399
   268 0001:000773B9   271 0001:000773BF   273 0001:000773E3   274 0001:00077436
   275 0001:0007744C   277 0001:0007745E   278 0001:00077480   282 0001:000774D3
   283 0001:000774E3   284 0001:000774F7   287 0001:00077512   288 0001:00077522
   289 0001:00077536   290 0001:00077542   291 0001:00077557   292 0001:00077568
   293 0001:0007757B   294 0001:00077592   295 0001:000775B4   294 0001:000775D7
   297 0001:000775DC   301 0001:000775F2   302 0001:00077603   304 0001:00077617
   305 0001:0007763E   306 0001:0007766B   309 0001:000776AB   310 0001:000776B9
   311 0001:000776C1   312 0001:000776D1   313 0001:000776E2   320 0001:00077700
   322 0001:0007770D   323 0001:0007771C   324 0001:00077728   325 0001:00077734
   326 0001:00077740   327 0001:0007774E   328 0001:0007775A   329 0001:00077763
   330 0001:00077777   335 0001:00077786   262 0001:00077789   338 0001:00077792
   339 0001:000777A0   254 0001:000777A3   341 0001:000777D2   346 0001:0007789C
   347 0001:000778B7   348 0001:000778C0   349 0001:000778C9   350 0001:000778F5
   354 0001:000778FC   355 0001:00077933   357 0001:0007793C   359 0001:000779AD
   363 0001:000779B4   364 0001:000779CF   366 0001:000779E2   367 0001:00077A00
   368 0001:00077A12   371 0001:00077A1E   372 0001:00077A44   373 0001:00077A63
   374 0001:00077AC2   377 0001:00077AEC   382 0001:00077B21   386 0001:00077BA8
   387 0001:00077BC3   388 0001:00077BCC   389 0001:00077BD5   390 0001:00077C01
   394 0001:00077C08   395 0001:00077C3F   397 0001:00077C48   399 0001:00077CBE
   400 0001:00077CC5   405 0001:00077CD5   406 0001:00077CF0   408 0001:00077D03
   409 0001:00077D21   411 0001:00077D33   413 0001:00077D59   414 0001:00077D78
   415 0001:00077DD7   418 0001:00077E01   421 0001:00077E09   422 0001:00077E16
   423 0001:00077E2D   427 0001:00077E6A   453 0001:00077F38   453 0001:00077F3F

Line numbers for AssociationUnit(AssociationUnit.pas) segment .text

     8 0001:00077F70     8 0001:00077F77

Line numbers for Fluid_Chess_Project(C:\Documents and Settings\AL\My Documents\Fluid_Chess\Fluid_Chess_Project.dpr) segment .text

    20 0001:000781F8    21 0001:00078210    22 0001:0007821C    23 0001:0007822D
    24 0001:00078245    25 0001:00078251

Bound resource files

c:\program files\borland\delphi7\Lib\Buttons.res
c:\program files\borland\delphi7\Lib\ExtDlgs.res
c:\program files\borland\delphi7\Lib\Controls.res
BoardViewerUnit.DFM
c:\program files\borland\delphi7\Lib\SPIN.RES
MainUnit.DFM
Fluid_Chess_Project.RES
Fluid_Chess_Project.drf


Program entry point at 0001:000781F8
