<?xml version="1.0" encoding="UTF-8"?>
<TestRun id="ab9ed21a-61e0-4465-9eb5-fd2522e9b2e3" name="epnichols@MACBOOK-WIN7 2012-07-13 12:41:03" runUser="MacBook-Win7\epnichols" xmlns="http://microsoft.com/schemas/VisualStudio/TeamTest/2010">
  <TestSettings name="Default Test Settings" id="8749b86c-7af6-4cc1-a095-0682246e0657">
    <Deployment runDeploymentRoot="epnichols_MACBOOK-WIN7 2012-07-13 12_41_03">
      <DeploymentItem filename="C:\Users\epnichols\Documents\Visual Studio 2010\Projects\RhythmCat\GroundTruthParser\bin\Debug\GroundTruthParser.dll" />
      <DeploymentItem filename="C:\Users\epnichols\Documents\Visual Studio 2010\Projects\RhythmCat\RhythmCat\bin\Debug\RhythmCat.exe" />
    </Deployment>
    <Execution>
      <TestTypeSpecific />
      <AgentRule name="Execution Agents">
      </AgentRule>
    </Execution>
  </TestSettings>
  <Times creation="2012-07-13T12:41:03.7943884-04:00" queuing="2012-07-13T12:41:04.8544153-04:00" start="2012-07-13T12:41:05.2914188-04:00" finish="2012-07-13T12:41:06.3604800-04:00" />
  <ResultSummary outcome="Failed">
    <Counters total="9" executed="9" passed="7" error="0" failed="2" timeout="0" aborted="0" inconclusive="0" passedButRunAborted="0" notRunnable="0" notExecuted="0" disconnected="0" warning="0" completed="0" inProgress="0" pending="0" />
  </ResultSummary>
  <TestDefinitions>
    <UnitTest name="TestParseMeasures" storage="c:\users\epnichols\documents\visual studio 2010\projects\rhythmcat\rhythmcattests\bin\debug\rhythmcattests.dll" id="ec43728e-17fa-a272-1f36-181563a2be47">
      <Execution id="4ac4eecf-0e11-4735-b10a-3281afc60ecb" />
      <TestMethod codeBase="C:/Users/epnichols/Documents/Visual Studio 2010/Projects/RhythmCat/RhythmCatTests/bin/Debug/RhythmCatTests.DLL" adapterTypeName="Microsoft.VisualStudio.TestTools.TestTypes.Unit.UnitTestAdapter, Microsoft.VisualStudio.QualityTools.Tips.UnitTest.Adapter, Version=10.0.0.0, Culture=neutral, PublicKeyToken=b03f5f7f11d50a3a" className="RhythmCatTests.RhythmTest, RhythmCatTests, Version=1.0.0.0, Culture=neutral, PublicKeyToken=null" name="TestParseMeasures" />
    </UnitTest>
    <UnitTest name="GetAttackPointLevelsTest34" storage="c:\users\epnichols\documents\visual studio 2010\projects\rhythmcat\rhythmcattests\bin\debug\rhythmcattests.dll" id="bf08efd6-6d91-b193-a262-43ecb34dba53">
      <Execution id="7a1514f1-e94a-47b1-bfce-078d85c7e733" />
      <TestMethod codeBase="C:/Users/epnichols/Documents/Visual Studio 2010/Projects/RhythmCat/RhythmCatTests/bin/Debug/RhythmCatTests.DLL" adapterTypeName="Microsoft.VisualStudio.TestTools.TestTypes.Unit.UnitTestAdapter, Microsoft.VisualStudio.QualityTools.Tips.UnitTest.Adapter, Version=10.0.0.0, Culture=neutral, PublicKeyToken=b03f5f7f11d50a3a" className="RhythmCatTests.MeasureTest, RhythmCatTests, Version=1.0.0.0, Culture=neutral, PublicKeyToken=null" name="GetAttackPointLevelsTest34" />
    </UnitTest>
    <UnitTest name="TestExpectationVector" storage="c:\users\epnichols\documents\visual studio 2010\projects\rhythmcat\rhythmcattests\bin\debug\rhythmcattests.dll" id="60346bc6-447b-1856-4996-1496b72a2196">
      <Execution id="bf105577-e5e4-4f4d-85f4-79975722bf1a" />
      <TestMethod codeBase="C:/Users/epnichols/Documents/Visual Studio 2010/Projects/RhythmCat/RhythmCatTests/bin/Debug/RhythmCatTests.DLL" adapterTypeName="Microsoft.VisualStudio.TestTools.TestTypes.Unit.UnitTestAdapter, Microsoft.VisualStudio.QualityTools.Tips.UnitTest.Adapter, Version=10.0.0.0, Culture=neutral, PublicKeyToken=b03f5f7f11d50a3a" className="RhythmCatTests.TestLarsonExpectedness, RhythmCatTests, Version=1.0.0.0, Culture=neutral, PublicKeyToken=null" name="TestExpectationVector" />
    </UnitTest>
    <UnitTest name="GetMajorScaleAlphabetWithTriadOnDegreeTest" storage="c:\users\epnichols\documents\visual studio 2010\projects\rhythmcat\rhythmcattests\bin\debug\rhythmcattests.dll" id="8fbdded3-bfb5-ed36-ea4a-a66afc34622d">
      <Execution id="046b97db-cedd-41a6-bb62-63ff8d3e8dd1" />
      <TestMethod codeBase="C:/Users/epnichols/Documents/Visual Studio 2010/Projects/RhythmCat/RhythmCatTests/bin/Debug/RhythmCatTests.DLL" adapterTypeName="Microsoft.VisualStudio.TestTools.TestTypes.Unit.UnitTestAdapter, Microsoft.VisualStudio.QualityTools.Tips.UnitTest.Adapter, Version=10.0.0.0, Culture=neutral, PublicKeyToken=b03f5f7f11d50a3a" className="RhythmCatTests.AlphabetTest, RhythmCatTests, Version=1.0.0.0, Culture=neutral, PublicKeyToken=null" name="GetMajorScaleAlphabetWithTriadOnDegreeTest" />
    </UnitTest>
    <UnitTest name="GetAttackPointLevelsTest44" storage="c:\users\epnichols\documents\visual studio 2010\projects\rhythmcat\rhythmcattests\bin\debug\rhythmcattests.dll" id="c2d3e0e9-d4e2-a4f0-3b31-76b55c0309f5">
      <Execution id="2337c483-dae3-4b9c-9e7e-b67de0124e4e" />
      <TestMethod codeBase="C:/Users/epnichols/Documents/Visual Studio 2010/Projects/RhythmCat/RhythmCatTests/bin/Debug/RhythmCatTests.DLL" adapterTypeName="Microsoft.VisualStudio.TestTools.TestTypes.Unit.UnitTestAdapter, Microsoft.VisualStudio.QualityTools.Tips.UnitTest.Adapter, Version=10.0.0.0, Culture=neutral, PublicKeyToken=b03f5f7f11d50a3a" className="RhythmCatTests.MeasureTest, RhythmCatTests, Version=1.0.0.0, Culture=neutral, PublicKeyToken=null" name="GetAttackPointLevelsTest44" />
    </UnitTest>
    <UnitTest name="TestGetAlphabets" storage="c:\users\epnichols\documents\visual studio 2010\projects\rhythmcat\rhythmcattests\bin\debug\rhythmcattests.dll" id="98e58ba9-e175-0bce-64c9-41e4e689a432">
      <Execution id="9f1bbfe4-b3f9-41b0-946f-6ff099636cdc" />
      <TestMethod codeBase="C:/Users/epnichols/Documents/Visual Studio 2010/Projects/RhythmCat/RhythmCatTests/bin/Debug/RhythmCatTests.DLL" adapterTypeName="Microsoft.VisualStudio.TestTools.TestTypes.Unit.UnitTestAdapter, Microsoft.VisualStudio.QualityTools.Tips.UnitTest.Adapter, Version=10.0.0.0, Culture=neutral, PublicKeyToken=b03f5f7f11d50a3a" className="RhythmCatTests.AlphabetTest, RhythmCatTests, Version=1.0.0.0, Culture=neutral, PublicKeyToken=null" name="TestGetAlphabets" />
    </UnitTest>
    <UnitTest name="TestShiftRhythmMeasures" storage="c:\users\epnichols\documents\visual studio 2010\projects\rhythmcat\rhythmcattests\bin\debug\rhythmcattests.dll" id="7dab547a-8352-7397-de2e-8d1272634259">
      <Execution id="fdc95910-74a9-42bb-997c-979fad83aa85" />
      <TestMethod codeBase="C:/Users/epnichols/Documents/Visual Studio 2010/Projects/RhythmCat/RhythmCatTests/bin/Debug/RhythmCatTests.DLL" adapterTypeName="Microsoft.VisualStudio.TestTools.TestTypes.Unit.UnitTestAdapter, Microsoft.VisualStudio.QualityTools.Tips.UnitTest.Adapter, Version=10.0.0.0, Culture=neutral, PublicKeyToken=b03f5f7f11d50a3a" className="RhythmCatTests.RhythmTest, RhythmCatTests, Version=1.0.0.0, Culture=neutral, PublicKeyToken=null" name="TestShiftRhythmMeasures" />
    </UnitTest>
    <UnitTest name="TestParseMeasuresKey" storage="c:\users\epnichols\documents\visual studio 2010\projects\rhythmcat\rhythmcattests\bin\debug\rhythmcattests.dll" id="2e9cd80c-6551-0cf8-e12c-f9192c13bd94">
      <Execution id="1aa74a96-aca9-4d10-affc-5ae651ae2c2c" />
      <TestMethod codeBase="C:/Users/epnichols/Documents/Visual Studio 2010/Projects/RhythmCat/RhythmCatTests/bin/Debug/RhythmCatTests.DLL" adapterTypeName="Microsoft.VisualStudio.TestTools.TestTypes.Unit.UnitTestAdapter, Microsoft.VisualStudio.QualityTools.Tips.UnitTest.Adapter, Version=10.0.0.0, Culture=neutral, PublicKeyToken=b03f5f7f11d50a3a" className="RhythmCatTests.RhythmTest, RhythmCatTests, Version=1.0.0.0, Culture=neutral, PublicKeyToken=null" name="TestParseMeasuresKey" />
    </UnitTest>
    <UnitTest name="GetAlphabetFromScaleWithTriadOnDegreeTest" storage="c:\users\epnichols\documents\visual studio 2010\projects\rhythmcat\rhythmcattests\bin\debug\rhythmcattests.dll" id="99eef4d8-b42a-db69-936e-d4f83503c233">
      <Execution id="c300b5e4-0542-456c-ad07-b47b8a440f18" />
      <TestMethod codeBase="C:/Users/epnichols/Documents/Visual Studio 2010/Projects/RhythmCat/RhythmCatTests/bin/Debug/RhythmCatTests.DLL" adapterTypeName="Microsoft.VisualStudio.TestTools.TestTypes.Unit.UnitTestAdapter, Microsoft.VisualStudio.QualityTools.Tips.UnitTest.Adapter, Version=10.0.0.0, Culture=neutral, PublicKeyToken=b03f5f7f11d50a3a" className="RhythmCatTests.AlphabetTest, RhythmCatTests, Version=1.0.0.0, Culture=neutral, PublicKeyToken=null" name="GetAlphabetFromScaleWithTriadOnDegreeTest" />
    </UnitTest>
  </TestDefinitions>
  <TestLists>
    <TestList name="Results Not in a List" id="8c84fa94-04c1-424b-9868-57a2d4851a1d" />
    <TestList name="All Loaded Results" id="19431567-8539-422a-85d7-44ee4e166bda" />
  </TestLists>
  <TestEntries>
    <TestEntry testId="2e9cd80c-6551-0cf8-e12c-f9192c13bd94" executionId="1aa74a96-aca9-4d10-affc-5ae651ae2c2c" testListId="8c84fa94-04c1-424b-9868-57a2d4851a1d" />
    <TestEntry testId="60346bc6-447b-1856-4996-1496b72a2196" executionId="bf105577-e5e4-4f4d-85f4-79975722bf1a" testListId="8c84fa94-04c1-424b-9868-57a2d4851a1d" />
    <TestEntry testId="7dab547a-8352-7397-de2e-8d1272634259" executionId="fdc95910-74a9-42bb-997c-979fad83aa85" testListId="8c84fa94-04c1-424b-9868-57a2d4851a1d" />
    <TestEntry testId="8fbdded3-bfb5-ed36-ea4a-a66afc34622d" executionId="046b97db-cedd-41a6-bb62-63ff8d3e8dd1" testListId="8c84fa94-04c1-424b-9868-57a2d4851a1d" />
    <TestEntry testId="98e58ba9-e175-0bce-64c9-41e4e689a432" executionId="9f1bbfe4-b3f9-41b0-946f-6ff099636cdc" testListId="8c84fa94-04c1-424b-9868-57a2d4851a1d" />
    <TestEntry testId="99eef4d8-b42a-db69-936e-d4f83503c233" executionId="c300b5e4-0542-456c-ad07-b47b8a440f18" testListId="8c84fa94-04c1-424b-9868-57a2d4851a1d" />
    <TestEntry testId="bf08efd6-6d91-b193-a262-43ecb34dba53" executionId="7a1514f1-e94a-47b1-bfce-078d85c7e733" testListId="8c84fa94-04c1-424b-9868-57a2d4851a1d" />
    <TestEntry testId="c2d3e0e9-d4e2-a4f0-3b31-76b55c0309f5" executionId="2337c483-dae3-4b9c-9e7e-b67de0124e4e" testListId="8c84fa94-04c1-424b-9868-57a2d4851a1d" />
    <TestEntry testId="ec43728e-17fa-a272-1f36-181563a2be47" executionId="4ac4eecf-0e11-4735-b10a-3281afc60ecb" testListId="8c84fa94-04c1-424b-9868-57a2d4851a1d" />
  </TestEntries>
  <Results>
    <UnitTestResult executionId="1aa74a96-aca9-4d10-affc-5ae651ae2c2c" testId="2e9cd80c-6551-0cf8-e12c-f9192c13bd94" testName="TestParseMeasuresKey" computerName="MACBOOK-WIN7" duration="00:00:00.0538532" startTime="2012-07-13T12:41:05.4324269-04:00" endTime="2012-07-13T12:41:05.9874586-04:00" testType="13cdc9d9-ddb5-4fa4-a97d-d965ccfc6d4b" outcome="Passed" testListId="8c84fa94-04c1-424b-9868-57a2d4851a1d" relativeResultsDirectory="1aa74a96-aca9-4d10-affc-5ae651ae2c2c">
    </UnitTestResult>
    <UnitTestResult executionId="bf105577-e5e4-4f4d-85f4-79975722bf1a" testId="60346bc6-447b-1856-4996-1496b72a2196" testName="TestExpectationVector" computerName="MACBOOK-WIN7" duration="00:00:00.0450913" startTime="2012-07-13T12:41:05.9924589-04:00" endTime="2012-07-13T12:41:06.0464620-04:00" testType="13cdc9d9-ddb5-4fa4-a97d-d965ccfc6d4b" outcome="Passed" testListId="8c84fa94-04c1-424b-9868-57a2d4851a1d" relativeResultsDirectory="bf105577-e5e4-4f4d-85f4-79975722bf1a">
      <Output>
        <StdOut>C4: 0
D4: 0
E4: 0.187
F4: 0.187
MIN: G4: -0.137
MAX: A4: 0.187
MIN: B4: 0.127
MAX: C5: 0.592
MIN: C5: -0.187
MAX: B4: 0
MIN: A4: -0.13
G#4: 0.335
MAX: G4: 0.68
MIN: F4: 0.275
MAX: E4: 0.599
D4: 0.275
C#4: 0.275
MAX: C4: 0.659
MIN: B3: 0.187
C4: 0.218</StdOut>
      </Output>
    </UnitTestResult>
    <UnitTestResult executionId="fdc95910-74a9-42bb-997c-979fad83aa85" testId="7dab547a-8352-7397-de2e-8d1272634259" testName="TestShiftRhythmMeasures" computerName="MACBOOK-WIN7" duration="00:00:00.0076760" startTime="2012-07-13T12:41:06.0494622-04:00" endTime="2012-07-13T12:41:06.0644630-04:00" testType="13cdc9d9-ddb5-4fa4-a97d-d965ccfc6d4b" outcome="Passed" testListId="8c84fa94-04c1-424b-9868-57a2d4851a1d" relativeResultsDirectory="fdc95910-74a9-42bb-997c-979fad83aa85">
    </UnitTestResult>
    <UnitTestResult executionId="046b97db-cedd-41a6-bb62-63ff8d3e8dd1" testId="8fbdded3-bfb5-ed36-ea4a-a66afc34622d" testName="GetMajorScaleAlphabetWithTriadOnDegreeTest" computerName="MACBOOK-WIN7" duration="00:00:00.0033167" startTime="2012-07-13T12:41:06.0684633-04:00" endTime="2012-07-13T12:41:06.0794639-04:00" testType="13cdc9d9-ddb5-4fa4-a97d-d965ccfc6d4b" outcome="Passed" testListId="8c84fa94-04c1-424b-9868-57a2d4851a1d" relativeResultsDirectory="046b97db-cedd-41a6-bb62-63ff8d3e8dd1">
    </UnitTestResult>
    <UnitTestResult executionId="9f1bbfe4-b3f9-41b0-946f-6ff099636cdc" testId="98e58ba9-e175-0bce-64c9-41e4e689a432" testName="TestGetAlphabets" computerName="MACBOOK-WIN7" duration="00:00:00.0042503" startTime="2012-07-13T12:41:06.0834641-04:00" endTime="2012-07-13T12:41:06.0954648-04:00" testType="13cdc9d9-ddb5-4fa4-a97d-d965ccfc6d4b" outcome="Passed" testListId="8c84fa94-04c1-424b-9868-57a2d4851a1d" relativeResultsDirectory="9f1bbfe4-b3f9-41b0-946f-6ff099636cdc">
      <Output>
        <StdOut>Major
1 2 3 4 5 6 7 
2 4 6 1 
4 6 1 
4 6 1 3 
Minor
1 2 3b 4 5 6b 7b 
2 4 6b 1 
4 6b 1 
4 6b 1 3b 
1 2 3b 4 5 6 7 
2 4 6 1 
4 6 1 
4 6 1 3b 
1 2 3b 4 5 6b 7</StdOut>
      </Output>
    </UnitTestResult>
    <UnitTestResult executionId="c300b5e4-0542-456c-ad07-b47b8a440f18" testId="99eef4d8-b42a-db69-936e-d4f83503c233" testName="GetAlphabetFromScaleWithTriadOnDegreeTest" computerName="MACBOOK-WIN7" duration="00:00:00.0082303" startTime="2012-07-13T12:41:06.0984650-04:00" endTime="2012-07-13T12:41:06.1144659-04:00" testType="13cdc9d9-ddb5-4fa4-a97d-d965ccfc6d4b" outcome="Passed" testListId="8c84fa94-04c1-424b-9868-57a2d4851a1d" relativeResultsDirectory="c300b5e4-0542-456c-ad07-b47b8a440f18">
    </UnitTestResult>
    <UnitTestResult executionId="7a1514f1-e94a-47b1-bfce-078d85c7e733" testId="bf08efd6-6d91-b193-a262-43ecb34dba53" testName="GetAttackPointLevelsTest34" computerName="MACBOOK-WIN7" duration="00:00:00.0622330" startTime="2012-07-13T12:41:06.1174661-04:00" endTime="2012-07-13T12:41:06.1884701-04:00" testType="13cdc9d9-ddb5-4fa4-a97d-d965ccfc6d4b" outcome="Failed" testListId="8c84fa94-04c1-424b-9868-57a2d4851a1d" relativeResultsDirectory="7a1514f1-e94a-47b1-bfce-078d85c7e733">
      <Output>
        <ErrorInfo>
          <Message>Assert.AreEqual failed. Expected:&lt;System.Int32[]&gt;. Actual:&lt;System.Int32[]&gt;. </Message>
          <StackTrace>   at RhythmCatTests.MeasureTest.GetAttackPointLevelsTest34() in C:\Users\epnichols\Documents\Visual Studio 2010\Projects\RhythmCat\RhythmCatTests\MeasureTest.cs:line 88
</StackTrace>
        </ErrorInfo>
      </Output>
    </UnitTestResult>
    <UnitTestResult executionId="2337c483-dae3-4b9c-9e7e-b67de0124e4e" testId="c2d3e0e9-d4e2-a4f0-3b31-76b55c0309f5" testName="GetAttackPointLevelsTest44" computerName="MACBOOK-WIN7" duration="00:00:00.0031477" startTime="2012-07-13T12:41:06.1914703-04:00" endTime="2012-07-13T12:41:06.2044711-04:00" testType="13cdc9d9-ddb5-4fa4-a97d-d965ccfc6d4b" outcome="Failed" testListId="8c84fa94-04c1-424b-9868-57a2d4851a1d" relativeResultsDirectory="2337c483-dae3-4b9c-9e7e-b67de0124e4e">
      <Output>
        <ErrorInfo>
          <Message>Assert.AreEqual failed. Expected:&lt;System.Int32[]&gt;. Actual:&lt;System.Int32[]&gt;. </Message>
          <StackTrace>   at RhythmCatTests.MeasureTest.GetAttackPointLevelsTest44() in C:\Users\epnichols\Documents\Visual Studio 2010\Projects\RhythmCat\RhythmCatTests\MeasureTest.cs:line 74
</StackTrace>
        </ErrorInfo>
      </Output>
    </UnitTestResult>
    <UnitTestResult executionId="4ac4eecf-0e11-4735-b10a-3281afc60ecb" testId="ec43728e-17fa-a272-1f36-181563a2be47" testName="TestParseMeasures" computerName="MACBOOK-WIN7" duration="00:00:00.0036620" startTime="2012-07-13T12:41:06.2084713-04:00" endTime="2012-07-13T12:41:06.2204720-04:00" testType="13cdc9d9-ddb5-4fa4-a97d-d965ccfc6d4b" outcome="Passed" testListId="8c84fa94-04c1-424b-9868-57a2d4851a1d" relativeResultsDirectory="4ac4eecf-0e11-4735-b10a-3281afc60ecb">
    </UnitTestResult>
  </Results>
</TestRun>