<?xml version="1.0" encoding="UTF-8"?>
<TestRun id="a2efc647-6951-473d-b81e-9b65bb08d737" name="epnichols@MACBOOK-WIN7 2012-07-13 14:17:49" runUser="MacBook-Win7\epnichols" xmlns="http://microsoft.com/schemas/VisualStudio/TeamTest/2010">
  <TestSettings name="Default Test Settings" id="a1067e8e-11af-490d-92fa-c5ffb85c0cc1">
    <Deployment runDeploymentRoot="epnichols_MACBOOK-WIN7 2012-07-13 14_17_49">
      <DeploymentItem filename="C:\Users\epnichols\Documents\Visual Studio 2010\Projects\RhythmCat\GroundTruthParser\bin\Debug\GroundTruthParser.dll" />
      <DeploymentItem filename="C:\Users\epnichols\Documents\Visual Studio 2010\Projects\RhythmCat\RhythmCat\bin\Debug\RhythmCat.exe" />
    </Deployment>
    <Execution>
      <TestTypeSpecific />
      <AgentRule name="Execution Agents">
      </AgentRule>
    </Execution>
  </TestSettings>
  <Times creation="2012-07-13T14:17:49.3678530-04:00" queuing="2012-07-13T14:17:49.6038665-04:00" start="2012-07-13T14:17:49.6248677-04:00" finish="2012-07-13T14:17:50.5689217-04:00" />
  <ResultSummary outcome="Failed">
    <Counters total="11" executed="11" passed="9" error="0" failed="2" timeout="0" aborted="0" inconclusive="0" passedButRunAborted="0" notRunnable="0" notExecuted="0" disconnected="0" warning="0" completed="0" inProgress="0" pending="0" />
  </ResultSummary>
  <TestDefinitions>
    <UnitTest name="TestParseMeasures" storage="c:\users\epnichols\documents\visual studio 2010\projects\rhythmcat\rhythmcattests\bin\debug\rhythmcattests.dll" id="ec43728e-17fa-a272-1f36-181563a2be47">
      <Execution id="43ce04aa-f302-4d83-8a4d-a14b1c12bba1" />
      <TestMethod codeBase="C:/Users/epnichols/Documents/Visual Studio 2010/Projects/RhythmCat/RhythmCatTests/bin/Debug/RhythmCatTests.DLL" adapterTypeName="Microsoft.VisualStudio.TestTools.TestTypes.Unit.UnitTestAdapter, Microsoft.VisualStudio.QualityTools.Tips.UnitTest.Adapter, Version=10.0.0.0, Culture=neutral, PublicKeyToken=b03f5f7f11d50a3a" className="RhythmCatTests.RhythmTest, RhythmCatTests, Version=1.0.0.0, Culture=neutral, PublicKeyToken=null" name="TestParseMeasures" />
    </UnitTest>
    <UnitTest name="GetAlphabetsWithLikelihoodsTest2" storage="c:\users\epnichols\documents\visual studio 2010\projects\rhythmcat\rhythmcattests\bin\debug\rhythmcattests.dll" id="4050e997-a130-e455-f0aa-c2003360c489">
      <Execution id="2048af4b-7e2a-4e96-bc91-3f05400e2bb2" />
      <TestMethod codeBase="C:/Users/epnichols/Documents/Visual Studio 2010/Projects/RhythmCat/RhythmCatTests/bin/Debug/RhythmCatTests.DLL" adapterTypeName="Microsoft.VisualStudio.TestTools.TestTypes.Unit.UnitTestAdapter, Microsoft.VisualStudio.QualityTools.Tips.UnitTest.Adapter, Version=10.0.0.0, Culture=neutral, PublicKeyToken=b03f5f7f11d50a3a" className="RhythmCatTests.GroupTest, RhythmCatTests, Version=1.0.0.0, Culture=neutral, PublicKeyToken=null" name="GetAlphabetsWithLikelihoodsTest2" />
    </UnitTest>
    <UnitTest name="GetAttackPointLevelsTest34" storage="c:\users\epnichols\documents\visual studio 2010\projects\rhythmcat\rhythmcattests\bin\debug\rhythmcattests.dll" id="bf08efd6-6d91-b193-a262-43ecb34dba53">
      <Execution id="c0193bf3-8460-4fd1-a460-bf41458be715" />
      <TestMethod codeBase="C:/Users/epnichols/Documents/Visual Studio 2010/Projects/RhythmCat/RhythmCatTests/bin/Debug/RhythmCatTests.DLL" adapterTypeName="Microsoft.VisualStudio.TestTools.TestTypes.Unit.UnitTestAdapter, Microsoft.VisualStudio.QualityTools.Tips.UnitTest.Adapter, Version=10.0.0.0, Culture=neutral, PublicKeyToken=b03f5f7f11d50a3a" className="RhythmCatTests.MeasureTest, RhythmCatTests, Version=1.0.0.0, Culture=neutral, PublicKeyToken=null" name="GetAttackPointLevelsTest34" />
    </UnitTest>
    <UnitTest name="TestGetAlphabets" storage="c:\users\epnichols\documents\visual studio 2010\projects\rhythmcat\rhythmcattests\bin\debug\rhythmcattests.dll" id="98e58ba9-e175-0bce-64c9-41e4e689a432">
      <Execution id="8cc76723-151f-44ed-8ac2-c8a2b061ccc2" />
      <TestMethod codeBase="C:/Users/epnichols/Documents/Visual Studio 2010/Projects/RhythmCat/RhythmCatTests/bin/Debug/RhythmCatTests.DLL" adapterTypeName="Microsoft.VisualStudio.TestTools.TestTypes.Unit.UnitTestAdapter, Microsoft.VisualStudio.QualityTools.Tips.UnitTest.Adapter, Version=10.0.0.0, Culture=neutral, PublicKeyToken=b03f5f7f11d50a3a" className="RhythmCatTests.AlphabetTest, RhythmCatTests, Version=1.0.0.0, Culture=neutral, PublicKeyToken=null" name="TestGetAlphabets" />
    </UnitTest>
    <UnitTest name="TestExpectationVector" storage="c:\users\epnichols\documents\visual studio 2010\projects\rhythmcat\rhythmcattests\bin\debug\rhythmcattests.dll" id="60346bc6-447b-1856-4996-1496b72a2196">
      <Execution id="769c9af0-81c7-4497-9891-80b468a08bf4" />
      <TestMethod codeBase="C:/Users/epnichols/Documents/Visual Studio 2010/Projects/RhythmCat/RhythmCatTests/bin/Debug/RhythmCatTests.DLL" adapterTypeName="Microsoft.VisualStudio.TestTools.TestTypes.Unit.UnitTestAdapter, Microsoft.VisualStudio.QualityTools.Tips.UnitTest.Adapter, Version=10.0.0.0, Culture=neutral, PublicKeyToken=b03f5f7f11d50a3a" className="RhythmCatTests.TestLarsonExpectedness, RhythmCatTests, Version=1.0.0.0, Culture=neutral, PublicKeyToken=null" name="TestExpectationVector" />
    </UnitTest>
    <UnitTest name="GetMajorScaleAlphabetWithTriadOnDegreeTest" storage="c:\users\epnichols\documents\visual studio 2010\projects\rhythmcat\rhythmcattests\bin\debug\rhythmcattests.dll" id="8fbdded3-bfb5-ed36-ea4a-a66afc34622d">
      <Execution id="1687e402-d104-4178-b173-162222a80030" />
      <TestMethod codeBase="C:/Users/epnichols/Documents/Visual Studio 2010/Projects/RhythmCat/RhythmCatTests/bin/Debug/RhythmCatTests.DLL" adapterTypeName="Microsoft.VisualStudio.TestTools.TestTypes.Unit.UnitTestAdapter, Microsoft.VisualStudio.QualityTools.Tips.UnitTest.Adapter, Version=10.0.0.0, Culture=neutral, PublicKeyToken=b03f5f7f11d50a3a" className="RhythmCatTests.AlphabetTest, RhythmCatTests, Version=1.0.0.0, Culture=neutral, PublicKeyToken=null" name="GetMajorScaleAlphabetWithTriadOnDegreeTest" />
    </UnitTest>
    <UnitTest name="GetAttackPointLevelsTest44" storage="c:\users\epnichols\documents\visual studio 2010\projects\rhythmcat\rhythmcattests\bin\debug\rhythmcattests.dll" id="c2d3e0e9-d4e2-a4f0-3b31-76b55c0309f5">
      <Execution id="b68aac65-e428-404b-b482-6337875e7cc2" />
      <TestMethod codeBase="C:/Users/epnichols/Documents/Visual Studio 2010/Projects/RhythmCat/RhythmCatTests/bin/Debug/RhythmCatTests.DLL" adapterTypeName="Microsoft.VisualStudio.TestTools.TestTypes.Unit.UnitTestAdapter, Microsoft.VisualStudio.QualityTools.Tips.UnitTest.Adapter, Version=10.0.0.0, Culture=neutral, PublicKeyToken=b03f5f7f11d50a3a" className="RhythmCatTests.MeasureTest, RhythmCatTests, Version=1.0.0.0, Culture=neutral, PublicKeyToken=null" name="GetAttackPointLevelsTest44" />
    </UnitTest>
    <UnitTest name="GetAlphabetsWithLikelihoodsTest1" storage="c:\users\epnichols\documents\visual studio 2010\projects\rhythmcat\rhythmcattests\bin\debug\rhythmcattests.dll" id="4517ac27-71db-2528-43bd-593ea40ca0b6">
      <Execution id="9ed75dd5-407b-437c-ba37-b7e491a69bb1" />
      <TestMethod codeBase="C:/Users/epnichols/Documents/Visual Studio 2010/Projects/RhythmCat/RhythmCatTests/bin/Debug/RhythmCatTests.DLL" adapterTypeName="Microsoft.VisualStudio.TestTools.TestTypes.Unit.UnitTestAdapter, Microsoft.VisualStudio.QualityTools.Tips.UnitTest.Adapter, Version=10.0.0.0, Culture=neutral, PublicKeyToken=b03f5f7f11d50a3a" className="RhythmCatTests.GroupTest, RhythmCatTests, Version=1.0.0.0, Culture=neutral, PublicKeyToken=null" name="GetAlphabetsWithLikelihoodsTest1" />
    </UnitTest>
    <UnitTest name="TestShiftRhythmMeasures" storage="c:\users\epnichols\documents\visual studio 2010\projects\rhythmcat\rhythmcattests\bin\debug\rhythmcattests.dll" id="7dab547a-8352-7397-de2e-8d1272634259">
      <Execution id="873b0c90-f1b2-43c0-8459-18e0d3ff10c6" />
      <TestMethod codeBase="C:/Users/epnichols/Documents/Visual Studio 2010/Projects/RhythmCat/RhythmCatTests/bin/Debug/RhythmCatTests.DLL" adapterTypeName="Microsoft.VisualStudio.TestTools.TestTypes.Unit.UnitTestAdapter, Microsoft.VisualStudio.QualityTools.Tips.UnitTest.Adapter, Version=10.0.0.0, Culture=neutral, PublicKeyToken=b03f5f7f11d50a3a" className="RhythmCatTests.RhythmTest, RhythmCatTests, Version=1.0.0.0, Culture=neutral, PublicKeyToken=null" name="TestShiftRhythmMeasures" />
    </UnitTest>
    <UnitTest name="TestParseMeasuresKey" storage="c:\users\epnichols\documents\visual studio 2010\projects\rhythmcat\rhythmcattests\bin\debug\rhythmcattests.dll" id="2e9cd80c-6551-0cf8-e12c-f9192c13bd94">
      <Execution id="35ded59b-bd7f-4736-b812-12d2c57f29c6" />
      <TestMethod codeBase="C:/Users/epnichols/Documents/Visual Studio 2010/Projects/RhythmCat/RhythmCatTests/bin/Debug/RhythmCatTests.DLL" adapterTypeName="Microsoft.VisualStudio.TestTools.TestTypes.Unit.UnitTestAdapter, Microsoft.VisualStudio.QualityTools.Tips.UnitTest.Adapter, Version=10.0.0.0, Culture=neutral, PublicKeyToken=b03f5f7f11d50a3a" className="RhythmCatTests.RhythmTest, RhythmCatTests, Version=1.0.0.0, Culture=neutral, PublicKeyToken=null" name="TestParseMeasuresKey" />
    </UnitTest>
    <UnitTest name="GetAlphabetFromScaleWithTriadOnDegreeTest" storage="c:\users\epnichols\documents\visual studio 2010\projects\rhythmcat\rhythmcattests\bin\debug\rhythmcattests.dll" id="99eef4d8-b42a-db69-936e-d4f83503c233">
      <Execution id="36ed8235-fa02-438d-a113-648fd8c251f8" />
      <TestMethod codeBase="C:/Users/epnichols/Documents/Visual Studio 2010/Projects/RhythmCat/RhythmCatTests/bin/Debug/RhythmCatTests.DLL" adapterTypeName="Microsoft.VisualStudio.TestTools.TestTypes.Unit.UnitTestAdapter, Microsoft.VisualStudio.QualityTools.Tips.UnitTest.Adapter, Version=10.0.0.0, Culture=neutral, PublicKeyToken=b03f5f7f11d50a3a" className="RhythmCatTests.AlphabetTest, RhythmCatTests, Version=1.0.0.0, Culture=neutral, PublicKeyToken=null" name="GetAlphabetFromScaleWithTriadOnDegreeTest" />
    </UnitTest>
  </TestDefinitions>
  <TestLists>
    <TestList name="Results Not in a List" id="8c84fa94-04c1-424b-9868-57a2d4851a1d" />
    <TestList name="All Loaded Results" id="19431567-8539-422a-85d7-44ee4e166bda" />
  </TestLists>
  <TestEntries>
    <TestEntry testId="2e9cd80c-6551-0cf8-e12c-f9192c13bd94" executionId="35ded59b-bd7f-4736-b812-12d2c57f29c6" testListId="8c84fa94-04c1-424b-9868-57a2d4851a1d" />
    <TestEntry testId="4050e997-a130-e455-f0aa-c2003360c489" executionId="2048af4b-7e2a-4e96-bc91-3f05400e2bb2" testListId="8c84fa94-04c1-424b-9868-57a2d4851a1d" />
    <TestEntry testId="4517ac27-71db-2528-43bd-593ea40ca0b6" executionId="9ed75dd5-407b-437c-ba37-b7e491a69bb1" testListId="8c84fa94-04c1-424b-9868-57a2d4851a1d" />
    <TestEntry testId="60346bc6-447b-1856-4996-1496b72a2196" executionId="769c9af0-81c7-4497-9891-80b468a08bf4" testListId="8c84fa94-04c1-424b-9868-57a2d4851a1d" />
    <TestEntry testId="7dab547a-8352-7397-de2e-8d1272634259" executionId="873b0c90-f1b2-43c0-8459-18e0d3ff10c6" testListId="8c84fa94-04c1-424b-9868-57a2d4851a1d" />
    <TestEntry testId="8fbdded3-bfb5-ed36-ea4a-a66afc34622d" executionId="1687e402-d104-4178-b173-162222a80030" testListId="8c84fa94-04c1-424b-9868-57a2d4851a1d" />
    <TestEntry testId="98e58ba9-e175-0bce-64c9-41e4e689a432" executionId="8cc76723-151f-44ed-8ac2-c8a2b061ccc2" testListId="8c84fa94-04c1-424b-9868-57a2d4851a1d" />
    <TestEntry testId="99eef4d8-b42a-db69-936e-d4f83503c233" executionId="36ed8235-fa02-438d-a113-648fd8c251f8" testListId="8c84fa94-04c1-424b-9868-57a2d4851a1d" />
    <TestEntry testId="bf08efd6-6d91-b193-a262-43ecb34dba53" executionId="c0193bf3-8460-4fd1-a460-bf41458be715" testListId="8c84fa94-04c1-424b-9868-57a2d4851a1d" />
    <TestEntry testId="c2d3e0e9-d4e2-a4f0-3b31-76b55c0309f5" executionId="b68aac65-e428-404b-b482-6337875e7cc2" testListId="8c84fa94-04c1-424b-9868-57a2d4851a1d" />
    <TestEntry testId="ec43728e-17fa-a272-1f36-181563a2be47" executionId="43ce04aa-f302-4d83-8a4d-a14b1c12bba1" testListId="8c84fa94-04c1-424b-9868-57a2d4851a1d" />
  </TestEntries>
  <Results>
    <UnitTestResult executionId="35ded59b-bd7f-4736-b812-12d2c57f29c6" testId="2e9cd80c-6551-0cf8-e12c-f9192c13bd94" testName="TestParseMeasuresKey" computerName="MACBOOK-WIN7" duration="00:00:00.1019127" startTime="2012-07-13T14:17:49.6318681-04:00" endTime="2012-07-13T14:17:50.2279022-04:00" testType="13cdc9d9-ddb5-4fa4-a97d-d965ccfc6d4b" outcome="Passed" testListId="8c84fa94-04c1-424b-9868-57a2d4851a1d" relativeResultsDirectory="35ded59b-bd7f-4736-b812-12d2c57f29c6">
    </UnitTestResult>
    <UnitTestResult executionId="2048af4b-7e2a-4e96-bc91-3f05400e2bb2" testId="4050e997-a130-e455-f0aa-c2003360c489" testName="GetAlphabetsWithLikelihoodsTest2" computerName="MACBOOK-WIN7" duration="00:00:00.1140965" startTime="2012-07-13T14:17:50.2319024-04:00" endTime="2012-07-13T14:17:50.3559095-04:00" testType="13cdc9d9-ddb5-4fa4-a97d-d965ccfc6d4b" outcome="Failed" testListId="8c84fa94-04c1-424b-9868-57a2d4851a1d" relativeResultsDirectory="2048af4b-7e2a-4e96-bc91-3f05400e2bb2">
      <Output>
        <ErrorInfo>
          <Message>Assert.AreEqual failed. Expected:&lt;C Major:G triad&gt;. Actual:&lt;C:G triad&gt;. </Message>
          <StackTrace>   at RhythmCatTests.GroupTest.GetAlphabetsWithLikelihoodsTest2() in C:\Users\epnichols\Documents\Visual Studio 2010\Projects\RhythmCat\RhythmCatTests\GroupTest.cs:line 112
</StackTrace>
        </ErrorInfo>
      </Output>
    </UnitTestResult>
    <UnitTestResult executionId="9ed75dd5-407b-437c-ba37-b7e491a69bb1" testId="4517ac27-71db-2528-43bd-593ea40ca0b6" testName="GetAlphabetsWithLikelihoodsTest1" computerName="MACBOOK-WIN7" duration="00:00:00.0049988" startTime="2012-07-13T14:17:50.3599098-04:00" endTime="2012-07-13T14:17:50.3749106-04:00" testType="13cdc9d9-ddb5-4fa4-a97d-d965ccfc6d4b" outcome="Failed" testListId="8c84fa94-04c1-424b-9868-57a2d4851a1d" relativeResultsDirectory="9ed75dd5-407b-437c-ba37-b7e491a69bb1">
      <Output>
        <ErrorInfo>
          <Message>Assert.AreEqual failed. Expected:&lt;C Major:G triad&gt;. Actual:&lt;C:G triad&gt;. </Message>
          <StackTrace>   at RhythmCatTests.GroupTest.GetAlphabetsWithLikelihoodsTest1() in C:\Users\epnichols\Documents\Visual Studio 2010\Projects\RhythmCat\RhythmCatTests\GroupTest.cs:line 86
</StackTrace>
        </ErrorInfo>
      </Output>
    </UnitTestResult>
    <UnitTestResult executionId="769c9af0-81c7-4497-9891-80b468a08bf4" testId="60346bc6-447b-1856-4996-1496b72a2196" testName="TestExpectationVector" computerName="MACBOOK-WIN7" duration="00:00:00.0142624" startTime="2012-07-13T14:17:50.3829111-04:00" endTime="2012-07-13T14:17:50.4069125-04:00" testType="13cdc9d9-ddb5-4fa4-a97d-d965ccfc6d4b" outcome="Passed" testListId="8c84fa94-04c1-424b-9868-57a2d4851a1d" relativeResultsDirectory="769c9af0-81c7-4497-9891-80b468a08bf4">
      <Output>
        <StdOut>C4: 0
D4: 0
E4: 0.187
F4: 0.187
MIN: G4: -0.137
MAX: A4: 0.187
MIN: B4: 0.127
MAX: C5: 0.592
MIN: C5: -0.187
MAX: B4: 0
MIN: A4: -0.13
G#4: 0.335
MAX: G4: 0.68
MIN: F4: 0.275
MAX: E4: 0.599
D4: 0.275
C#4: 0.275
MAX: C4: 0.659
MIN: B3: 0.187
C4: 0.218</StdOut>
      </Output>
    </UnitTestResult>
    <UnitTestResult executionId="873b0c90-f1b2-43c0-8459-18e0d3ff10c6" testId="7dab547a-8352-7397-de2e-8d1272634259" testName="TestShiftRhythmMeasures" computerName="MACBOOK-WIN7" duration="00:00:00.0078552" startTime="2012-07-13T14:17:50.4109127-04:00" endTime="2012-07-13T14:17:50.4279137-04:00" testType="13cdc9d9-ddb5-4fa4-a97d-d965ccfc6d4b" outcome="Passed" testListId="8c84fa94-04c1-424b-9868-57a2d4851a1d" relativeResultsDirectory="873b0c90-f1b2-43c0-8459-18e0d3ff10c6">
    </UnitTestResult>
    <UnitTestResult executionId="1687e402-d104-4178-b173-162222a80030" testId="8fbdded3-bfb5-ed36-ea4a-a66afc34622d" testName="GetMajorScaleAlphabetWithTriadOnDegreeTest" computerName="MACBOOK-WIN7" duration="00:00:00.0020325" startTime="2012-07-13T14:17:50.4319139-04:00" endTime="2012-07-13T14:17:50.4449146-04:00" testType="13cdc9d9-ddb5-4fa4-a97d-d965ccfc6d4b" outcome="Passed" testListId="8c84fa94-04c1-424b-9868-57a2d4851a1d" relativeResultsDirectory="1687e402-d104-4178-b173-162222a80030">
    </UnitTestResult>
    <UnitTestResult executionId="8cc76723-151f-44ed-8ac2-c8a2b061ccc2" testId="98e58ba9-e175-0bce-64c9-41e4e689a432" testName="TestGetAlphabets" computerName="MACBOOK-WIN7" duration="00:00:00.0049722" startTime="2012-07-13T14:17:50.4479148-04:00" endTime="2012-07-13T14:17:50.4639157-04:00" testType="13cdc9d9-ddb5-4fa4-a97d-d965ccfc6d4b" outcome="Passed" testListId="8c84fa94-04c1-424b-9868-57a2d4851a1d" relativeResultsDirectory="8cc76723-151f-44ed-8ac2-c8a2b061ccc2">
      <Output>
        <StdOut>Major
1 2 3 4 5 6 7 
2 4 6 1 
4 6 1 
4 6 1 3 
Minor
1 2 3b 4 5 6b 7b 
2 4 6b 1 
4 6b 1 
4 6b 1 3b 
1 2 3b 4 5 6 7 
2 4 6 1 
4 6 1 
4 6 1 3b 
1 2 3b 4 5 6b 7</StdOut>
      </Output>
    </UnitTestResult>
    <UnitTestResult executionId="36ed8235-fa02-438d-a113-648fd8c251f8" testId="99eef4d8-b42a-db69-936e-d4f83503c233" testName="GetAlphabetFromScaleWithTriadOnDegreeTest" computerName="MACBOOK-WIN7" duration="00:00:00.0099538" startTime="2012-07-13T14:17:50.4679159-04:00" endTime="2012-07-13T14:17:50.4889171-04:00" testType="13cdc9d9-ddb5-4fa4-a97d-d965ccfc6d4b" outcome="Passed" testListId="8c84fa94-04c1-424b-9868-57a2d4851a1d" relativeResultsDirectory="36ed8235-fa02-438d-a113-648fd8c251f8">
    </UnitTestResult>
    <UnitTestResult executionId="c0193bf3-8460-4fd1-a460-bf41458be715" testId="bf08efd6-6d91-b193-a262-43ecb34dba53" testName="GetAttackPointLevelsTest34" computerName="MACBOOK-WIN7" duration="00:00:00.0011668" startTime="2012-07-13T14:17:50.4919173-04:00" endTime="2012-07-13T14:17:50.5039180-04:00" testType="13cdc9d9-ddb5-4fa4-a97d-d965ccfc6d4b" outcome="Passed" testListId="8c84fa94-04c1-424b-9868-57a2d4851a1d" relativeResultsDirectory="c0193bf3-8460-4fd1-a460-bf41458be715">
    </UnitTestResult>
    <UnitTestResult executionId="b68aac65-e428-404b-b482-6337875e7cc2" testId="c2d3e0e9-d4e2-a4f0-3b31-76b55c0309f5" testName="GetAttackPointLevelsTest44" computerName="MACBOOK-WIN7" duration="00:00:00.0007470" startTime="2012-07-13T14:17:50.5079182-04:00" endTime="2012-07-13T14:17:50.5199189-04:00" testType="13cdc9d9-ddb5-4fa4-a97d-d965ccfc6d4b" outcome="Passed" testListId="8c84fa94-04c1-424b-9868-57a2d4851a1d" relativeResultsDirectory="b68aac65-e428-404b-b482-6337875e7cc2">
    </UnitTestResult>
    <UnitTestResult executionId="43ce04aa-f302-4d83-8a4d-a14b1c12bba1" testId="ec43728e-17fa-a272-1f36-181563a2be47" testName="TestParseMeasures" computerName="MACBOOK-WIN7" duration="00:00:00.0043653" startTime="2012-07-13T14:17:50.5229191-04:00" endTime="2012-07-13T14:17:50.5369199-04:00" testType="13cdc9d9-ddb5-4fa4-a97d-d965ccfc6d4b" outcome="Passed" testListId="8c84fa94-04c1-424b-9868-57a2d4851a1d" relativeResultsDirectory="43ce04aa-f302-4d83-8a4d-a14b1c12bba1">
    </UnitTestResult>
  </Results>
</TestRun>