<?xml version="1.0" encoding="UTF-8"?>
<TestRun id="492b6712-44ea-437b-92de-c0982e38b5c0" name="epnichols@MACBOOK-WIN7 2012-07-13 14:18:58" runUser="MacBook-Win7\epnichols" xmlns="http://microsoft.com/schemas/VisualStudio/TeamTest/2010">
  <TestSettings name="Default Test Settings" id="b13c4319-df78-410c-ae72-f4c0822b258d">
    <Deployment runDeploymentRoot="epnichols_MACBOOK-WIN7 2012-07-13 14_18_58">
      <DeploymentItem filename="C:\Users\epnichols\Documents\Visual Studio 2010\Projects\RhythmCat\GroundTruthParser\bin\Debug\GroundTruthParser.dll" />
      <DeploymentItem filename="C:\Users\epnichols\Documents\Visual Studio 2010\Projects\RhythmCat\RhythmCat\bin\Debug\RhythmCat.exe" />
    </Deployment>
    <Execution>
      <TestTypeSpecific />
      <AgentRule name="Execution Agents">
      </AgentRule>
    </Execution>
  </TestSettings>
  <Times creation="2012-07-13T14:18:58.2289791-04:00" queuing="2012-07-13T14:19:01.9417856-04:00" start="2012-07-13T14:19:02.2069861-04:00" finish="2012-07-13T14:19:20.9894191-04:00" />
  <ResultSummary outcome="Error">
    <Counters total="1" executed="1" error="0" failed="0" timeout="0" aborted="1" inconclusive="0" passedButRunAborted="0" notRunnable="0" notExecuted="0" disconnected="0" warning="0" passed="0" completed="0" inProgress="0" pending="0" />
    <RunInfos>
      <RunInfo computerName="MACBOOK-WIN7" outcome="Error" timestamp="2012-07-13T14:19:20.9894191-04:00">
        <Text>Test host process exited unexpectedly.</Text>
      </RunInfo>
    </RunInfos>
  </ResultSummary>
  <TestDefinitions>
    <UnitTest name="GetAlphabetsWithLikelihoodsTest1" storage="c:\users\epnichols\documents\visual studio 2010\projects\rhythmcat\rhythmcattests\bin\debug\rhythmcattests.dll" id="4517ac27-71db-2528-43bd-593ea40ca0b6">
      <Execution id="33d7e841-ef46-42f1-99e6-a25b78c06935" />
      <TestMethod codeBase="C:/Users/epnichols/Documents/Visual Studio 2010/Projects/RhythmCat/RhythmCatTests/bin/Debug/RhythmCatTests.DLL" adapterTypeName="Microsoft.VisualStudio.TestTools.TestTypes.Unit.UnitTestAdapter, Microsoft.VisualStudio.QualityTools.Tips.UnitTest.Adapter, Version=10.0.0.0, Culture=neutral, PublicKeyToken=b03f5f7f11d50a3a" className="RhythmCatTests.GroupTest, RhythmCatTests, Version=1.0.0.0, Culture=neutral, PublicKeyToken=null" name="GetAlphabetsWithLikelihoodsTest1" />
    </UnitTest>
  </TestDefinitions>
  <TestLists>
    <TestList name="Results Not in a List" id="8c84fa94-04c1-424b-9868-57a2d4851a1d" />
    <TestList name="All Loaded Results" id="19431567-8539-422a-85d7-44ee4e166bda" />
  </TestLists>
  <TestEntries>
    <TestEntry testId="4517ac27-71db-2528-43bd-593ea40ca0b6" executionId="33d7e841-ef46-42f1-99e6-a25b78c06935" testListId="8c84fa94-04c1-424b-9868-57a2d4851a1d" />
  </TestEntries>
  <Results>
    <UnitTestResult executionId="33d7e841-ef46-42f1-99e6-a25b78c06935" testId="4517ac27-71db-2528-43bd-593ea40ca0b6" testName="GetAlphabetsWithLikelihoodsTest1" computerName="MACBOOK-WIN7" duration="00:00:18.5016325" startTime="2012-07-13T14:19:02.4877866-04:00" endTime="2012-07-13T14:19:20.9894191-04:00" testType="13cdc9d9-ddb5-4fa4-a97d-d965ccfc6d4b" outcome="Aborted" testListId="8c84fa94-04c1-424b-9868-57a2d4851a1d" relativeResultsDirectory="33d7e841-ef46-42f1-99e6-a25b78c06935">
    </UnitTestResult>
  </Results>
</TestRun>