<?xml version="1.0" encoding="UTF-8"?>
<TestRun id="7ee53243-64a4-4939-b7c3-0126fd64df47" name="epnichols@MACBOOK-WIN7 2012-07-13 13:18:54" runUser="MacBook-Win7\epnichols" xmlns="http://microsoft.com/schemas/VisualStudio/TeamTest/2010">
  <TestSettings name="Default Test Settings" id="60b22eb2-940b-4ded-907e-50eb85d55709">
    <Deployment runDeploymentRoot="epnichols_MACBOOK-WIN7 2012-07-13 13_18_54">
      <DeploymentItem filename="C:\Users\epnichols\Documents\Visual Studio 2010\Projects\RhythmCat\GroundTruthParser\bin\Debug\GroundTruthParser.dll" />
      <DeploymentItem filename="C:\Users\epnichols\Documents\Visual Studio 2010\Projects\RhythmCat\RhythmCat\bin\Debug\RhythmCat.exe" />
    </Deployment>
    <Execution>
      <TestTypeSpecific />
      <AgentRule name="Execution Agents">
      </AgentRule>
    </Execution>
  </TestSettings>
  <Times creation="2012-07-13T13:18:54.1799462-04:00" queuing="2012-07-13T13:18:54.8929856-04:00" start="2012-07-13T13:18:55.0219929-04:00" finish="2012-07-13T13:18:55.9080422-04:00" />
  <ResultSummary outcome="Inconclusive">
    <Counters total="1" executed="1" error="0" failed="0" timeout="0" aborted="0" inconclusive="1" passedButRunAborted="0" notRunnable="0" notExecuted="0" disconnected="0" warning="0" passed="0" completed="0" inProgress="0" pending="0" />
  </ResultSummary>
  <TestDefinitions>
    <UnitTest name="GetAlphabetsWithLikelihoodsTest1" storage="c:\users\epnichols\documents\visual studio 2010\projects\rhythmcat\rhythmcattests\bin\debug\rhythmcattests.dll" id="4517ac27-71db-2528-43bd-593ea40ca0b6">
      <Execution id="f4a0ed32-36ae-43cc-83b8-501f404e46b1" />
      <TestMethod codeBase="C:/Users/epnichols/Documents/Visual Studio 2010/Projects/RhythmCat/RhythmCatTests/bin/Debug/RhythmCatTests.DLL" adapterTypeName="Microsoft.VisualStudio.TestTools.TestTypes.Unit.UnitTestAdapter, Microsoft.VisualStudio.QualityTools.Tips.UnitTest.Adapter, Version=10.0.0.0, Culture=neutral, PublicKeyToken=b03f5f7f11d50a3a" className="RhythmCatTests.GroupTest, RhythmCatTests, Version=1.0.0.0, Culture=neutral, PublicKeyToken=null" name="GetAlphabetsWithLikelihoodsTest1" />
    </UnitTest>
  </TestDefinitions>
  <TestLists>
    <TestList name="Results Not in a List" id="8c84fa94-04c1-424b-9868-57a2d4851a1d" />
    <TestList name="All Loaded Results" id="19431567-8539-422a-85d7-44ee4e166bda" />
  </TestLists>
  <TestEntries>
    <TestEntry testId="4517ac27-71db-2528-43bd-593ea40ca0b6" executionId="f4a0ed32-36ae-43cc-83b8-501f404e46b1" testListId="8c84fa94-04c1-424b-9868-57a2d4851a1d" />
  </TestEntries>
  <Results>
    <UnitTestResult executionId="f4a0ed32-36ae-43cc-83b8-501f404e46b1" testId="4517ac27-71db-2528-43bd-593ea40ca0b6" testName="GetAlphabetsWithLikelihoodsTest1" computerName="MACBOOK-WIN7" duration="00:00:00.1183367" startTime="2012-07-13T13:18:55.1730016-04:00" endTime="2012-07-13T13:18:55.8320379-04:00" testType="13cdc9d9-ddb5-4fa4-a97d-d965ccfc6d4b" outcome="Inconclusive" testListId="8c84fa94-04c1-424b-9868-57a2d4851a1d" relativeResultsDirectory="f4a0ed32-36ae-43cc-83b8-501f404e46b1">
      <Output>
        <ErrorInfo>
          <Message>Assert.Inconclusive failed. Verify the correctness of this test method.</Message>
          <StackTrace>   at RhythmCatTests.GroupTest.GetAlphabetsWithLikelihoodsTest1() in C:\Users\epnichols\Documents\Visual Studio 2010\Projects\RhythmCat\RhythmCatTests\GroupTest.cs:line 86
</StackTrace>
        </ErrorInfo>
      </Output>
    </UnitTestResult>
  </Results>
</TestRun>