<?xml version="1.0" encoding="UTF-8"?>
<TestRun id="21cde676-74be-40c4-9e9c-0ccad8d581a0" name="epnichols@MACBOOK-WIN7 2012-07-13 15:23:05" runUser="MacBook-Win7\epnichols" xmlns="http://microsoft.com/schemas/VisualStudio/TeamTest/2010">
  <TestSettings name="Default Test Settings" id="5af3447b-5628-4e8b-a6d3-32668fe75d86">
    <Deployment runDeploymentRoot="epnichols_MACBOOK-WIN7 2012-07-13 15_23_05">
      <DeploymentItem filename="C:\Users\epnichols\Documents\Visual Studio 2010\Projects\RhythmCat\GroundTruthParser\bin\Debug\GroundTruthParser.dll" />
      <DeploymentItem filename="C:\Users\epnichols\Documents\Visual Studio 2010\Projects\RhythmCat\RhythmCat\bin\Debug\RhythmCat.exe" />
    </Deployment>
    <Execution>
      <TestTypeSpecific />
      <AgentRule name="Execution Agents">
      </AgentRule>
    </Execution>
  </TestSettings>
  <Times creation="2012-07-13T15:23:05.7959364-04:00" queuing="2012-07-13T15:23:06.0699521-04:00" start="2012-07-13T15:23:06.0989537-04:00" finish="2012-07-13T15:23:06.9199982-04:00" />
  <ResultSummary outcome="Completed">
    <Counters total="11" executed="11" passed="11" error="0" failed="0" timeout="0" aborted="0" inconclusive="0" passedButRunAborted="0" notRunnable="0" notExecuted="0" disconnected="0" warning="0" completed="0" inProgress="0" pending="0" />
  </ResultSummary>
  <TestDefinitions>
    <UnitTest name="TestParseMeasures" storage="c:\users\epnichols\documents\visual studio 2010\projects\rhythmcat\rhythmcattests\bin\debug\rhythmcattests.dll" id="ec43728e-17fa-a272-1f36-181563a2be47">
      <Execution id="28d095d9-f403-467e-b7d2-fac5395659de" />
      <TestMethod codeBase="C:/Users/epnichols/Documents/Visual Studio 2010/Projects/RhythmCat/RhythmCatTests/bin/Debug/RhythmCatTests.DLL" adapterTypeName="Microsoft.VisualStudio.TestTools.TestTypes.Unit.UnitTestAdapter, Microsoft.VisualStudio.QualityTools.Tips.UnitTest.Adapter, Version=10.0.0.0, Culture=neutral, PublicKeyToken=b03f5f7f11d50a3a" className="RhythmCatTests.RhythmTest, RhythmCatTests, Version=1.0.0.0, Culture=neutral, PublicKeyToken=null" name="TestParseMeasures" />
    </UnitTest>
    <UnitTest name="GetAlphabetsWithLikelihoodsTest2" storage="c:\users\epnichols\documents\visual studio 2010\projects\rhythmcat\rhythmcattests\bin\debug\rhythmcattests.dll" id="4050e997-a130-e455-f0aa-c2003360c489">
      <Execution id="4d3bd360-ab6a-438a-9400-e9b714302fb9" />
      <TestMethod codeBase="C:/Users/epnichols/Documents/Visual Studio 2010/Projects/RhythmCat/RhythmCatTests/bin/Debug/RhythmCatTests.DLL" adapterTypeName="Microsoft.VisualStudio.TestTools.TestTypes.Unit.UnitTestAdapter, Microsoft.VisualStudio.QualityTools.Tips.UnitTest.Adapter, Version=10.0.0.0, Culture=neutral, PublicKeyToken=b03f5f7f11d50a3a" className="RhythmCatTests.GroupTest, RhythmCatTests, Version=1.0.0.0, Culture=neutral, PublicKeyToken=null" name="GetAlphabetsWithLikelihoodsTest2" />
    </UnitTest>
    <UnitTest name="GetAttackPointLevelsTest34" storage="c:\users\epnichols\documents\visual studio 2010\projects\rhythmcat\rhythmcattests\bin\debug\rhythmcattests.dll" id="bf08efd6-6d91-b193-a262-43ecb34dba53">
      <Execution id="f51aabc9-c60d-45d5-b1f4-1274bd021e54" />
      <TestMethod codeBase="C:/Users/epnichols/Documents/Visual Studio 2010/Projects/RhythmCat/RhythmCatTests/bin/Debug/RhythmCatTests.DLL" adapterTypeName="Microsoft.VisualStudio.TestTools.TestTypes.Unit.UnitTestAdapter, Microsoft.VisualStudio.QualityTools.Tips.UnitTest.Adapter, Version=10.0.0.0, Culture=neutral, PublicKeyToken=b03f5f7f11d50a3a" className="RhythmCatTests.MeasureTest, RhythmCatTests, Version=1.0.0.0, Culture=neutral, PublicKeyToken=null" name="GetAttackPointLevelsTest34" />
    </UnitTest>
    <UnitTest name="TestGetAlphabets" storage="c:\users\epnichols\documents\visual studio 2010\projects\rhythmcat\rhythmcattests\bin\debug\rhythmcattests.dll" id="98e58ba9-e175-0bce-64c9-41e4e689a432">
      <Execution id="8eaa2309-2b1f-45ba-ba6b-4cfb6d5654bb" />
      <TestMethod codeBase="C:/Users/epnichols/Documents/Visual Studio 2010/Projects/RhythmCat/RhythmCatTests/bin/Debug/RhythmCatTests.DLL" adapterTypeName="Microsoft.VisualStudio.TestTools.TestTypes.Unit.UnitTestAdapter, Microsoft.VisualStudio.QualityTools.Tips.UnitTest.Adapter, Version=10.0.0.0, Culture=neutral, PublicKeyToken=b03f5f7f11d50a3a" className="RhythmCatTests.AlphabetTest, RhythmCatTests, Version=1.0.0.0, Culture=neutral, PublicKeyToken=null" name="TestGetAlphabets" />
    </UnitTest>
    <UnitTest name="TestExpectationVector" storage="c:\users\epnichols\documents\visual studio 2010\projects\rhythmcat\rhythmcattests\bin\debug\rhythmcattests.dll" id="60346bc6-447b-1856-4996-1496b72a2196">
      <Execution id="ab9db927-da78-4331-acb7-5387bd660312" />
      <TestMethod codeBase="C:/Users/epnichols/Documents/Visual Studio 2010/Projects/RhythmCat/RhythmCatTests/bin/Debug/RhythmCatTests.DLL" adapterTypeName="Microsoft.VisualStudio.TestTools.TestTypes.Unit.UnitTestAdapter, Microsoft.VisualStudio.QualityTools.Tips.UnitTest.Adapter, Version=10.0.0.0, Culture=neutral, PublicKeyToken=b03f5f7f11d50a3a" className="RhythmCatTests.TestLarsonExpectedness, RhythmCatTests, Version=1.0.0.0, Culture=neutral, PublicKeyToken=null" name="TestExpectationVector" />
    </UnitTest>
    <UnitTest name="GetMajorScaleAlphabetWithTriadOnDegreeTest" storage="c:\users\epnichols\documents\visual studio 2010\projects\rhythmcat\rhythmcattests\bin\debug\rhythmcattests.dll" id="8fbdded3-bfb5-ed36-ea4a-a66afc34622d">
      <Execution id="ce37a451-7303-43bd-b756-06b0afe2f39c" />
      <TestMethod codeBase="C:/Users/epnichols/Documents/Visual Studio 2010/Projects/RhythmCat/RhythmCatTests/bin/Debug/RhythmCatTests.DLL" adapterTypeName="Microsoft.VisualStudio.TestTools.TestTypes.Unit.UnitTestAdapter, Microsoft.VisualStudio.QualityTools.Tips.UnitTest.Adapter, Version=10.0.0.0, Culture=neutral, PublicKeyToken=b03f5f7f11d50a3a" className="RhythmCatTests.AlphabetTest, RhythmCatTests, Version=1.0.0.0, Culture=neutral, PublicKeyToken=null" name="GetMajorScaleAlphabetWithTriadOnDegreeTest" />
    </UnitTest>
    <UnitTest name="GetAttackPointLevelsTest44" storage="c:\users\epnichols\documents\visual studio 2010\projects\rhythmcat\rhythmcattests\bin\debug\rhythmcattests.dll" id="c2d3e0e9-d4e2-a4f0-3b31-76b55c0309f5">
      <Execution id="162e6747-a8fd-4859-af21-c8fde6478c06" />
      <TestMethod codeBase="C:/Users/epnichols/Documents/Visual Studio 2010/Projects/RhythmCat/RhythmCatTests/bin/Debug/RhythmCatTests.DLL" adapterTypeName="Microsoft.VisualStudio.TestTools.TestTypes.Unit.UnitTestAdapter, Microsoft.VisualStudio.QualityTools.Tips.UnitTest.Adapter, Version=10.0.0.0, Culture=neutral, PublicKeyToken=b03f5f7f11d50a3a" className="RhythmCatTests.MeasureTest, RhythmCatTests, Version=1.0.0.0, Culture=neutral, PublicKeyToken=null" name="GetAttackPointLevelsTest44" />
    </UnitTest>
    <UnitTest name="GetAlphabetsWithLikelihoodsTest1" storage="c:\users\epnichols\documents\visual studio 2010\projects\rhythmcat\rhythmcattests\bin\debug\rhythmcattests.dll" id="4517ac27-71db-2528-43bd-593ea40ca0b6">
      <Execution id="3ae297f2-bb43-416e-8085-5a104bd43792" />
      <TestMethod codeBase="C:/Users/epnichols/Documents/Visual Studio 2010/Projects/RhythmCat/RhythmCatTests/bin/Debug/RhythmCatTests.DLL" adapterTypeName="Microsoft.VisualStudio.TestTools.TestTypes.Unit.UnitTestAdapter, Microsoft.VisualStudio.QualityTools.Tips.UnitTest.Adapter, Version=10.0.0.0, Culture=neutral, PublicKeyToken=b03f5f7f11d50a3a" className="RhythmCatTests.GroupTest, RhythmCatTests, Version=1.0.0.0, Culture=neutral, PublicKeyToken=null" name="GetAlphabetsWithLikelihoodsTest1" />
    </UnitTest>
    <UnitTest name="TestShiftRhythmMeasures" storage="c:\users\epnichols\documents\visual studio 2010\projects\rhythmcat\rhythmcattests\bin\debug\rhythmcattests.dll" id="7dab547a-8352-7397-de2e-8d1272634259">
      <Execution id="4ac2a75f-5bee-4f0c-a038-260550e1f77c" />
      <TestMethod codeBase="C:/Users/epnichols/Documents/Visual Studio 2010/Projects/RhythmCat/RhythmCatTests/bin/Debug/RhythmCatTests.DLL" adapterTypeName="Microsoft.VisualStudio.TestTools.TestTypes.Unit.UnitTestAdapter, Microsoft.VisualStudio.QualityTools.Tips.UnitTest.Adapter, Version=10.0.0.0, Culture=neutral, PublicKeyToken=b03f5f7f11d50a3a" className="RhythmCatTests.RhythmTest, RhythmCatTests, Version=1.0.0.0, Culture=neutral, PublicKeyToken=null" name="TestShiftRhythmMeasures" />
    </UnitTest>
    <UnitTest name="TestParseMeasuresKey" storage="c:\users\epnichols\documents\visual studio 2010\projects\rhythmcat\rhythmcattests\bin\debug\rhythmcattests.dll" id="2e9cd80c-6551-0cf8-e12c-f9192c13bd94">
      <Execution id="29bf16b5-4cf1-4746-93db-954b7d7e3ce2" />
      <TestMethod codeBase="C:/Users/epnichols/Documents/Visual Studio 2010/Projects/RhythmCat/RhythmCatTests/bin/Debug/RhythmCatTests.DLL" adapterTypeName="Microsoft.VisualStudio.TestTools.TestTypes.Unit.UnitTestAdapter, Microsoft.VisualStudio.QualityTools.Tips.UnitTest.Adapter, Version=10.0.0.0, Culture=neutral, PublicKeyToken=b03f5f7f11d50a3a" className="RhythmCatTests.RhythmTest, RhythmCatTests, Version=1.0.0.0, Culture=neutral, PublicKeyToken=null" name="TestParseMeasuresKey" />
    </UnitTest>
    <UnitTest name="GetAlphabetFromScaleWithTriadOnDegreeTest" storage="c:\users\epnichols\documents\visual studio 2010\projects\rhythmcat\rhythmcattests\bin\debug\rhythmcattests.dll" id="99eef4d8-b42a-db69-936e-d4f83503c233">
      <Execution id="5eeb0d5a-779f-468a-a662-b9e2176e3d1b" />
      <TestMethod codeBase="C:/Users/epnichols/Documents/Visual Studio 2010/Projects/RhythmCat/RhythmCatTests/bin/Debug/RhythmCatTests.DLL" adapterTypeName="Microsoft.VisualStudio.TestTools.TestTypes.Unit.UnitTestAdapter, Microsoft.VisualStudio.QualityTools.Tips.UnitTest.Adapter, Version=10.0.0.0, Culture=neutral, PublicKeyToken=b03f5f7f11d50a3a" className="RhythmCatTests.AlphabetTest, RhythmCatTests, Version=1.0.0.0, Culture=neutral, PublicKeyToken=null" name="GetAlphabetFromScaleWithTriadOnDegreeTest" />
    </UnitTest>
  </TestDefinitions>
  <TestLists>
    <TestList name="Results Not in a List" id="8c84fa94-04c1-424b-9868-57a2d4851a1d" />
    <TestList name="All Loaded Results" id="19431567-8539-422a-85d7-44ee4e166bda" />
  </TestLists>
  <TestEntries>
    <TestEntry testId="2e9cd80c-6551-0cf8-e12c-f9192c13bd94" executionId="29bf16b5-4cf1-4746-93db-954b7d7e3ce2" testListId="8c84fa94-04c1-424b-9868-57a2d4851a1d" />
    <TestEntry testId="4050e997-a130-e455-f0aa-c2003360c489" executionId="4d3bd360-ab6a-438a-9400-e9b714302fb9" testListId="8c84fa94-04c1-424b-9868-57a2d4851a1d" />
    <TestEntry testId="4517ac27-71db-2528-43bd-593ea40ca0b6" executionId="3ae297f2-bb43-416e-8085-5a104bd43792" testListId="8c84fa94-04c1-424b-9868-57a2d4851a1d" />
    <TestEntry testId="60346bc6-447b-1856-4996-1496b72a2196" executionId="ab9db927-da78-4331-acb7-5387bd660312" testListId="8c84fa94-04c1-424b-9868-57a2d4851a1d" />
    <TestEntry testId="7dab547a-8352-7397-de2e-8d1272634259" executionId="4ac2a75f-5bee-4f0c-a038-260550e1f77c" testListId="8c84fa94-04c1-424b-9868-57a2d4851a1d" />
    <TestEntry testId="8fbdded3-bfb5-ed36-ea4a-a66afc34622d" executionId="ce37a451-7303-43bd-b756-06b0afe2f39c" testListId="8c84fa94-04c1-424b-9868-57a2d4851a1d" />
    <TestEntry testId="98e58ba9-e175-0bce-64c9-41e4e689a432" executionId="8eaa2309-2b1f-45ba-ba6b-4cfb6d5654bb" testListId="8c84fa94-04c1-424b-9868-57a2d4851a1d" />
    <TestEntry testId="99eef4d8-b42a-db69-936e-d4f83503c233" executionId="5eeb0d5a-779f-468a-a662-b9e2176e3d1b" testListId="8c84fa94-04c1-424b-9868-57a2d4851a1d" />
    <TestEntry testId="bf08efd6-6d91-b193-a262-43ecb34dba53" executionId="f51aabc9-c60d-45d5-b1f4-1274bd021e54" testListId="8c84fa94-04c1-424b-9868-57a2d4851a1d" />
    <TestEntry testId="c2d3e0e9-d4e2-a4f0-3b31-76b55c0309f5" executionId="162e6747-a8fd-4859-af21-c8fde6478c06" testListId="8c84fa94-04c1-424b-9868-57a2d4851a1d" />
    <TestEntry testId="ec43728e-17fa-a272-1f36-181563a2be47" executionId="28d095d9-f403-467e-b7d2-fac5395659de" testListId="8c84fa94-04c1-424b-9868-57a2d4851a1d" />
  </TestEntries>
  <Results>
    <UnitTestResult executionId="29bf16b5-4cf1-4746-93db-954b7d7e3ce2" testId="2e9cd80c-6551-0cf8-e12c-f9192c13bd94" testName="TestParseMeasuresKey" computerName="MACBOOK-WIN7" duration="00:00:00.1001887" startTime="2012-07-13T15:23:06.0999538-04:00" endTime="2012-07-13T15:23:06.6729841-04:00" testType="13cdc9d9-ddb5-4fa4-a97d-d965ccfc6d4b" outcome="Passed" testListId="8c84fa94-04c1-424b-9868-57a2d4851a1d" relativeResultsDirectory="29bf16b5-4cf1-4746-93db-954b7d7e3ce2">
    </UnitTestResult>
    <UnitTestResult executionId="4d3bd360-ab6a-438a-9400-e9b714302fb9" testId="4050e997-a130-e455-f0aa-c2003360c489" testName="GetAlphabetsWithLikelihoodsTest2" computerName="MACBOOK-WIN7" duration="00:00:00.0172850" startTime="2012-07-13T15:23:06.6769843-04:00" endTime="2012-07-13T15:23:06.7059859-04:00" testType="13cdc9d9-ddb5-4fa4-a97d-d965ccfc6d4b" outcome="Passed" testListId="8c84fa94-04c1-424b-9868-57a2d4851a1d" relativeResultsDirectory="4d3bd360-ab6a-438a-9400-e9b714302fb9">
    </UnitTestResult>
    <UnitTestResult executionId="3ae297f2-bb43-416e-8085-5a104bd43792" testId="4517ac27-71db-2528-43bd-593ea40ca0b6" testName="GetAlphabetsWithLikelihoodsTest1" computerName="MACBOOK-WIN7" duration="00:00:00.0028708" startTime="2012-07-13T15:23:06.7099862-04:00" endTime="2012-07-13T15:23:06.7209868-04:00" testType="13cdc9d9-ddb5-4fa4-a97d-d965ccfc6d4b" outcome="Passed" testListId="8c84fa94-04c1-424b-9868-57a2d4851a1d" relativeResultsDirectory="3ae297f2-bb43-416e-8085-5a104bd43792">
    </UnitTestResult>
    <UnitTestResult executionId="ab9db927-da78-4331-acb7-5387bd660312" testId="60346bc6-447b-1856-4996-1496b72a2196" testName="TestExpectationVector" computerName="MACBOOK-WIN7" duration="00:00:00.0144509" startTime="2012-07-13T15:23:06.7249870-04:00" endTime="2012-07-13T15:23:06.7499885-04:00" testType="13cdc9d9-ddb5-4fa4-a97d-d965ccfc6d4b" outcome="Passed" testListId="8c84fa94-04c1-424b-9868-57a2d4851a1d" relativeResultsDirectory="ab9db927-da78-4331-acb7-5387bd660312">
      <Output>
        <StdOut>C4: 0
D4: 0
E4: 0.187
F4: 0.187
MIN: G4: -0.137
MAX: A4: 0.187
MIN: B4: 0.127
MAX: C5: 0.592
MIN: C5: -0.187
MAX: B4: 0
MIN: A4: -0.13
G#4: 0.335
MAX: G4: 0.68
MIN: F4: 0.275
MAX: E4: 0.599
D4: 0.275
C#4: 0.275
MAX: C4: 0.659
MIN: B3: 0.187
C4: 0.218</StdOut>
      </Output>
    </UnitTestResult>
    <UnitTestResult executionId="4ac2a75f-5bee-4f0c-a038-260550e1f77c" testId="7dab547a-8352-7397-de2e-8d1272634259" testName="TestShiftRhythmMeasures" computerName="MACBOOK-WIN7" duration="00:00:00.0189638" startTime="2012-07-13T15:23:06.7529886-04:00" endTime="2012-07-13T15:23:06.7809902-04:00" testType="13cdc9d9-ddb5-4fa4-a97d-d965ccfc6d4b" outcome="Passed" testListId="8c84fa94-04c1-424b-9868-57a2d4851a1d" relativeResultsDirectory="4ac2a75f-5bee-4f0c-a038-260550e1f77c">
    </UnitTestResult>
    <UnitTestResult executionId="ce37a451-7303-43bd-b756-06b0afe2f39c" testId="8fbdded3-bfb5-ed36-ea4a-a66afc34622d" testName="GetMajorScaleAlphabetWithTriadOnDegreeTest" computerName="MACBOOK-WIN7" duration="00:00:00.0019934" startTime="2012-07-13T15:23:06.7859905-04:00" endTime="2012-07-13T15:23:06.7969911-04:00" testType="13cdc9d9-ddb5-4fa4-a97d-d965ccfc6d4b" outcome="Passed" testListId="8c84fa94-04c1-424b-9868-57a2d4851a1d" relativeResultsDirectory="ce37a451-7303-43bd-b756-06b0afe2f39c">
    </UnitTestResult>
    <UnitTestResult executionId="8eaa2309-2b1f-45ba-ba6b-4cfb6d5654bb" testId="98e58ba9-e175-0bce-64c9-41e4e689a432" testName="TestGetAlphabets" computerName="MACBOOK-WIN7" duration="00:00:00.0047679" startTime="2012-07-13T15:23:06.8009914-04:00" endTime="2012-07-13T15:23:06.8139921-04:00" testType="13cdc9d9-ddb5-4fa4-a97d-d965ccfc6d4b" outcome="Passed" testListId="8c84fa94-04c1-424b-9868-57a2d4851a1d" relativeResultsDirectory="8eaa2309-2b1f-45ba-ba6b-4cfb6d5654bb">
      <Output>
        <StdOut>Major
1 2 3 4 5 6 7 
2 4 6 1 
4 6 1 
4 6 1 3 
Minor
1 2 3b 4 5 6b 7b 
2 4 6b 1 
4 6b 1 
4 6b 1 3b 
1 2 3b 4 5 6 7 
2 4 6 1 
4 6 1 
4 6 1 3b 
1 2 3b 4 5 6b 7</StdOut>
      </Output>
    </UnitTestResult>
    <UnitTestResult executionId="5eeb0d5a-779f-468a-a662-b9e2176e3d1b" testId="99eef4d8-b42a-db69-936e-d4f83503c233" testName="GetAlphabetFromScaleWithTriadOnDegreeTest" computerName="MACBOOK-WIN7" duration="00:00:00.0075768" startTime="2012-07-13T15:23:06.8179923-04:00" endTime="2012-07-13T15:23:06.8359934-04:00" testType="13cdc9d9-ddb5-4fa4-a97d-d965ccfc6d4b" outcome="Passed" testListId="8c84fa94-04c1-424b-9868-57a2d4851a1d" relativeResultsDirectory="5eeb0d5a-779f-468a-a662-b9e2176e3d1b">
    </UnitTestResult>
    <UnitTestResult executionId="f51aabc9-c60d-45d5-b1f4-1274bd021e54" testId="bf08efd6-6d91-b193-a262-43ecb34dba53" testName="GetAttackPointLevelsTest34" computerName="MACBOOK-WIN7" duration="00:00:00.0041317" startTime="2012-07-13T15:23:06.8399936-04:00" endTime="2012-07-13T15:23:06.8539944-04:00" testType="13cdc9d9-ddb5-4fa4-a97d-d965ccfc6d4b" outcome="Passed" testListId="8c84fa94-04c1-424b-9868-57a2d4851a1d" relativeResultsDirectory="f51aabc9-c60d-45d5-b1f4-1274bd021e54">
    </UnitTestResult>
    <UnitTestResult executionId="162e6747-a8fd-4859-af21-c8fde6478c06" testId="c2d3e0e9-d4e2-a4f0-3b31-76b55c0309f5" testName="GetAttackPointLevelsTest44" computerName="MACBOOK-WIN7" duration="00:00:00.0012338" startTime="2012-07-13T15:23:06.8579946-04:00" endTime="2012-07-13T15:23:06.8689953-04:00" testType="13cdc9d9-ddb5-4fa4-a97d-d965ccfc6d4b" outcome="Passed" testListId="8c84fa94-04c1-424b-9868-57a2d4851a1d" relativeResultsDirectory="162e6747-a8fd-4859-af21-c8fde6478c06">
    </UnitTestResult>
    <UnitTestResult executionId="28d095d9-f403-467e-b7d2-fac5395659de" testId="ec43728e-17fa-a272-1f36-181563a2be47" testName="TestParseMeasures" computerName="MACBOOK-WIN7" duration="00:00:00.0058626" startTime="2012-07-13T15:23:06.8729955-04:00" endTime="2012-07-13T15:23:06.8879964-04:00" testType="13cdc9d9-ddb5-4fa4-a97d-d965ccfc6d4b" outcome="Passed" testListId="8c84fa94-04c1-424b-9868-57a2d4851a1d" relativeResultsDirectory="28d095d9-f403-467e-b7d2-fac5395659de">
    </UnitTestResult>
  </Results>
</TestRun>